Archive member included because of file (symbol)

C:/Espressif/ESP8266_SDK\lib\libmain.a(app_main.o)
                              (call_user_start)
C:/Espressif/ESP8266_SDK\lib\libmain.a(ets_timer.o)
                              C:/Espressif/ESP8266_SDK\lib\libmain.a(app_main.o) (ets_timer_arm_new)
C:/Espressif/ESP8266_SDK\lib\libmain.a(mem_manager.o)
                              C:/Espressif/ESP8266_SDK\lib\libmain.a(app_main.o) (pvPortMalloc)
C:/Espressif/ESP8266_SDK\lib\libmain.a(spi_flash.o)
                              C:/Espressif/ESP8266_SDK\lib\libmain.a(app_main.o) (spi_flash_read)
C:/Espressif/ESP8266_SDK\lib\libmain.a(user_interface.o)
                              C:/Espressif/ESP8266_SDK\lib\libmain.a(app_main.o) (done_cb)
C:/Espressif/ESP8266_SDK\lib\libmain.a(eagle_lib.o)
                              C:/Espressif/ESP8266_SDK\lib\libmain.a(user_interface.o) (ets_sprintf)
C:/Espressif/ESP8266_SDK\lib\libmain.a(eagle_lwip_if.o)
                              C:/Espressif/ESP8266_SDK\lib\libmain.a(user_interface.o) (eagle_lwip_getif)
c:/espressif/xtensa-lx106-elf/bin/../lib/gcc/xtensa-lx106-elf/4.8.2/../../../../xtensa-lx106-elf/lib\libc.a(memcpy.o)
                              C:/Espressif/ESP8266_SDK\lib\libmain.a(user_interface.o) (memcpy)
c:/espressif/xtensa-lx106-elf/bin/../lib/gcc/xtensa-lx106-elf/4.8.2\libgcc.a(_udivsi3.o)
                              C:/Espressif/ESP8266_SDK\lib\libmain.a(app_main.o) (__udivsi3)
c:/espressif/xtensa-lx106-elf/bin/../lib/gcc/xtensa-lx106-elf/4.8.2\libgcc.a(_umodsi3.o)
                              C:/Espressif/ESP8266_SDK\lib\libmain.a(eagle_lib.o) (__umodsi3)
c:/espressif/xtensa-lx106-elf/bin/../lib/gcc/xtensa-lx106-elf/4.8.2\libgcc.a(_muldi3.o)
                              C:/Espressif/ESP8266_SDK\lib\libmain.a(user_interface.o) (__muldi3)
c:/espressif/xtensa-lx106-elf/bin/../lib/gcc/xtensa-lx106-elf/4.8.2\libgcc.a(_umulsidi3.o)
                              c:/espressif/xtensa-lx106-elf/bin/../lib/gcc/xtensa-lx106-elf/4.8.2\libgcc.a(_muldi3.o) (__umulsidi3)
C:/Espressif/ESP8266_SDK\lib\libphy.a(phy.o)
                              C:/Espressif/ESP8266_SDK\lib\libmain.a(app_main.o) (phy_enable_agc)
C:/Espressif/ESP8266_SDK\lib\libphy.a(phy_chip_v6_ana.o)
                              C:/Espressif/ESP8266_SDK\lib\libmain.a(user_interface.o) (test_tout)
C:/Espressif/ESP8266_SDK\lib\libphy.a(phy_chip_v6.o)
                              C:/Espressif/ESP8266_SDK\lib\libphy.a(phy_chip_v6_ana.o) (g_phyFuns)
C:/Espressif/ESP8266_SDK\lib\libphy.a(phy_chip_v6_cal.o)
                              C:/Espressif/ESP8266_SDK\lib\libphy.a(phy_chip_v6.o) (loop_pwctrl_pwdet_error_accum_high_power)
C:/Espressif/ESP8266_SDK\lib\libphy.a(phy_chip_v6_unused.o)
                              C:/Espressif/ESP8266_SDK\lib\libphy.a(phy_chip_v6.o) (chip_v6_set_sense)
C:/Espressif/ESP8266_SDK\lib\libphy.a(phy_sleep.o)
                              C:/Espressif/ESP8266_SDK\lib\libphy.a(phy_chip_v6.o) (pm_set_sleep_cycles)
C:/Espressif/ESP8266_SDK\lib\libpp.a(lmac.o)
                              C:/Espressif/ESP8266_SDK\lib\libmain.a(app_main.o) (lmacInit)
C:/Espressif/ESP8266_SDK\lib\libpp.a(pm.o)
                              C:/Espressif/ESP8266_SDK\lib\libmain.a(user_interface.o) (pm_rtc_clock_cali_proc)
C:/Espressif/ESP8266_SDK\lib\libpp.a(pp.o)
                              C:/Espressif/ESP8266_SDK\lib\libpp.a(pm.o) (pend_flag_noise_check)
C:/Espressif/ESP8266_SDK\lib\libpp.a(rate_control.o)
                              C:/Espressif/ESP8266_SDK\lib\libpp.a(lmac.o) (RC_SetBasicRate)
C:/Espressif/ESP8266_SDK\lib\libpp.a(trc.o)
                              C:/Espressif/ESP8266_SDK\lib\libpp.a(lmac.o) (rcUpdateTxDone)
C:/Espressif/ESP8266_SDK\lib\libpp.a(wdev.o)
                              C:/Espressif/ESP8266_SDK\lib\libpp.a(pp.o) (wDevCtrl)
C:/Espressif/ESP8266_SDK\lib\libpp.a(esf_buf.o)
                              C:/Espressif/ESP8266_SDK\lib\libpp.a(wdev.o) (esf_rx_buf_alloc)
C:/Espressif/ESP8266_SDK\lib\libpp.a(if_hwctrl.o)
                              C:/Espressif/ESP8266_SDK\lib\libpp.a(pm.o) (ic_get_addr)
C:/Espressif/ESP8266_SDK\lib\libnet80211.a(ieee80211.o)
                              C:/Espressif/ESP8266_SDK\lib\libmain.a(app_main.o) (g_ic)
C:/Espressif/ESP8266_SDK\lib\libnet80211.a(ieee80211_crypto.o)
                              C:/Espressif/ESP8266_SDK\lib\libnet80211.a(ieee80211.o) (ieee80211_crypto_attach)
C:/Espressif/ESP8266_SDK\lib\libnet80211.a(ieee80211_ets.o)
                              C:/Espressif/ESP8266_SDK\lib\libpp.a(pm.o) (ieee80211_getmgtframe)
C:/Espressif/ESP8266_SDK\lib\libnet80211.a(ieee80211_hostap.o)
                              C:/Espressif/ESP8266_SDK\lib\libpp.a(pp.o) (TmpSTAAPCloseAP)
C:/Espressif/ESP8266_SDK\lib\libnet80211.a(ieee80211_ht.o)
                              C:/Espressif/ESP8266_SDK\lib\libmain.a(user_interface.o) (ieee80211_ht_attach)
C:/Espressif/ESP8266_SDK\lib\libnet80211.a(ieee80211_input.o)
[...]
Memory Configuration

Name             Origin             Length             Attributes
dport0_0_seg     0x3ff00000         0x00000010
dram0_0_seg      0x3ffe8000         0x00014000
iram1_0_seg      0x40100000         0x00008000
irom0_0_seg      0x40240000         0x00032000
*default*        0x00000000         0xffffffff

Linker script and memory map

LOAD main.o
LOAD bmptk_interface.o
START GROUP
LOAD c:/espressif/xtensa-lx106-elf/bin/../lib/gcc/xtensa-lx106-elf/4.8.2/../../../../xtensa-lx106-elf/lib\libc.a
LOAD c:/espressif/xtensa-lx106-elf/bin/../lib/gcc/xtensa-lx106-elf/4.8.2\libgcc.a
LOAD c:/espressif/xtensa-lx106-elf/bin/../lib/gcc/xtensa-lx106-elf/4.8.2/../../../../xtensa-lx106-elf/lib\libhal.a
LOAD C:/Espressif/ESP8266_SDK\lib\libphy.a
LOAD C:/Espressif/ESP8266_SDK\lib\libpp.a
LOAD C:/Espressif/ESP8266_SDK\lib\libnet80211.a
LOAD C:/Espressif/ESP8266_SDK\lib\liblwip.a
LOAD C:/Espressif/ESP8266_SDK\lib\libwpa.a
LOAD C:/Espressif/ESP8266_SDK\lib\libmain.a
END GROUP
LOAD c:/espressif/xtensa-lx106-elf/bin/../lib/gcc/xtensa-lx106-elf/4.8.2\libgcc.a
                0x40000000                PROVIDE (_memmap_vecbase_reset, 0x40000000)
                0x00000110                _memmap_cacheattr_wb_base = 0x110
                0x00000110                _memmap_cacheattr_wt_base = 0x110
                0x00000220                _memmap_cacheattr_bp_base = 0x220
                0xfffff00f                _memmap_cacheattr_unused_mask = 0xfffff00f
                0x2222211f                _memmap_cacheattr_wb_trapnull = 0x2222211f
                0x2222211f                _memmap_cacheattr_wba_trapnull = 0x2222211f
                0x2222211f                _memmap_cacheattr_wbna_trapnull = 0x2222211f
                0x2222211f                _memmap_cacheattr_wt_trapnull = 0x2222211f
                0x2222222f                _memmap_cacheattr_bp_trapnull = 0x2222222f
                0xfffff11f                _memmap_cacheattr_wb_strict = 0xfffff11f
                0xfffff11f                _memmap_cacheattr_wt_strict = 0xfffff11f
                0xfffff22f                _memmap_cacheattr_bp_strict = 0xfffff22f
                0x22222112                _memmap_cacheattr_wb_allvalid = 0x22222112
                0x22222112                _memmap_cacheattr_wt_allvalid = 0x22222112
                0x22222222                _memmap_cacheattr_bp_allvalid = 0x22222222
                0x2222211f                PROVIDE (_memmap_cacheattr_reset, _memmap_cacheattr_wb_trapnull)

.dport0.rodata  0x3ff00000        0x0
                0x3ff00000                _dport0_rodata_start = ABSOLUTE (.)
 *(.dport0.rodata)
 *(.dport.rodata)
                0x3ff00000                _dport0_rodata_end = ABSOLUTE (.)

.dport0.literal
                0x3ff00000        0x0
                0x3ff00000                _dport0_literal_start = ABSOLUTE (.)
 *(.dport0.literal)
 *(.dport.literal)
                0x3ff00000                _dport0_literal_end = ABSOLUTE (.)

.dport0.data    0x3ff00000        0x0
                0x3ff00000                _dport0_data_start = ABSOLUTE (.)
 *(.dport0.data)
 *(.dport.data)
                0x3ff00000                _dport0_data_end = ABSOLUTE (.)

.data           0x3ffe8000      0xa58
                0x3ffe8000                _data_start = ABSOLUTE (.)
 *(.data)
 .data          0x3ffe8000       0x80 C:/Espressif/ESP8266_SDK\lib\libmain.a(app_main.o)
 .data          0x3ffe8080        0x4 C:/Espressif/ESP8266_SDK\lib\libmain.a(user_interface.o)
                0x3ffe8081                timer2_ms_flag
                0x3ffe8082                dhcps_flag
                0x3ffe8083                dhcpc_flag
 *fill*         0x3ffe8084        0xc 
 .data          0x3ffe8090       0x53 C:/Espressif/ESP8266_SDK\lib\libphy.a(phy_chip_v6.o)
                0x3ffe8092                tx_rf_ana_gain
                0x3ffe80b4                tx_pwctrl_atten_init_en
                0x3ffe80c0                rx_gain_swp
                0x3ffe80e0                test_rffreq_txcap
 *fill*         0x3ffe80e3        0xd 
 .data          0x3ffe80f0       0x90 C:/Espressif/ESP8266_SDK\lib\libphy.a(phy_chip_v6_cal.o)
                0x3ffe80f0                dpd_index
                0x3ffe8150                dpd_db2linear
 .data          0x3ffe8180        0x4 C:/Espressif/ESP8266_SDK\lib\libphy.a(phy_sleep.o)
                0x3ffe8180                chip_version
 .data          0x3ffe8184        0x1 C:/Espressif/ESP8266_SDK\lib\libpp.a(pm.o)
 *fill*         0x3ffe8185        0x3 
 .data          0x3ffe8188        0x8 C:/Espressif/ESP8266_SDK\lib\libpp.a(pp.o)
                0x3ffe8188                noise_now
                0x3ffe8189                idle_wait_ms
 .data          0x3ffe8190       0x40 C:/Espressif/ESP8266_SDK\lib\libpp.a(rate_control.o)
 .data          0x3ffe81d0      0x22c C:/Espressif/ESP8266_SDK\lib\libpp.a(trc.o)
 .data          0x3ffe83fc        0x4 C:/Espressif/ESP8266_SDK\lib\libpp.a(wdev.o)
 .data          0x3ffe8400      0x1a8 C:/Espressif/ESP8266_SDK\lib\libnet80211.a(ieee80211_phy.o)
 *fill*         0x3ffe85a8        0x8 
 .data          0x3ffe85b0       0x26 C:/Espressif/ESP8266_SDK\lib\libnet80211.a(ieee80211_proto.o)
                0x3ffe85b0                ieee80211_state_name
                0x3ffe85d0                ieee80211_addr_bcast
 *fill*         0x3ffe85d6        0x2 
 .data          0x3ffe85d8       0x1c C:/Espressif/ESP8266_SDK\lib\libnet80211.a(ieee80211_action.o)
 .data          0x3ffe85f4        0x4 C:/Espressif/ESP8266_SDK\lib\liblwip.a(dhcp.o)
 .data          0x3ffe85f8        0x8 C:/Espressif/ESP8266_SDK\lib\liblwip.a(dhcpserver.o)
 .data          0x3ffe8600        0x8 C:/Espressif/ESP8266_SDK\lib\liblwip.a(tcp.o)
 .data          0x3ffe8608      0x408 c:/espressif/xtensa-lx106-elf/bin/../lib/gcc/xtensa-lx106-elf/4.8.2/../../../../xtensa-lx106-elf/lib\libc.a(impure.o)
                0x3ffe8608                _impure_ptr
 .data          0x3ffe8a10       0x18 C:/Espressif/ESP8266_SDK\lib\libnet80211.a(ieee80211_crypto_ccmp.o)
                0x3ffe8a10                ccmp
 .data          0x3ffe8a28       0x18 C:/Espressif/ESP8266_SDK\lib\libnet80211.a(ieee80211_crypto_tkip.o)
                0x3ffe8a28                tkip
 .data          0x3ffe8a40       0x18 C:/Espressif/ESP8266_SDK\lib\libnet80211.a(ieee80211_crypto_wep.o)
                0x3ffe8a40                wep
 *(.data.*)
 *(.gnu.linkonce.d.*)
 *(.data1)
 *(.sdata)
 *(.sdata.*)
 *(.gnu.linkonce.s.*)
 *(.sdata2)
 *(.sdata2.*)
 *(.gnu.linkonce.s2.*)
 *(.jcr)
                0x3ffe8a58                _data_end = ABSOLUTE (.)

.rodata         0x3ffe8a60      0xc80
                0x3ffe8a60                _rodata_start = ABSOLUTE (.)
 *(.rodata)
 .rodata        0x3ffe8a60        0x2 C:/Espressif/ESP8266_SDK\lib\libmain.a(mem_manager.o)
 *fill*         0x3ffe8a62        0x2 
 .rodata        0x3ffe8a64        0x8 C:/Espressif/ESP8266_SDK\lib\libmain.a(eagle_lib.o)
 .rodata        0x3ffe8a6c        0x8 C:/Espressif/ESP8266_SDK\lib\libphy.a(phy_chip_v6.o)
 .rodata        0x3ffe8a74        0x4 C:/Espressif/ESP8266_SDK\lib\libnet80211.a(ieee80211_hostap.o)
 .rodata        0x3ffe8a78        0x4 C:/Espressif/ESP8266_SDK\lib\libnet80211.a(ieee80211_output.o)
 *fill*         0x3ffe8a7c        0x4 
 .rodata        0x3ffe8a80       0x70 C:/Espressif/ESP8266_SDK\lib\libnet80211.a(ieee80211_proto.o)
 .rodata        0x3ffe8af0        0x8 C:/Espressif/ESP8266_SDK\lib\libnet80211.a(wl_cnx.o)
 .rodata        0x3ffe8af8        0x8 C:/Espressif/ESP8266_SDK\lib\liblwip.a(dhcpserver.o)
 .rodata        0x3ffe8b00        0xc C:/Espressif/ESP8266_SDK\lib\liblwip.a(etharp.o)
                0x3ffe8b00                ethbroadcast
                0x3ffe8b06                ethzero
 .rodata        0x3ffe8b0c        0x8 C:/Espressif/ESP8266_SDK\lib\liblwip.a(ip_addr.o)
                0x3ffe8b0c                ip_addr_any
                0x3ffe8b10                ip_addr_broadcast
 *fill*         0x3ffe8b14        0xc 
 .rodata        0x3ffe8b20       0x14 C:/Espressif/ESP8266_SDK\lib\liblwip.a(memp.o)
                0x3ffe8b20                memp_sizes
 *fill*         0x3ffe8b34        0xc 
 .rodata        0x3ffe8b40       0x5c C:/Espressif/ESP8266_SDK\lib\liblwip.a(tcp.o)
                0x3ffe8b40                tcp_pcb_lists
                0x3ffe8b50                tcp_persist_backoff
                0x3ffe8b60                tcp_backoff
                0x3ffe8b70                tcp_state_str
 *fill*         0x3ffe8b9c        0x4 
 .rodata        0x3ffe8ba0        0x6 C:/Espressif/ESP8266_SDK\lib\libwpa.a(ap_config.o)
 *fill*         0x3ffe8ba6        0x2 
 .rodata        0x3ffe8ba8        0x8 C:/Espressif/ESP8266_SDK\lib\libwpa.a(wpa.o)
 .rodata        0x3ffe8bb0        0xc C:/Espressif/ESP8266_SDK\lib\libwpa.a(wpa_common.o)
 .rodata        0x3ffe8bbc      0x100 c:/espressif/xtensa-lx106-elf/bin/../lib/gcc/xtensa-lx106-elf/4.8.2\libgcc.a(_popcount_tab.o)
                0x3ffe8bbc                __popcount_tab
 *(.rodata.*)
 .rodata.str1.4
                0x3ffe8cbc       0xff C:/Espressif/ESP8266_SDK\lib\libmain.a(app_main.o)
 *fill*         0x3ffe8dbb        0x1 
 .rodata.str1.4
                0x3ffe8dbc        0xf C:/Espressif/ESP8266_SDK\lib\libmain.a(ets_timer.o)
 *fill*         0x3ffe8dcb        0x1 
 .rodata.str1.4
                0x3ffe8dcc       0x10 C:/Espressif/ESP8266_SDK\lib\libmain.a(mem_manager.o)
 .rodata.str1.4
                0x3ffe8ddc      0x119 C:/Espressif/ESP8266_SDK\lib\libmain.a(user_interface.o)
                                0x126 (size before relaxing)
 *fill*         0x3ffe8ef5        0x3 
 .rodata.str1.4
                0x3ffe8ef8       0x17 C:/Espressif/ESP8266_SDK\lib\libmain.a(eagle_lwip_if.o)
                                 0x47 (size before relaxing)
 *fill*         0x3ffe8f0f        0x1 
 .rodata.str1.4
                0x3ffe8f10       0x3d C:/Espressif/ESP8266_SDK\lib\libphy.a(phy_chip_v6_ana.o)
                                 0x45 (size before relaxing)
 *fill*         0x3ffe8f4d        0x3 
 .rodata.str1.4
                0x3ffe8f50       0xca C:/Espressif/ESP8266_SDK\lib\libphy.a(phy_chip_v6.o)
                                 0xce (size before relaxing)
 *fill*         0x3ffe901a        0x2 
 .rodata.str1.4
                0x3ffe901c      0x179 C:/Espressif/ESP8266_SDK\lib\libphy.a(phy_chip_v6_cal.o)
 *fill*         0x3ffe9195        0x3 
 .rodata.str1.4
                0x3ffe9198       0x1d C:/Espressif/ESP8266_SDK\lib\libphy.a(phy_chip_v6_unused.o)
 *fill*         0x3ffe91b5        0x3 
 .rodata.str1.4
                0x3ffe91b8       0x2b C:/Espressif/ESP8266_SDK\lib\libpp.a(lmac.o)
                                 0x33 (size before relaxing)
 *fill*         0x3ffe91e3        0x1 
 .rodata.str1.4
                0x3ffe91e4      0x15b C:/Espressif/ESP8266_SDK\lib\libpp.a(pm.o)
                                0x17f (size before relaxing)
 *fill*         0x3ffe933f        0x1 
 .rodata.str1.4
                0x3ffe9340       0x16 C:/Espressif/ESP8266_SDK\lib\libpp.a(pp.o)
                                 0x1e (size before relaxing)
 *fill*         0x3ffe9356        0x2 
 .rodata.str1.4
                0x3ffe9358       0x39 C:/Espressif/ESP8266_SDK\lib\libpp.a(trc.o)
 *fill*         0x3ffe9391        0x3 
 .rodata.str1.4
                0x3ffe9394        0xd C:/Espressif/ESP8266_SDK\lib\libpp.a(wdev.o)
                                 0x15 (size before relaxing)
 *fill*         0x3ffe93a1        0x3 
 .rodata.str1.4
                0x3ffe93a4       0x44 C:/Espressif/ESP8266_SDK\lib\libpp.a(if_hwctrl.o)
 .rodata.str1.4
                0x3ffe93e8       0x37 C:/Espressif/ESP8266_SDK\lib\libnet80211.a(ieee80211.o)
                                 0x42 (size before relaxing)
 *fill*         0x3ffe941f        0x1 
 .rodata.str1.4
                0x3ffe9420       0x19 C:/Espressif/ESP8266_SDK\lib\libnet80211.a(ieee80211_ht.o)
 *fill*         0x3ffe9439        0x3 
 .rodata.str1.4
                0x3ffe943c       0x27 C:/Espressif/ESP8266_SDK\lib\libnet80211.a(ieee80211_output.o)
                                 0x2f (size before relaxing)
 *fill*         0x3ffe9463        0x1 
 .rodata.str1.4
                0x3ffe9464       0x32 C:/Espressif/ESP8266_SDK\lib\libnet80211.a(ieee80211_proto.o)
 *fill*         0x3ffe9496        0x2 
 .rodata.str1.4
                0x3ffe9498       0x24 C:/Espressif/ESP8266_SDK\lib\libnet80211.a(ieee80211_scan.o)
 .rodata.str1.4
                0x3ffe94bc       0x99 C:/Espressif/ESP8266_SDK\lib\libnet80211.a(wl_cnx.o)
 *fill*         0x3ffe9555        0x3 
 .rodata.str1.4
                0x3ffe9558       0x25 C:/Espressif/ESP8266_SDK\lib\liblwip.a(dhcpserver.o)
 *fill*         0x3ffe957d        0x3 
 .rodata.str1.4
                0x3ffe9580        0xf C:/Espressif/ESP8266_SDK\lib\liblwip.a(dns.o)
 *fill*         0x3ffe958f        0x1 
 .rodata.str1.4
                0x3ffe9590       0x11 C:/Espressif/ESP8266_SDK\lib\liblwip.a(ip.o)
 *fill*         0x3ffe95a1        0x3 
 .rodata.str1.4
                0x3ffe95a4       0x76 C:/Espressif/ESP8266_SDK\lib\liblwip.a(tcp.o)
 *fill*         0x3ffe961a        0x2 
 .rodata.str1.4
                0x3ffe961c       0x3c C:/Espressif/ESP8266_SDK\lib\libwpa.a(wpa_auth.o)
                                 0x43 (size before relaxing)
 .rodata.str1.4
                0x00000000       0x17 C:/Espressif/ESP8266_SDK\lib\libwpa.a(wpa.o)
 .rodata.str1.4
                0x3ffe9658       0x45 C:/Espressif/ESP8266_SDK\lib\libwpa.a(wpa_common.o)
 *fill*         0x3ffe969d        0x3 
 .rodata.str1.4
                0x3ffe96a0       0x36 C:/Espressif/ESP8266_SDK\lib\libwpa.a(wpa_main.o)
 .rodata.str1.4
                0x00000000       0x38 c:/espressif/xtensa-lx106-elf/bin/../lib/gcc/xtensa-lx106-elf/4.8.2/../../../../xtensa-lx106-elf/lib\libc.a(impure.o)
                                  0x2 (size before relaxing)
 *(.gnu.linkonce.r.*)
 *(.rodata1)
                0x3ffe96d6                __XT_EXCEPTION_TABLE__ = ABSOLUTE (.)
 *(.xt_except_table)
 *(.gcc_except_table)
 *(.gnu.linkonce.e.*)
 *(.gnu.version_r)
 *(.eh_frame)
 *crtbegin.o(.ctors)
 *(EXCLUDE_FILE(*crtend.o) .ctors)
 *(SORT(.ctors.*))
 *(.ctors)
 *crtbegin.o(.dtors)
 *(EXCLUDE_FILE(*crtend.o) .dtors)
 *(SORT(.dtors.*))
 *(.dtors)
                0x3ffe96d6                __XT_EXCEPTION_DESCS__ = ABSOLUTE (.)
 *(.xt_except_desc)
 *(.gnu.linkonce.h.*)
                0x3ffe96d6                __XT_EXCEPTION_DESCS_END__ = ABSOLUTE (.)
 *(.xt_except_desc_end)
 *(.dynamic)
 *(.gnu.version_d)
                0x3ffe96d8                . = ALIGN (0x4)
 *fill*         0x3ffe96d6        0x2 
                0x3ffe96d8                _bss_table_start = ABSOLUTE (.)
                0x3ffe96d8        0x4 LONG 0x3ffe96e0 _bss_start
                0x3ffe96dc        0x4 LONG 0x3fff1188 _bss_end
                0x3ffe96e0                _bss_table_end = ABSOLUTE (.)
                0x3ffe96e0                _rodata_end = ABSOLUTE (.)

.bss            0x3ffe96e0     0x7aa8
                0x3ffe96e0                . = ALIGN (0x8)
                0x3ffe96e0                _bss_start = ABSOLUTE (.)
 *(.dynsbss)
 *(.sbss)
 *(.sbss.*)
 *(.gnu.linkonce.sb.*)
 *(.scommon)
 *(.sbss2)
 *(.sbss2.*)
 *(.gnu.linkonce.sb2.*)
 *(.dynbss)
 *(.bss)
 .bss           0x3ffe96e0       0x44 C:/Espressif/ESP8266_SDK\lib\libmain.a(app_main.o)
                0x3ffe96e0                wdt_eventq
                0x3ffe96e8                info
                0x3ffe970c                user_init_flag
                0x3ffe9710                check_timeouts_timer
 .bss           0x3ffe9724       0x18 C:/Espressif/ESP8266_SDK\lib\libmain.a(mem_manager.o)
 *fill*         0x3ffe973c        0x4 
 .bss           0x3ffe9740      0x111 C:/Espressif/ESP8266_SDK\lib\libmain.a(user_interface.o)
                0x3ffe982c                done_cb
                0x3ffe9830                promiscuous_cb
 *fill*         0x3ffe9851        0x3 
 .bss           0x3ffe9854        0x8 C:/Espressif/ESP8266_SDK\lib\libmain.a(eagle_lwip_if.o)
 .bss           0x3ffe985c        0x4 C:/Espressif/ESP8266_SDK\lib\libphy.a(phy.o)
 .bss           0x3ffe9860      0x38b C:/Espressif/ESP8266_SDK\lib\libphy.a(phy_chip_v6.o)
                0x3ffe9860                g_phyFuns
                0x3ffe9864                rxiq_compute_num
                0x3ffe9868                rxdc_init_flag
                0x3ffe986c                check_result
                0x3ffe9870                chip6_sleep_params
                0x3ffe9a48                chip6_phy_init_ctrl
                0x3ffe9ab6                phy_freq_offset
                0x3ffe9ab8                do_pwctrl_flag
                0x3ffe9ab9                pwctrl_debug
                0x3ffe9aba                txbk_dpdby_flag
                0x3ffe9abc                sw_scan_mode
                0x3ffe9ad0                periodic_cal_dc_num
                0x3ffe9ad4                periodic_cal_flag
                0x3ffe9ad5                bbpll_cal_flag
                0x3ffe9ad6                deep_sleep_en
                0x3ffe9ad8                noise_array
                0x3ffe9be0                tx_pwctrl_atten_init
 *fill*         0x3ffe9beb        0x1 
 .bss           0x3ffe9bec        0x6 C:/Espressif/ESP8266_SDK\lib\libphy.a(phy_chip_v6_cal.o)
                0x3ffe9bec                loop_pwctrl_pwdet_error_accum_high_power
                0x3ffe9bee                tx_pwctrl_pk_num
                0x3ffe9bef                loop_pwctrl_correct_atten_high_power
                0x3ffe9bf0                tx_pwctrl_set_chan_flag
                0x3ffe9bf1                rxiq_cover_fail_num
 *fill*         0x3ffe9bf2        0x2 
 .bss           0x3ffe9bf4        0x4 C:/Espressif/ESP8266_SDK\lib\libphy.a(phy_sleep.o)
                0x3ffe9bf4                periodic_cal_sat
                0x3ffe9bf5                software_slp_reject
                0x3ffe9bf6                SDIO_slp_reject
                0x3ffe9bf7                hardware_reject
 *fill*         0x3ffe9bf8        0x8 
 .bss           0x3ffe9c00      0x150 C:/Espressif/ESP8266_SDK\lib\libpp.a(lmac.o)
                0x3ffe9c04                lmacConfMib
 .bss           0x3ffe9d50      0x107 C:/Espressif/ESP8266_SDK\lib\libpp.a(pm.o)
 *fill*         0x3ffe9e57        0x9 
 .bss           0x3ffe9e60      0x232 C:/Espressif/ESP8266_SDK\lib\libpp.a(pp.o)
                0x3ffe9e74                pend_flag_noise_check
                0x3ffe9e78                time_num
                0x3ffe9e7c                pend_flag_periodic_cal
                0x3ffe9e7d                idle_timer_enabled
 *fill*         0x3ffea092        0xe 
 .bss           0x3ffea0a0      0x100 C:/Espressif/ESP8266_SDK\lib\libpp.a(rate_control.o)
 .bss           0x3ffea1a0      0x268 C:/Espressif/ESP8266_SDK\lib\libpp.a(trc.o)
 *fill*         0x3ffea408        0x8 
 .bss           0x3ffea410     0x40c1 C:/Espressif/ESP8266_SDK\lib\libpp.a(wdev.o)
                0x3ffea410                wDevCtrl
 *fill*         0x3ffee4d1        0xf 
 .bss           0x3ffee4e0     0x11bc C:/Espressif/ESP8266_SDK\lib\libpp.a(esf_buf.o)
 *fill*         0x3ffef69c        0x4 
 .bss           0x3ffef6a0       0x30 C:/Espressif/ESP8266_SDK\lib\libpp.a(if_hwctrl.o)
                0x3ffef6a0                interface_mask
                0x3ffef6b0                if_ctrl
 .bss           0x3ffef6d0      0x544 C:/Espressif/ESP8266_SDK\lib\libnet80211.a(ieee80211.o)
                0x3ffef6d0                g_ic
 .bss           0x3ffefc14       0x20 C:/Espressif/ESP8266_SDK\lib\libnet80211.a(ieee80211_hostap.o)
                0x3ffefc2c                TmpSTAAPCloseAP
                0x3ffefc2d                PendFreeBcnEb
 .bss           0x3ffefc34       0xcc C:/Espressif/ESP8266_SDK\lib\libnet80211.a(ieee80211_scan.o)
                0x3ffefc34                gScanStruct
                0x3ffefce8                auth_type
                0x3ffefcea                scannum
 .bss           0x3ffefd00       0x3c C:/Espressif/ESP8266_SDK\lib\libnet80211.a(wl_chm.o)
 *fill*         0x3ffefd3c        0x4 
 .bss           0x3ffefd40      0x710 C:/Espressif/ESP8266_SDK\lib\libnet80211.a(wl_cnx.o)
                0x3fff0448                sta_con_timer
                0x3fff044c                g_cnx_probe_rc_list_cb
 .bss           0x3fff0450       0x38 C:/Espressif/ESP8266_SDK\lib\liblwip.a(dhcp.o)
                0x3fff0450                dhcp_rx_options_given
                0x3fff0460                dhcp_rx_options_val
 .bss           0x3fff0488      0x248 C:/Espressif/ESP8266_SDK\lib\liblwip.a(dhcpserver.o)
                0x3fff0498                s
 .bss           0x3fff06d0      0x690 C:/Espressif/ESP8266_SDK\lib\liblwip.a(dns.o)
 .bss           0x3fff0d60      0x100 C:/Espressif/ESP8266_SDK\lib\liblwip.a(etharp.o)
 .bss           0x3fff0e60       0x10 C:/Espressif/ESP8266_SDK\lib\liblwip.a(ip_addr.o)
 .bss           0x3fff0e70       0x12 C:/Espressif/ESP8266_SDK\lib\liblwip.a(ip.o)
                0x3fff0e70                current_iphdr_dest
                0x3fff0e74                current_iphdr_src
                0x3fff0e78                current_netif
                0x3fff0e7c                current_header
 *fill*         0x3fff0e82        0x2 
 .bss           0x3fff0e84        0x9 C:/Espressif/ESP8266_SDK\lib\liblwip.a(netif.o)
                0x3fff0e84                netif_list
                0x3fff0e88                netif_default
 *fill*         0x3fff0e8d        0x3 
 .bss           0x3fff0e90        0x4 C:/Espressif/ESP8266_SDK\lib\liblwip.a(raw.o)
 .bss           0x3fff0e94       0x34 C:/Espressif/ESP8266_SDK\lib\liblwip.a(tcp_in.o)
                0x3fff0ec4                tcp_input_pcb
 .bss           0x3fff0ec8       0x1c C:/Espressif/ESP8266_SDK\lib\liblwip.a(tcp.o)
                0x3fff0ecc                tcp_active_pcbs
                0x3fff0ed0                tcp_tmp_pcb
                0x3fff0ed4                tcp_tw_pcbs
                0x3fff0ed8                tcp_bound_pcbs
                0x3fff0edc                tcp_listen_pcbs
                0x3fff0ee0                tcp_ticks
 .bss           0x3fff0ee4        0xc C:/Espressif/ESP8266_SDK\lib\liblwip.a(timers.o)
 .bss           0x3fff0ef0        0x4 C:/Espressif/ESP8266_SDK\lib\liblwip.a(udp.o)
                0x3fff0ef0                udp_pcbs
 .bss           0x3fff0ef4        0xc C:/Espressif/ESP8266_SDK\lib\liblwip.a(igmp.o)
 .bss           0x3fff0f00      0x27a C:/Espressif/ESP8266_SDK\lib\libwpa.a(wpa.o)
 *fill*         0x3fff117a        0x6 
 .bss           0x3fff1180        0x8 C:/Espressif/ESP8266_SDK\lib\libnet80211.a(ieee80211_crypto_tkip.o)
 *(.bss.*)
 *(.gnu.linkonce.b.*)
 *(COMMON)
                0x3fff1188                . = ALIGN (0x8)
                0x3fff1188                _bss_end = ABSOLUTE (.)
                0x3fff1188                _heap_start = ABSOLUTE (.)

.text           0x40100000     0x609e
                0x40100000                _stext = .
                0x40100000                _text_start = ABSOLUTE (.)
 *(.entry.text)
 *(.init.literal)
 *(.init)
 *(.literal .text .literal.* .text.* .stub .gnu.warning .gnu.linkonce.literal.* .gnu.linkonce.t.*.literal .gnu.linkonce.t.*)
 .text.user_init
                0x40100000       0x7c main.o
                                 0x84 (size before relaxing)
                0x40100018                user_init
 .text          0x4010007c      0x369 C:/Espressif/ESP8266_SDK\lib\libmain.a(app_main.o)
                                0x3a5 (size before relaxing)
                0x40100080                call_user_start
                0x40100128                wdt_feed
 *fill*         0x401003e5        0x3 
 .text          0x401003e8       0xd5 C:/Espressif/ESP8266_SDK\lib\libmain.a(ets_timer.o)
                                 0xe5 (size before relaxing)
                0x40100404                ets_timer_arm_new
 *fill*         0x401004bd        0x3 
 .text          0x401004c0      0x1d1 C:/Espressif/ESP8266_SDK\lib\libmain.a(mem_manager.o)
                                0x1f1 (size before relaxing)
                0x401004dc                pvPortMalloc
                0x40100594                vPortFree
                0x401005d4                pvPortCalloc
                0x401005fc                pvPortZalloc
                0x40100610                pvPortRealloc
                0x40100648                vPortInitialiseBlocks
 *fill*         0x40100691        0x3 
 .text          0x40100694      0x137 C:/Espressif/ESP8266_SDK\lib\libmain.a(spi_flash.o)
                                0x15f (size before relaxing)
                0x401006a4                spi_flash_get_id
                0x40100708                spi_flash_erase_sector
                0x4010073c                spi_flash_write
                0x4010078c                spi_flash_read
 *fill*         0x401007cb        0x1 
 .text          0x401007cc      0x124 C:/Espressif/ESP8266_SDK\lib\libmain.a(user_interface.o)
                                0x148 (size before relaxing)
                0x401007d0                system_restore
                0x4010081c                system_os_post
                0x40100848                system_rtc_mem_write
                0x4010089c                system_rtc_mem_read
 .literal       0x401008f0        0x0 c:/espressif/xtensa-lx106-elf/bin/../lib/gcc/xtensa-lx106-elf/4.8.2\libgcc.a(_muldi3.o)
                                  0x4 (size before relaxing)
 .literal       0x401008f0       0x10 c:/espressif/xtensa-lx106-elf/bin/../lib/gcc/xtensa-lx106-elf/4.8.2/../../../../xtensa-lx106-elf/lib\libc.a(rand.o)
                                 0x18 (size before relaxing)
 .literal       0x40100900        0x8 c:/espressif/xtensa-lx106-elf/bin/../lib/gcc/xtensa-lx106-elf/4.8.2/../../../../xtensa-lx106-elf/lib\libc.a(strlen.o)
                                  0xc (size before relaxing)
 .literal       0x40100908        0x4 c:/espressif/xtensa-lx106-elf/bin/../lib/gcc/xtensa-lx106-elf/4.8.2\libgcc.a(_addsubsf3.o)
                                  0xc (size before relaxing)
 .literal       0x4010090c        0x0 c:/espressif/xtensa-lx106-elf/bin/../lib/gcc/xtensa-lx106-elf/4.8.2\libgcc.a(_mulsf3.o)
                                 0x10 (size before relaxing)
 .literal       0x4010090c        0x0 c:/espressif/xtensa-lx106-elf/bin/../lib/gcc/xtensa-lx106-elf/4.8.2\libgcc.a(_divsf3.o)
                                 0x10 (size before relaxing)
 .literal       0x4010090c        0x0 c:/espressif/xtensa-lx106-elf/bin/../lib/gcc/xtensa-lx106-elf/4.8.2\libgcc.a(_fixsfsi.o)
                                  0x4 (size before relaxing)
 .literal       0x4010090c        0x0 c:/espressif/xtensa-lx106-elf/bin/../lib/gcc/xtensa-lx106-elf/4.8.2\libgcc.a(_fixunssfsi.o)
                                  0x4 (size before relaxing)
 .literal       0x4010090c        0x8 c:/espressif/xtensa-lx106-elf/bin/../lib/gcc/xtensa-lx106-elf/4.8.2\libgcc.a(_muldf3.o)
                                 0x10 (size before relaxing)
 .literal       0x40100914        0x0 c:/espressif/xtensa-lx106-elf/bin/../lib/gcc/xtensa-lx106-elf/4.8.2\libgcc.a(_divdf3.o)
                                 0x10 (size before relaxing)
 .literal       0x40100914        0x0 c:/espressif/xtensa-lx106-elf/bin/../lib/gcc/xtensa-lx106-elf/4.8.2\libgcc.a(_fixdfsi.o)
                                  0x4 (size before relaxing)
 .literal       0x40100914        0x4 c:/espressif/xtensa-lx106-elf/bin/../lib/gcc/xtensa-lx106-elf/4.8.2\libgcc.a(_truncdfsf2.o)
                                  0x8 (size before relaxing)
 .literal       0x40100918        0x4 c:/espressif/xtensa-lx106-elf/bin/../lib/gcc/xtensa-lx106-elf/4.8.2\libgcc.a(_popcountsi2.o)
 .literal       0x4010091c        0x0 c:/espressif/xtensa-lx106-elf/bin/../lib/gcc/xtensa-lx106-elf/4.8.2\libgcc.a(_divdi3.o)
                                 0x48 (size before relaxing)
 .literal       0x4010091c        0x0 c:/espressif/xtensa-lx106-elf/bin/../lib/gcc/xtensa-lx106-elf/4.8.2\libgcc.a(_umoddi3.o)
                                 0x40 (size before relaxing)
 .text          0x4010091c       0x36 c:/espressif/xtensa-lx106-elf/bin/../lib/gcc/xtensa-lx106-elf/4.8.2\libgcc.a(_muldi3.o)
                0x4010091c                __muldi3
 *fill*         0x40100952        0x2 
 .text          0x40100954       0x4f C:/Espressif/ESP8266_SDK\lib\libphy.a(phy.o)
                                 0x53 (size before relaxing)
                0x4010095c                register_phy_ops
                0x4010097c                phy_change_channel
                0x40100998                phy_get_mactime
 *fill*         0x401009a3        0x1 
 .text          0x401009a4       0xf3 C:/Espressif/ESP8266_SDK\lib\libphy.a(phy_sleep.o)
                                0x103 (size before relaxing)
                0x401009b0                pm_rtc_clock_cali
                0x40100a6c                clockgate_watchdog
 *fill*         0x40100a97        0x1 
 .text          0x40100a98     0x13fa C:/Espressif/ESP8266_SDK\lib\libpp.a(lmac.o)
                               0x1766 (size before relaxing)
                0x40100a9c                lmacIsActive
                0x40100ab0                lmacIsIdle
                0x40100e78                lmacSetAcParam
                0x40100ecc                lmacProcessTXStartData
                0x40101074                lmacProcessTxSuccess
                0x401011ac                GetAccess
                0x401011b8                lmacDiscardAgedMSDU
                0x401011cc                lmacRecycleMPDU
                0x401016c0                lmacProcessCollisions
                0x4010171c                lmacProcessCollision
                0x40101794                lmacMSDUAged
                0x40101b18                lmacProcessCtsTimeout
                0x40101b60                lmacProcessAckTimeout
                0x40101b9c                lmacProcessRtsStart
                0x40101ba8                lmacProcessTxRtsError
                0x40101c44                lmacProcessTxError
                0x40101ccc                lmacTxFrame
                0x40101e7c                lmacRxDone
 *fill*         0x40101e92        0x2 
 .text          0x40101e94      0xdac C:/Espressif/ESP8266_SDK\lib\libpp.a(pp.o)
                                0xf1c (size before relaxing)
                0x40101ebc                ppProcessWaitQ
                0x40101ed0                ppRecycleRxPkt
                0x40101f2c                ppCheckTxIdle
                0x401021e8                ppProcessTxQ
                0x40102260                ppGetTxQFirstAvail_Locked
                0x401022b0                ppFetchTxQFirstAvail
                0x401022f0                ppDequeueTxQ
                0x40102318                ppRollBackTxQ
                0x4010233c                ppRecordBarRRC
                0x4010234c                ppTxqUpdateBitmap
                0x40102370                ppEnqueueTxDone
                0x401023e0                ppEnqueueRxq
                0x40102ae8                ppDiscardMPDU
                0x40102b0c                pp_post
                0x40102b54                ppCalTxop
                0x40102bd0                ppCalFrameTimes
 .text          0x40102c40       0xf5 C:/Espressif/ESP8266_SDK\lib\libpp.a(rate_control.o)
                                0x109 (size before relaxing)
                0x40102c60                RC_GetAckRate
                0x40102c6c                RC_GetRtsRate
                0x40102c7c                RC_GetAckTime
                0x40102c90                RC_GetCtsTime
                0x40102cc8                RC_GetBlockAckTime
 *fill*         0x40102d35        0x3 
 .text          0x40102d38      0x7f9 C:/Espressif/ESP8266_SDK\lib\libpp.a(trc.o)
                                0x81d (size before relaxing)
                0x40102eb0                rcUpdateTxDone
                0x40102f44                rcUpdateRxDone
                0x40102fa0                rcUpdateDataRxDone
                0x40102fb8                rcGetSched
                0x40103060                rcGetRate
                0x40103464                rcReachRetryLimit
                0x4010347c                trc_NeedRTS
 *fill*         0x40103531        0x3 
 .text          0x40103534      0xc84 C:/Espressif/ESP8266_SDK\lib\libpp.a(wdev.o)
                                0xea8 (size before relaxing)
                0x401037d0                wDev_ProcessFiq
                0x40103a68                wDev_EnableTransmit
                0x40103aac                wDev_DisableTransmit
                0x40103acc                Tx_Copy2Queue
                0x40103b14                wDev_ProcessCollision
                0x40103b38                wDev_GetTxqCollisions
                0x40103b4c                wDev_ClearTxqCollisions
                0x40103b68                wDev_SetWaitingQueue
                0x40103bb4                wDev_ClearWaitingQueue
                0x40103bd8                wDev_SetFrameAckType
                0x40103c34                wDev_AppendRxBlocks
                0x40103d34                wDev_GetBAInfo
                0x40103d64                wDevDisableRx
                0x40103da4                wdev_go_sniffer
 .text          0x401041b8      0x25e C:/Espressif/ESP8266_SDK\lib\libpp.a(esf_buf.o)
                                0x2fa (size before relaxing)
                0x401041bc                esf_rx_buf_alloc
                0x40104210                esf_buf_alloc
                0x40104334                esf_buf_recycle
 *fill*         0x40104416        0x2 
 .text          0x40104418       0x3d C:/Espressif/ESP8266_SDK\lib\libnet80211.a(ieee80211_sta.o)
                                 0x41 (size before relaxing)
                0x4010441c                wifi_station_stop
 *fill*         0x40104455        0x3 
 .text          0x40104458       0xcb C:/Espressif/ESP8266_SDK\lib\libnet80211.a(wl_chm.o)
                                 0xe7 (size before relaxing)
                0x4010445c                chm_acquire_lock
                0x401044a0                chm_release_lock
                0x401044b8                chm_cancel_op
                0x401044f0                chm_return_home_channel
                0x4010451c                chm_get_current_channel
 *fill*         0x40104523        0x1 
 .text          0x40104524       0x21 C:/Espressif/ESP8266_SDK\lib\liblwip.a(dns.o)
                0x4010452c                dns_tmr
 *fill*         0x40104545        0x3 
 .text          0x40104548       0x2f C:/Espressif/ESP8266_SDK\lib\liblwip.a(etharp.o)
                                 0x37 (size before relaxing)
 *fill*         0x40104577        0x1 
 .text          0x40104578      0x1c4 C:/Espressif/ESP8266_SDK\lib\liblwip.a(tcp.o)
                                0x1e0 (size before relaxing)
 .text          0x4010473c      0x15c C:/Espressif/ESP8266_SDK\lib\liblwip.a(tcp_out.o)
                                0x164 (size before relaxing)
 .text          0x40104898       0xb0 C:/Espressif/ESP8266_SDK\lib\liblwip.a(timers.o)
                                 0xc0 (size before relaxing)
 .text          0x40104948       0x15 C:/Espressif/ESP8266_SDK\lib\libwpa.a(wpa.o)
                                 0x1d (size before relaxing)
 *fill*         0x4010495d        0x3 
 .text          0x40104960       0x1e C:/Espressif/ESP8266_SDK\lib\libwpa.a(wpa_main.o)
                                 0x26 (size before relaxing)
                0x40104960                dhcp_bind_check
 *fill*         0x4010497e        0x2 
 .text          0x40104980       0x4b c:/espressif/xtensa-lx106-elf/bin/../lib/gcc/xtensa-lx106-elf/4.8.2/../../../../xtensa-lx106-elf/lib\libc.a(rand.o)
                                 0x4f (size before relaxing)
                0x40104980                srand
                0x40104990                rand
 *fill*         0x401049cb        0x1 
 .text          0x401049cc       0x5b c:/espressif/xtensa-lx106-elf/bin/../lib/gcc/xtensa-lx106-elf/4.8.2/../../../../xtensa-lx106-elf/lib\libc.a(strlen.o)
                0x401049cc                strlen
 *fill*         0x40104a27        0x1 
 .text          0x40104a28      0x1ff c:/espressif/xtensa-lx106-elf/bin/../lib/gcc/xtensa-lx106-elf/4.8.2\libgcc.a(_addsubsf3.o)
                0x40104a44                __addsf3
                0x40104b2c                __subsf3
 *fill*         0x40104c27        0x1 
 .text          0x40104c28      0x15d c:/espressif/xtensa-lx106-elf/bin/../lib/gcc/xtensa-lx106-elf/4.8.2\libgcc.a(_mulsf3.o)
                0x40104ca0                __mulsf3
 *fill*         0x40104d85        0x3 
 .text          0x40104d88      0x135 c:/espressif/xtensa-lx106-elf/bin/../lib/gcc/xtensa-lx106-elf/4.8.2\libgcc.a(_divsf3.o)
                0x40104e04                __divsf3
 *fill*         0x40104ebd        0x3 
 .text          0x40104ec0       0x40 c:/espressif/xtensa-lx106-elf/bin/../lib/gcc/xtensa-lx106-elf/4.8.2\libgcc.a(_fixsfsi.o)
                0x40104ec0                __fixsfsi
 .text          0x40104f00       0x51 c:/espressif/xtensa-lx106-elf/bin/../lib/gcc/xtensa-lx106-elf/4.8.2\libgcc.a(_fixunssfsi.o)
                0x40104f00                __fixunssfsi
 *fill*         0x40104f51        0x3 
 .text          0x40104f54      0x29b c:/espressif/xtensa-lx106-elf/bin/../lib/gcc/xtensa-lx106-elf/4.8.2\libgcc.a(_muldf3.o)
                0x40105034                __muldf3
 *fill*         0x401051ef        0x1 
 .text          0x401051f0      0x20b c:/espressif/xtensa-lx106-elf/bin/../lib/gcc/xtensa-lx106-elf/4.8.2\libgcc.a(_divdf3.o)
                0x401052d8                __divdf3
 *fill*         0x401053fb        0x1 
 .text          0x401053fc       0x48 c:/espressif/xtensa-lx106-elf/bin/../lib/gcc/xtensa-lx106-elf/4.8.2\libgcc.a(_fixdfsi.o)
                0x401053fc                __fixdfsi
 .text          0x40105444       0xa0 c:/espressif/xtensa-lx106-elf/bin/../lib/gcc/xtensa-lx106-elf/4.8.2\libgcc.a(_truncdfsf2.o)
                0x40105444                __truncdfsf2
 .text          0x401054e4       0x21 c:/espressif/xtensa-lx106-elf/bin/../lib/gcc/xtensa-lx106-elf/4.8.2\libgcc.a(_popcountsi2.o)
                0x401054e4                __popcountsi2
 *fill*         0x40105505        0x3 
 .text          0x40105508      0x3eb c:/espressif/xtensa-lx106-elf/bin/../lib/gcc/xtensa-lx106-elf/4.8.2\libgcc.a(_divdi3.o)
                                0x41b (size before relaxing)
                0x40105508                __divdi3
 *fill*         0x401058f3        0x1 
 .text          0x401058f4      0x33a c:/espressif/xtensa-lx106-elf/bin/../lib/gcc/xtensa-lx106-elf/4.8.2\libgcc.a(_umoddi3.o)
                                0x366 (size before relaxing)
                0x401058f4                __umoddi3
 *fill*         0x40105c2e        0x0 
 *fill*         0x40105c2e        0x0 
 *fill*         0x40105c2e        0x0 
 *fill*         0x40105c2e        0x2 
 .text          0x40105c30      0x145 c:/espressif/xtensa-lx106-elf/bin/../lib/gcc/xtensa-lx106-elf/4.8.2/../../../../xtensa-lx106-elf/lib\libc.a(memcpy.o)
                0x40105c74                memcpy
 *fill*         0x40105d75        0x3 
 .text          0x40105d78       0x4c c:/espressif/xtensa-lx106-elf/bin/../lib/gcc/xtensa-lx106-elf/4.8.2\libgcc.a(_udivsi3.o)
                0x40105d78                __udivsi3
 .text          0x40105dc4       0x39 c:/espressif/xtensa-lx106-elf/bin/../lib/gcc/xtensa-lx106-elf/4.8.2\libgcc.a(_umodsi3.o)
                0x40105dc4                __umodsi3
 *fill*         0x40105dfd        0x0 
 *fill*         0x40105dfd        0x3 
 .text          0x40105e00       0x48 c:/espressif/xtensa-lx106-elf/bin/../lib/gcc/xtensa-lx106-elf/4.8.2\libgcc.a(_umulsidi3.o)
                0x40105e00                __umulsidi3
 *fill*         0x40105e48        0x0 
 .text          0x40105e48        0x2 C:/Espressif/ESP8266_SDK\lib\libphy.a(phy_chip_v6.o)
                0x40105e48                ram_tx_mac_disable
 *fill*         0x40105e4a        0x0 
 *fill*         0x40105e4a        0x0 
 *fill*         0x40105e4a        0x0 
 *fill*         0x40105e4a        0x0 
 *fill*         0x40105e4a        0x0 
 *fill*         0x40105e4a        0x2 
 .text          0x40105e4c       0x25 C:/Espressif/ESP8266_SDK\lib\libnet80211.a(ieee80211_hostap.o)
 *fill*         0x40105e71        0x3 
 .text          0x40105e74       0x56 C:/Espressif/ESP8266_SDK\lib\libnet80211.a(ieee80211_input.o)
                0x40105e74                ieee80211_parse_action
 *fill*         0x40105eca        0x0 
 *fill*         0x40105eca        0x0 
 *fill*         0x40105eca        0x0 
 *fill*         0x40105eca        0x0 
 *fill*         0x40105eca        0x2 
 .text          0x40105ecc       0x11 C:/Espressif/ESP8266_SDK\lib\libwpa.a(wpa_auth.o)
 *fill*         0x40105edd        0x0 
 *fill*         0x40105edd        0x0 
 *fill*         0x40105edd        0x3 
 .text          0x40105ee0       0x7c c:/espressif/xtensa-lx106-elf/bin/../lib/gcc/xtensa-lx106-elf/4.8.2/../../../../xtensa-lx106-elf/lib\libc.a(memset.o)
                0x40105f0c                memset
 *fill*         0x40105f5c        0x0 
 *fill*         0x40105f5c        0x0 
 .text          0x40105f5c       0x64 c:/espressif/xtensa-lx106-elf/bin/../lib/gcc/xtensa-lx106-elf/4.8.2\libgcc.a(_divsi3.o)
                0x40105f5c                __divsi3
 .text          0x40105fc0       0x49 c:/espressif/xtensa-lx106-elf/bin/../lib/gcc/xtensa-lx106-elf/4.8.2\libgcc.a(_modsi3.o)
                0x40105fc0                __modsi3
 *fill*         0x40106009        0x3 
 .text          0x4010600c       0x18 c:/espressif/xtensa-lx106-elf/bin/../lib/gcc/xtensa-lx106-elf/4.8.2\libgcc.a(_ashrdi3.o)
                0x4010600c                __ashrdi3
 *fill*         0x40106024        0x0 
 *fill*         0x40106024        0x0 
 *fill*         0x40106024        0x0 
 *fill*         0x40106024        0x0 
 .text          0x40106024       0x44 c:/espressif/xtensa-lx106-elf/bin/../lib/gcc/xtensa-lx106-elf/4.8.2\libgcc.a(_floatsisf.o)
                0x40106024                __floatunsisf
                0x4010602c                __floatsisf
 *fill*         0x40106068        0x0 
 *fill*         0x40106068        0x0 
 .text          0x40106068       0x36 c:/espressif/xtensa-lx106-elf/bin/../lib/gcc/xtensa-lx106-elf/4.8.2\libgcc.a(_floatsidf.o)
                0x40106068                __floatunsidf
                0x40106070                __floatsidf
 *fill*         0x4010609e        0x0 
 *fill*         0x4010609e        0x0 
 *fill*         0x4010609e        0x0 
 *(.fini.literal)
 *(.fini)
 *(.gnu.version)
                0x4010609e                _text_end = ABSOLUTE (.)
                0x4010609e                _etext = .

.lit4           0x401060a0        0x0
                0x401060a0                _lit4_start = ABSOLUTE (.)
 *(*.lit4)
 *(.lit4.*)
 *(.gnu.linkonce.lit4.*)
                0x401060a0                _lit4_end = ABSOLUTE (.)

.irom0.text     0x40240000    0x21868
                0x40240000                _irom0_text_start = ABSOLUTE (.)
 *(.irom0.literal .irom.literal .irom.text.literal .irom0.text .irom.text)
 .irom0.text    0x40240000      0x56d C:/Espressif/ESP8266_SDK\lib\libmain.a(app_main.o)
                                0x665 (size before relaxing)
                0x4024000c                read_macaddr_from_otp
                0x40240260                wdt_init
 *fill*         0x4024056d        0x3 
 .irom0.text    0x40240570       0x6c C:/Espressif/ESP8266_SDK\lib\libmain.a(mem_manager.o)
                                 0x74 (size before relaxing)
                0x40240574                vApplicationMallocFailedHook
                0x4024058c                xPortGetFreeHeapSize
 .irom0.text    0x402405dc     0x1b21 C:/Espressif/ESP8266_SDK\lib\libmain.a(user_interface.o)
                               0x1fb5 (size before relaxing)
                0x402405e8                os_printf
                0x402407c8                system_set_os_print
                0x402407d4                system_pp_recycle_rx_pkt
                0x402407e8                system_adc_read
                0x40240880                system_restart
                0x402408e4                system_upgrade_userbin_set
                0x402408fc                system_upgrade_userbin_check
                0x40240918                system_upgrade_flag_set
                0x40240938                system_upgrade_flag_check
                0x40240954                system_upgrade_reboot
                0x40240b60                system_deep_sleep
                0x40240bc4                system_timer_reinit
                0x40240be0                system_get_time
                0x40240bec                system_relative_time
                0x40240c0c                system_station_got_ip_set
                0x40240cc4                system_print_meminfo
                0x40240d24                system_get_free_heap_size
                0x40240d3c                system_get_chip_id
                0x40240d60                system_rtc_clock_cali_proc
                0x40240d74                system_get_rtc_time
                0x40240d88                system_mktime
                0x40240e58                system_init_done_cb
                0x40240e60                wifi_softap_dhcps_start
                0x40240e9c                wifi_softap_dhcps_stop
                0x40240ed8                wifi_station_dhcpc_start
                0x40240f2c                wifi_station_dhcpc_stop
                0x40240f64                wifi_get_opmode
                0x40240f78                wifi_set_opmode_local
                0x40240fc8                wifi_set_opmode
                0x40241020                wifi_param_save_protect
                0x402410e0                wifi_station_get_config
                0x40241138                wifi_station_get_ap_info
                0x402411f0                wifi_station_ap_number_set
                0x4024131c                wifi_station_set_config
                0x40241430                wifi_station_get_current_ap_id
                0x40241448                wifi_station_ap_change
                0x4024152c                wifi_station_scan
                0x40241570                wifi_station_get_auto_connect
                0x40241584                wifi_station_set_auto_connect
                0x402415b8                wifi_station_connect
                0x40241604                wifi_station_disconnect
                0x4024166c                wifi_station_get_connect_status
                0x4024169c                wifi_softap_cacl_mac
                0x4024170c                wifi_softap_set_default_ssid
                0x40241764                wifi_softap_get_config
                0x40241810                wifi_softap_set_config
                0x40241a00                wifi_softap_set_station_info
                0x40241a74                wifi_softap_get_station_info
                0x40241b04                wifi_softap_free_station_info
                0x40241b3c                wifi_softap_deauth
                0x40241be8                wifi_get_phy_mode
                0x40241bf0                wifi_set_phy_mode
                0x40241c7c                wifi_set_sleep_type
                0x40241c9c                wifi_get_sleep_type
                0x40241cb4                wifi_get_channel
                0x40241ccc                wifi_set_channel
                0x40241d04                wifi_promiscuous_enable
                0x40241da8                wifi_set_promiscuous_rx_cb
                0x40241db4                wifi_get_ip_info
                0x40241e28                wifi_set_ip_info
                0x40241ee4                wifi_get_macaddr
                0x40241f44                wifi_set_macaddr
                0x40241ff8                wifi_status_led_install
                0x40242040                system_os_task
                0x4024206c                system_uart_swap
                0x402420f8                system_get_sdk_version
 *fill*         0x402420fd        0x3 
 .irom0.text    0x40242100      0x56a C:/Espressif/ESP8266_SDK\lib\libmain.a(eagle_lib.o)
                                0x57a (size before relaxing)
                0x40242104                divide
                0x40242140                skip_atoi
                0x402422c0                ets_vsnprintf
                0x40242620                ets_vsprintf
                0x40242644                ets_sprintf
 *fill*         0x4024266a        0x2 
 .irom0.text    0x4024266c      0x212 C:/Espressif/ESP8266_SDK\lib\libmain.a(eagle_lwip_if.o)
                                0x26e (size before relaxing)
                0x402426f8                eagle_lwip_if_alloc
                0x4024285c                eagle_lwip_getif
 *fill*         0x4024287e        0x2 
 .irom0.text    0x40242880       0xfa C:/Espressif/ESP8266_SDK\lib\libphy.a(phy.o)
                                0x11e (size before relaxing)
                0x40242884                rf_init
                0x402428a0                bb_init
                0x402428b8                phy_init
                0x402428e8                RFChannelSel
                0x40242904                phy_delete_channel
                0x4024291c                phy_enable_agc
                0x40242934                phy_disable_agc
                0x4024294c                phy_initialize_bb
                0x40242964                phy_set_sense
 *fill*         0x4024297a        0x2 
 .irom0.text    0x4024297c     0x14da C:/Espressif/ESP8266_SDK\lib\libphy.a(phy_chip_v6_ana.o)
                               0x168e (size before relaxing)
                0x40242980                ram_pbus_set_rxgain
                0x40242a58                ram_pbus_debugmode
                0x40242b0c                ram_pbus_xpd_tx_on
                0x40242b78                set_rf_freq_offset
                0x40242bec                chip_v6_rxmax_ext_ana
                0x40242d3c                ram_chip_v6_rx_init
                0x40242d70                tsen_meas
                0x40242e20                readvdd33
                0x40242fb4                txpwr_offset
                0x4024305c                set_txcap_reg
                0x402430dc                ram_restart_cal
                0x4024314c                wait_rfpll_cal_end
                0x402431e4                ram_rfpll_set_freq
                0x402432f0                ram_set_channel_freq
                0x402435f8                chip_60_set_channel
                0x402436e4                chip_v6_set_chan_offset
                0x40243750                chip_v6_set_chan
                0x402437c8                chip_v6_set_chan_wakeup
                0x40243848                chip_v6_rf_init
                0x40243a54                low_power_set
                0x40243ab4                test_tout
                0x40243ce4                check_data_flag
                0x40243d04                get_check_flag
 *fill*         0x40243e56        0x2 
 .irom0.text    0x40243e58     0x343d C:/Espressif/ESP8266_SDK\lib\libphy.a(phy_chip_v6.o)
                               0x39b5 (size before relaxing)
                0x40243e58                ram_tx_mac_enable
                0x40243e5c                rtc_mem_backup
                0x40243e8c                rtc_mem_recovery
                0x40243ebc                set_cal_rxdc
                0x40243f74                set_rx_gain_cal_iq
                0x402442d0                gen_rx_gain_table
                0x40244410                pbus_set_rxbbgain
                0x40244494                set_rx_gain_testchip_50
                0x402447a4                ram_get_corr_power
                0x40244894                check_data_func
                0x402448b4                do_noisefloor_lsleep_v50
                0x402448e8                do_noisefloor
                0x40244958                start_dig_rx
                0x4024499c                stop_dig_rx
                0x402449c8                chip_v6_set_chanfreq
                0x402449f8                tx_cap_init
                0x40244bac                target_power_add_backoff
                0x40244bfc                tx_pwctrl_init_cal
                0x40244d64                tx_atten_set_interp
                0x40244fd8                tx_pwctrl_init
                0x402450cc                ram_get_noisefloor
                0x402450e8                get_noisefloor_sat
                0x40245118                ram_set_noise_floor
                0x40245174                ram_start_noisefloor
                0x402451c0                read_hw_noisefloor
                0x402451ec                noise_check_loop
                0x40245348                noise_init
                0x40245544                target_power_backoff
                0x40245598                sdt_on_noise_start
                0x4024561c                chip_v6_set_chan_rx_cmp
                0x402457a4                chip_v6_set_chan_misc
                0x40245838                phy_dig_spur_set
                0x40245b98                phy_dig_spur_prot
                0x40245dd0                chip_v6_rxmax_ext_dig
                0x40245e1c                chip_v6_rxmax_ext
                0x40245ed0                phy_bb_rx_cfg
                0x40246280                uart_wait_idle
                0x402462b8                phy_pbus_soc_cfg
                0x4024637c                phy_gpio_cfg
                0x402466c4                tx_cont_en
                0x4024676c                tx_cont_dis
                0x402467c0                tx_cont_cfg
                0x402467e4                chip_v6_initialize_bb
                0x40246984                periodic_cal
                0x40246a88                bbpll_cal
                0x40246b20                periodic_cal_top
                0x40246b80                register_chipv6_phy_init_param
                0x40246e04                change_bbpll160_sleep
                0x40246ef4                change_bbpll160
                0x40246f2c                set_crystal_uart
                0x40246fa4                ant_switch_init
                0x40247090                register_chipv6_phy
 *fill*         0x40247295        0x3 
 .irom0.text    0x40247298     0x254b C:/Espressif/ESP8266_SDK\lib\libphy.a(phy_chip_v6_cal.o)
                               0x27e3 (size before relaxing)
                0x40247298                txbbgain2dcoindex
                0x402472b8                dcoindex2txbbgain
                0x402472dc                init_cal_dcoffset
                0x402473a0                set_rfanagain_dc_reg
                0x4024743c                set_txdc_pbus
                0x402474a8                get_rf_gain_qdb
                0x402474d0                correct_rf_ana_gain
                0x402475d8                get_sar_dout
                0x40247670                cal_rf_ana_gain
                0x40247748                meas_tone_pwr_db
                0x402477b8                tx_pwr_backoff
                0x40247904                get_fcc_1m2m_pwr_offset
                0x40247940                ram_set_txbb_atten
                0x402479d4                txiq_get_mis_pwr
                0x40247a78                txiq_cover
                0x40247c94                ram_rfcal_txiq
                0x40247f04                rc_cal
                0x402480c0                get_target_power_offset
                0x402481b4                get_pwctrl_correct
                0x4024820c                tx_pwctrl_cal
                0x4024854c                tx_pwctrl_bg_init
                0x402485bc                tx_pwctrl_background
                0x402486ec                read_sar_dout
                0x40248750                ram_get_fm_sar_dout
                0x402487f4                ram_cal_tos_v60
                0x402489d4                ram_get_bb_atten
                0x40248a04                ram_rfcal_txcap
                0x40248bc8                ram_rfcal_pwrctrl
                0x40248de4                ram_rxiq_get_mis
                0x40248fb4                ram_rxiq_cover_mg_mp
                0x40249158                ram_rfcal_rxiq
                0x40249364                dpd_scale_set
                0x402493ac                dpd_mem_write
                0x40249434                dpd_init
 *fill*         0x402497e3        0x1 
 .irom0.text    0x402497e4      0x269 C:/Espressif/ESP8266_SDK\lib\libphy.a(phy_chip_v6_unused.o)
                                0x2fd (size before relaxing)
                0x402497e4                chip_v6_set_sense
                0x402497e8                chip_v6_get_sense
                0x402497ec                chip_v6_unset_chanfreq
                0x402497f8                data_collect
                0x402498cc                operation_test
                0x40249944                slop_wdt_feed
                0x40249958                slop_test
                0x40249a04                wd_reset_cnt
 *fill*         0x40249a4d        0x3 
 .irom0.text    0x40249a50      0xbfa C:/Espressif/ESP8266_SDK\lib\libphy.a(phy_sleep.o)
                                0xe02 (size before relaxing)
                0x40249a50                pm_usec2rtc
                0x40249a84                pm_rtc2usec
                0x40249a94                pm_set_sleep_cycles
                0x40249abc                pm_sleep_opt
                0x40249bac                pm_wakeup_opt
                0x40249be4                get_chip_version
                0x40249c24                pm_sleep_opt_bb_off
                0x40249c64                pm_sleep_opt_bb_on
                0x40249cb0                pm_set_pll_xtal_wait_time
                0x40249cf8                pm_prepare_to_sleep
                0x40249d1c                pm_sdio_nidle
                0x40249d98                pm_goto_sleep
                0x40249e14                pm_wait4wakeup
                0x40249e4c                pm_open_rf
                0x40249e94                pm_sleep_set_mac
                0x40249f18                pm_set_wakeup_mac
                0x40249fb4                pm_check_mac_idle
                0x4024a00c                pm_set_sleep_btco
                0x4024a0ac                pm_set_wakeup_btco
                0x4024a1c4                pm_set_sleep_mode
                0x4024a294                pm_unmask_bt
                0x4024a2f4                pm_wakeup_init
                0x4024a4f0                sleep_opt_8266
                0x4024a510                sleep_opt_bb_on_8266
                0x4024a548                sleep_reset_analog_rtcreg_8266
 *fill*         0x4024a64a        0x2 
 .irom0.text    0x4024a64c       0xde C:/Espressif/ESP8266_SDK\lib\libpp.a(lmac.o)
                                 0xf2 (size before relaxing)
                0x4024a650                lmacInitAc
                0x4024a684                lmacInit
 *fill*         0x4024a72a        0x2 
 .irom0.text    0x4024a72c     0x1979 C:/Espressif/ESP8266_SDK\lib\libpp.a(pm.o)
                               0x1ef9 (size before relaxing)
                0x4024a734                pm_rtc_clock_cali_proc
                0x4024a76c                pm_set_sleep_time
                0x4024aa54                pm_rf_is_closed
                0x4024aa80                pm_set_sleep_type_from_upper
                0x4024ab2c                pm_get_sleep_type
                0x4024ad0c                uart_tx_flush
                0x4024ad20                pm_suspend
                0x4024afc8                pm_shutdown
                0x4024b0a8                pm_reset_idle_sleep
                0x4024b0e8                pm_idle_sleep
                0x4024b0f4                pm_open
                0x4024b1cc                pm_onBcnRx
                0x4024ba98                pm_enable_gpio_wakeup
                0x4024badc                pm_attach
                0x4024bbdc                pm_send_nullfunc
                0x4024bda0                pm_is_waked
                0x4024bdb8                pm_is_open
                0x4024bdd0                pm_scan_lock
                0x4024bdfc                pm_try_scan_unlock
                0x4024be14                pm_force_scan_unlock
                0x4024bec8                pm_scan_unlocked
                0x4024bedc                pm_allow_tx
                0x4024befc                pm_assoc_parse
                0x4024bf14                pm_set_addr
                0x4024bf34                pm_sleep_for
                0x4024bf68                pm_post
                0x4024c064                pm_get_idle_wait_time
 *fill*         0x4024c0a5        0x3 
 .irom0.text    0x4024c0a8      0xa09 C:/Espressif/ESP8266_SDK\lib\libpp.a(pp.o)
                                0xb95 (size before relaxing)
                0x4024c0ac                RxNodeNum
                0x4024c0c4                TxNodeNum
                0x4024c0e0                pp_disable_noise_timer
                0x4024c0fc                pp_enable_noise_timer
                0x4024c17c                pp_noise_test
                0x4024c194                pp_disable_idle_timer
                0x4024c1b8                pp_enable_idle_timer
                0x4024c1e8                pp_try_enable_idle_timer
                0x4024c204                ppPeocessRxPktHdr
                0x4024c478                ppTxPkt
                0x4024c59c                ppRegisterTxCallback
                0x4024c5d0                pp_tx_idle_timeout
                0x4024c860                pp_attach
 *fill*         0x4024cab1        0x3 
 .irom0.text    0x4024cab4      0x296 C:/Espressif/ESP8266_SDK\lib\libpp.a(rate_control.o)
                                0x2a2 (size before relaxing)
                0x4024cd00                RC_SetBasicRate
 *fill*         0x4024cd4a        0x2 
 .irom0.text    0x4024cd4c      0x411 C:/Espressif/ESP8266_SDK\lib\libpp.a(trc.o)
                                0x46d (size before relaxing)
                0x4024cd78                rcUpdatePhyMode
                0x4024ce54                rcAttach
                0x4024cea0                rcGetTrc
                0x4024cea8                trc_onDisconnect
                0x4024ceac                trc_onScanStart
                0x4024cecc                trc_onScanDone
                0x4024ceec                rc_enable_trc
                0x4024cfb4                rc_get_mask
                0x4024cfc8                rc_disable_trc
                0x4024d040                rc_disable_trc_by_interface
                0x4024d060                rc_get_sta_trc
                0x4024d0a0                rc_get_trc
                0x4024d110                rc_get_trc_by_index
                0x4024d130                rc_only_sta_trc
 *fill*         0x4024d15d        0x3 
 .irom0.text    0x4024d160      0x773 C:/Espressif/ESP8266_SDK\lib\libpp.a(wdev.o)
                                0x81f (size before relaxing)
                0x4024d16c                wDev_Option_Init
                0x4024d448                wDev_Initialize
                0x4024d4b0                wDevForceAck6M
                0x4024d4d0                wDev_SetMacAddress
                0x4024d570                wDev_SetRxPolicy
                0x4024d5c4                wDev_SetBssid
                0x4024d69c                wDev_ClearBssid
                0x4024d6d4                wDev_Insert_KeyEntry
                0x4024d7a8                wDev_remove_KeyEntry
                0x4024d7e8                wDev_Crypto_Conf
                0x4024d884                wDev_Crypto_Disable
                0x4024d8bc                wDevEnableRx
 *fill*         0x4024d8d3        0x1 
 .irom0.text    0x4024d8d4      0x12e C:/Espressif/ESP8266_SDK\lib\libpp.a(esf_buf.o)
                                0x146 (size before relaxing)
                0x4024d8e8                esf_buf_setup
 *fill*         0x4024da02        0x2 
 .irom0.text    0x4024da04      0x372 C:/Espressif/ESP8266_SDK\lib\libpp.a(if_hwctrl.o)
                                0x452 (size before relaxing)
                0x4024da08                ic_get_addr
                0x4024da14                ic_set_opmode
                0x4024da28                ic_enable_interface
                0x4024da78                ic_interface_enabled
                0x4024da8c                ic_disable_interface
                0x4024dad4                ic_is_pure_sta
                0x4024daf0                ic_get_ptk_alg
                0x4024db00                ic_get_gtk_alg
                0x4024db10                ic_set_ptk_alg
                0x4024db20                ic_set_gtk_alg
                0x4024db30                ic_interface_is_p2p
                0x4024dbb4                ic_set_vif
                0x4024dc20                ic_set_sta
                0x4024dcb0                ic_bss_info_update
                0x4024dd08                ic_set_key
                0x4024dd64                ic_remove_key
 *fill*         0x4024dd76        0x2 
 .irom0.text    0x4024dd78      0x2e6 C:/Espressif/ESP8266_SDK\lib\libnet80211.a(ieee80211.o)
                                0x3a6 (size before relaxing)
                0x4024de08                ieee80211_ifattach
                0x4024de58                ieee80211_mhz2ieee
                0x4024deb0                ieee80211_chan2ieee
                0x4024ded0                ieee80211_ieee2mhz
                0x4024df08                ieee80211_find_channel
                0x4024df30                ieee80211_find_channel_byieee
                0x4024df74                wifi_mode_set
 *fill*         0x4024e05e        0x2 
 .irom0.text    0x4024e060       0xae C:/Espressif/ESP8266_SDK\lib\libnet80211.a(ieee80211_crypto.o)
                                 0xb6 (size before relaxing)
                0x4024e060                ieee80211_crypto_attach
                0x4024e064                ieee80211_crypto_available
                0x4024e068                ieee80211_crypto_setkey
                0x4024e06c                ieee80211_crypto_encap
                0x4024e0bc                ieee80211_crypto_decap
 *fill*         0x4024e10e        0x2 
 .irom0.text    0x4024e110       0x50 C:/Espressif/ESP8266_SDK\lib\libnet80211.a(ieee80211_ets.o)
                0x4024e118                ieee80211_getmgtframe
 .irom0.text    0x4024e160      0xf09 C:/Espressif/ESP8266_SDK\lib\libnet80211.a(ieee80211_hostap.o)
                               0x11a9 (size before relaxing)
                0x4024e4a0                ieee80211_hostap_attach
                0x4024e558                hostap_handle_timer
                0x4024e5dc                hostap_input
                0x4024eec0                wifi_softap_start
                0x4024efa8                wifi_softap_stop
 *fill*         0x4024f069        0x3 
 .irom0.text    0x4024f06c      0xa83 C:/Espressif/ESP8266_SDK\lib\libnet80211.a(ieee80211_ht.o)
                                0xb3f (size before relaxing)
                0x4024f07c                ieee80211_ht_attach
                0x4024f0cc                ieee80211_ht_node_init
                0x4024f10c                ieee80211_ht_node_cleanup
                0x4024f144                ieee80211_parse_htcap
                0x4024f21c                ieee80211_ht_updateparams
                0x4024f330                ieee80211_setup_htrates
                0x4024f404                ieee80211_setup_basic_htrates
                0x4024f76c                ieee80211_add_htcap
                0x4024f788                ieee80211_add_htcap_vendor
                0x4024f8ac                ieee80211_add_htinfo
                0x4024f8c8                ieee80211_add_htinfo_vendor
 *fill*         0x4024faef        0x1 
 .irom0.text    0x4024faf0      0x878 C:/Espressif/ESP8266_SDK\lib\libnet80211.a(ieee80211_input.o)
                                0x8e4 (size before relaxing)
                0x4024faf0                ieee80211_deliver_data
                0x4024fb38                ieee80211_decap
                0x4024fc44                ieee80211_setup_rates
                0x4024fcb0                ieee80211_alloc_challenge
                0x4024fce4                ieee80211_parse_beacon
                0x40250150                ieee80211_parse_wpa
                0x40250268                ieee80211_parse_rsn
                0x40250364                ieee80211_setup_rateset
 .irom0.text    0x40250368     0x180b C:/Espressif/ESP8266_SDK\lib\libnet80211.a(ieee80211_output.o)
                               0x1a77 (size before relaxing)
                0x4025036c                ieee80211_output_pbuf
                0x402505f0                ieee80211_send_setup
                0x4025071c                ieee80211_mgmt_output
                0x40250810                ieee80211_tx_mgt_cb
                0x40250814                ieee80211_send_nulldata
                0x40250c6c                ieee80211_add_rates
                0x40250ca4                ieee80211_add_xrates
                0x40250d40                ieee80211_send_probereq
                0x40250eec                ieee80211_getcapinfo
                0x40250f48                ieee80211_send_mgmt
                0x402514a4                ieee80211_alloc_proberesp
                0x4025169c                ieee80211_send_proberesp
                0x40251a28                ieee80211_beacon_alloc
 *fill*         0x40251b73        0x1 
 .irom0.text    0x40251b74      0x147 C:/Espressif/ESP8266_SDK\lib\libnet80211.a(ieee80211_phy.o)
                                0x16f (size before relaxing)
                0x40251b78                ieee80211_get_11g_ratetable
                0x40251b84                ieee80211_get_ratetable
                0x40251b9c                ieee80211_phy_init
                0x40251bd0                ieee80211_phy_type_get
                0x40251be0                ieee80211_setup_ratetable
                0x40251c14                ieee80211_compute_duration
                0x40251c94                ieee80211_dot11Rate_rix
 *fill*         0x40251cbb        0x1 
 .irom0.text    0x40251cbc      0x16c C:/Espressif/ESP8266_SDK\lib\libnet80211.a(ieee80211_power.o)
                                0x188 (size before relaxing)
                0x40251cbc                ieee80211_psq_init
                0x40251cdc                ieee80211_psq_cleanup
                0x40251ce4                ieee80211_set_tim
                0x40251d24                ieee80211_pwrsave
                0x40251df4                ieee80211_node_pwrsave
 .irom0.text    0x40251e28      0x15b C:/Espressif/ESP8266_SDK\lib\libnet80211.a(ieee80211_proto.o)
                                0x177 (size before relaxing)
                0x40251e2c                ieee80211_proto_attach
                0x40251e54                ieee80211_set_shortslottime
                0x40251e70                ieee80211_iserp_rateset
                0x40251f04                ieee80211_setbasicrates
                0x40251f18                ieee80211_addbasicrates
                0x40251f2c                ieee80211_wme_initparams
                0x40251f30                ieee80211_wme_updateparams
                0x40251f34                ieee80211_mlme_connect_bss
 *fill*         0x40251f83        0x1 
 .irom0.text    0x40251f84      0xcbd C:/Espressif/ESP8266_SDK\lib\libnet80211.a(ieee80211_scan.o)
                                0xf85 (size before relaxing)
                0x40251f94                ieee80211_scan_attach
                0x40252018                scan_start
                0x40252288                scan_cancel
                0x402523c4                scan_add_bssid
                0x402523e8                scan_remove_bssid
                0x402523f4                scan_hidden_ssid
                0x402523fc                scan_add_probe_ssid
                0x4025243c                scan_remove_probe_ssid
                0x40252570                scan_clear_channles
                0x402525e4                scan_set_desChan
                0x402525f0                scan_get_type
                0x402525f8                cannel_scan_connect_state
                0x40252610                scan_connect_state
                0x40252660                scan_profile_check
                0x40252854                scan_check_hidden
                0x40252970                scan_parse_beacon
 *fill*         0x40252c41        0x3 
 .irom0.text    0x40252c44      0xb2e C:/Espressif/ESP8266_SDK\lib\libnet80211.a(ieee80211_sta.o)
                                0xcbe (size before relaxing)
                0x40252c6c                sta_status_set
                0x40252ca4                ieee80211_sta_new_state
                0x40252e8c                sta_input
                0x4025321c                ieee80211_parse_wmeparams
                0x40253704                wifi_station_start
 *fill*         0x40253772        0x2 
 .irom0.text    0x40253774      0x1ee C:/Espressif/ESP8266_SDK\lib\libnet80211.a(wl_chm.o)
                                0x256 (size before relaxing)
                0x40253780                chm_init
                0x402537e8                chm_start_op
                0x40253890                chm_end_op
                0x402538dc                chm_set_current_channel
                0x4025390c                chm_freq2index
                0x40253934                chm_check_same_channel
 *fill*         0x40253962        0x2 
 .irom0.text    0x40253964     0x12a5 C:/Espressif/ESP8266_SDK\lib\libnet80211.a(wl_cnx.o)
                               0x1679 (size before relaxing)
                0x40253970                cnx_attach
                0x402539b0                cnx_sta_connect_led_timer_cb
                0x40253a0c                cnx_sta_connect_cmd
                0x40253ae0                cnx_sta_scan_cmd
                0x40253d3c                cnx_connect_timeout
                0x40253d70                cnx_start_handoff_cb
                0x40254144                cnx_bss_alloc
                0x402541f4                cnx_rc_search
                0x402542bc                cnx_add_rc
                0x402543a8                cnx_remove_rc
                0x4025447c                cnx_rc_update_rssi
                0x40254500                cnx_rc_update_state_metric
                0x4025456c                cnx_rc_update_age
                0x40254590                cnx_update_bss
                0x402545c8                cnx_update_bss_more
                0x40254764                cnx_sta_leave
                0x40254828                cnx_sta_associated
                0x40254890                cnx_node_alloc
                0x402548f0                cnx_node_remove
                0x40254964                cnx_node_search
                0x402549d0                cnx_node_leave
                0x40254a88                cnx_node_join
 *fill*         0x40254c09        0x3 
 .irom0.text    0x40254c0c      0x161 C:/Espressif/ESP8266_SDK\lib\libnet80211.a(ieee80211_action.o)
                                0x181 (size before relaxing)
                0x40254c1c                ieee80211_send_action_register
                0x40254c50                ieee80211_send_action_unregister
                0x40254c64                ieee80211_send_action
                0x40254cc8                ieee80211_recv_action_register
                0x40254cfc                ieee80211_recv_action_unregister
                0x40254d10                ieee80211_recv_action
 *fill*         0x40254d6d        0x3 
 .irom0.text    0x40254d70     0x11fe C:/Espressif/ESP8266_SDK\lib\liblwip.a(dhcp.o)
                               0x146e (size before relaxing)
                0x40254f88                dhcp_coarse_tmr
                0x40254fd0                dhcp_fine_tmr
                0x402551f8                dhcp_set_struct
                0x4025521c                dhcp_cleanup
                0x40255240                dhcp_start
                0x402552f0                dhcp_inform
                0x40255398                dhcp_network_changed
                0x402553e0                dhcp_arp_reply
                0x40255650                dhcp_renew
                0x40255850                dhcp_release
                0x40255910                dhcp_stop
 *fill*         0x40255f6e        0x2 
 .irom0.text    0x40255f70      0x8af C:/Espressif/ESP8266_SDK\lib\liblwip.a(dhcpserver.o)
                                0x9d3 (size before relaxing)
                0x40255f70                node_insert_to_list
                0x40255f8c                node_remove_from_list
                0x4025663c                dhcps_start
                0x402566a4                dhcps_stop
                0x402566f8                wifi_softap_set_dhcps_lease
                0x402567cc                dhcps_coarse_tmr
 *fill*         0x4025681f        0x1 
 .irom0.text    0x40256820      0x59f C:/Espressif/ESP8266_SDK\lib\liblwip.a(dns.o)
                                0x64f (size before relaxing)
                0x4025682c                dns_init
                0x40256880                dns_setserver
                0x402568ac                dns_getserver
                0x40256d68                dns_gethostbyname
 *fill*         0x40256dbf        0x1 
 .irom0.text    0x40256dc0      0x81b C:/Espressif/ESP8266_SDK\lib\liblwip.a(etharp.o)
                                0x8f7 (size before relaxing)
                0x40256df4                etharp_tmr
                0x40257008                etharp_cleanup_netif
                0x40257044                etharp_find_addr
                0x40257254                etharp_output
                0x40257340                etharp_query
                0x40257540                etharp_request
                0x40257564                ethernet_input
 *fill*         0x402575db        0x1 
 .irom0.text    0x402575dc       0x23 C:/Espressif/ESP8266_SDK\lib\liblwip.a(init.o)
                                 0x43 (size before relaxing)
                0x402575dc                lwip_init
 *fill*         0x402575ff        0x1 
 .irom0.text    0x40257600      0x2c8 C:/Espressif/ESP8266_SDK\lib\liblwip.a(ip_addr.o)
                                0x2e0 (size before relaxing)
                0x40257600                ip4_addr_isbroadcast
                0x4025762c                ip4_addr_netmask_valid
                0x40257670                ipaddr_addr
                0x4025768c                ipaddr_aton
                0x402577f0                ipaddr_ntoa
                0x40257804                ipaddr_ntoa_r
 .irom0.text    0x402578c8      0x5ae C:/Espressif/ESP8266_SDK\lib\liblwip.a(ip.o)
                                0x662 (size before relaxing)
                0x402578cc                ip_route
                0x40257934                ip_router
                0x402579b0                ip_input
                0x40257c28                ip_output_if
                0x40257c44                ip_output_if_opt
                0x40257e38                ip_output
                0x40257e74                ip_debug_print
 *fill*         0x40257e76        0x2 
 .irom0.text    0x40257e78      0x27d C:/Espressif/ESP8266_SDK\lib\liblwip.a(netif.o)
                                0x2c5 (size before relaxing)
                0x40257e78                netif_init
                0x40257e80                netif_add
                0x40257ee4                netif_set_addr
                0x40257f0c                netif_remove
                0x40257f68                netif_find
                0x40257fa8                netif_set_ipaddr
                0x40258010                netif_set_gw
                0x40258020                netif_set_netmask
                0x40258030                netif_set_default
                0x40258038                netif_set_up
                0x40258074                netif_set_down
                0x40258098                netif_set_link_up
                0x402580e4                netif_set_link_down
 *fill*         0x402580f5        0x3 
 .irom0.text    0x402580f8      0x622 C:/Espressif/ESP8266_SDK\lib\liblwip.a(pbuf.o)
                                0x66a (size before relaxing)
                0x402580f8                pbuf_alloc
                0x40258248                pbuf_realloc
                0x40258290                pbuf_header
                0x402582fc                pbuf_free
                0x40258374                pbuf_clen
                0x4025838c                pbuf_ref
                0x40258398                pbuf_cat
                0x402583c4                pbuf_chain
                0x402583e0                pbuf_dechain
                0x4025841c                pbuf_copy
                0x402584c0                pbuf_copy_partial
                0x40258548                pbuf_take
                0x402585ac                pbuf_coalesce
                0x402585e0                pbuf_get_at
                0x40258608                pbuf_memcmp
                0x4025867c                pbuf_memfind
                0x402586d0                pbuf_strstr
 *fill*         0x4025871a        0x2 
 .irom0.text    0x4025871c      0x1df C:/Espressif/ESP8266_SDK\lib\liblwip.a(raw.o)
                                0x233 (size before relaxing)
                0x40258724                raw_input
                0x402587ac                raw_bind
                0x402587bc                raw_connect
                0x402587cc                raw_recv
                0x402587d4                raw_sendto
                0x40258870                raw_send
                0x40258884                raw_remove
                0x402588b8                raw_new
 *fill*         0x402588fb        0x1 
 .irom0.text    0x402588fc     0x10ad C:/Espressif/ESP8266_SDK\lib\liblwip.a(tcp_in.o)
                               0x12a5 (size before relaxing)
                0x40258908                tcp_input
 *fill*         0x402599a9        0x3 
 .irom0.text    0x402599ac      0xa1e C:/Espressif/ESP8266_SDK\lib\liblwip.a(tcp.o)
                                0xb56 (size before relaxing)
                0x402599b0                tcp_tmr
                0x402599d4                tcp_close
                0x402599f8                tcp_shutdown
                0x40259a54                tcp_abandon
                0x40259ae8                tcp_abort
                0x40259b04                tcp_bind
                0x40259b94                tcp_listen_with_backlog
                0x40259c4c                tcp_update_rcv_ann_wnd
                0x40259c88                tcp_recved
                0x40259ccc                tcp_connect
                0x40259dcc                tcp_slowtmr
                0x4025a044                tcp_fasttmr
                0x4025a0c0                tcp_segs_free
                0x4025a0dc                tcp_seg_free
                0x4025a104                tcp_setprio
                0x4025a10c                tcp_recv_null
                0x4025a1bc                tcp_alloc
                0x4025a28c                tcp_new
                0x4025a2a0                tcp_arg
                0x4025a2a4                tcp_recv
                0x4025a2ac                tcp_sent
                0x4025a2b4                tcp_err
                0x4025a2bc                tcp_accept
                0x4025a2c0                tcp_poll
                0x4025a2c8                tcp_pcb_purge
                0x4025a310                tcp_pcb_remove
                0x4025a378                tcp_next_iss
                0x4025a388                tcp_eff_send_mss
                0x4025a3c0                tcp_debug_state_str
 *fill*         0x4025a3ca        0x2 
 .irom0.text    0x4025a3cc      0xe84 C:/Espressif/ESP8266_SDK\lib\liblwip.a(tcp_out.o)
                                0xf94 (size before relaxing)
                0x4025a4cc                tcp_send_fin
                0x4025a6b8                tcp_write
                0x4025a9f0                tcp_enqueue_flags
                0x4025aad4                tcp_send_empty_ack
                0x4025ab68                tcp_output
                0x4025ae70                tcp_rst
                0x4025af94                tcp_rexmit_rto
                0x4025afd0                tcp_rexmit
                0x4025b07c                tcp_rexmit_fast
                0x4025b0d4                tcp_keepalive
                0x4025b154                tcp_zero_window_probe
 .irom0.text    0x4025b250      0x2a7 C:/Espressif/ESP8266_SDK\lib\liblwip.a(timers.o)
                                0x33b (size before relaxing)
                0x4025b290                tcp_timer_needed
                0x4025b310                sys_timeouts_init
                0x4025b36c                sys_timeout
                0x4025b3e4                sys_untimeout
                0x4025b434                sys_check_timeouts
                0x4025b4e8                sys_restart_timeouts
 *fill*         0x4025b4f7        0x1 
 .irom0.text    0x4025b4f8      0x545 C:/Espressif/ESP8266_SDK\lib\liblwip.a(udp.o)
                                0x5f9 (size before relaxing)
                0x4025b4fc                udp_input
                0x4025b72c                udp_send
                0x4025b740                udp_sendto
                0x4025b790                udp_sendto_if
                0x4025b8e0                udp_bind
                0x4025b95c                udp_connect
                0x4025b9b8                udp_disconnect
                0x4025b9d0                udp_recv
                0x4025b9d8                udp_remove
                0x4025ba0c                udp_new
 *fill*         0x4025ba3d        0x3 
 .irom0.text    0x4025ba40      0x276 C:/Espressif/ESP8266_SDK\lib\liblwip.a(icmp.o)
                                0x31e (size before relaxing)
                0x4025ba44                icmp_input
                0x4025bbf8                icmp_dest_unreach
 *fill*         0x4025bcb6        0x2 
 .irom0.text    0x4025bcb8      0x5ed C:/Espressif/ESP8266_SDK\lib\liblwip.a(igmp.o)
                                0x690 (size before relaxing)
                0x4025bcc4                igmp_init
                0x4025bcd4                igmp_start
                0x4025bd10                igmp_stop
                0x4025bd70                igmp_report_groups
                0x4025bda0                igmp_lookfor_group
                0x4025be58                igmp_input
                0x4025bfb0                igmp_joingroup
                0x4025c05c                igmp_leavegroup
                0x4025c104                igmp_tmr
 *fill*         0x4025c2a5        0x3 
 .irom0.text    0x4025c2a8      0x28e C:/Espressif/ESP8266_SDK\lib\libwpa.a(ap_config.o)
                                0x2ca (size before relaxing)
                0x4025c2ac                hostapd_config_defaults_bss
                0x4025c2f4                hostapd_config_defaults
                0x4025c360                hostapd_mac_comp
                0x4025c378                hostapd_mac_comp_empty
                0x4025c3dc                hostapd_setup_wpa_psk
                0x4025c40c                hostapd_wep_key_cmp
                0x4025c45c                hostapd_maclist_found
                0x4025c4c8                hostapd_rate_found
                0x4025c4e4                hostapd_get_psk
 *fill*         0x4025c536        0x2 
 .irom0.text    0x4025c538      0x250 C:/Espressif/ESP8266_SDK\lib\libwpa.a(common.o)
                                0x28c (size before relaxing)
                0x4025c538                inc_byte_array
                0x4025c58c                hex2byte
                0x4025c5c0                hexstr2bin
                0x4025c60c                wpa_get_ntp_timestamp
                0x4025c6a0                wpa_config_parse_string
 .irom0.text    0x4025c788       0xc5 C:/Espressif/ESP8266_SDK\lib\libwpa.a(os_xtensa.o)
                                 0xd9 (size before relaxing)
                0x4025c78c                ets_strdup
                0x4025c7cc                os_get_time
                0x4025c7d0                os_random
                0x4025c7e4                os_get_random
                0x4025c824                ets_strrchr
 *fill*         0x4025c84d        0x3 
 .irom0.text    0x4025c850     0x1cbb C:/Espressif/ESP8266_SDK\lib\libwpa.a(wpa_auth.o)
                               0x1f47 (size before relaxing)
                0x4025c990                wpa_auth_for_each_sta
                0x4025cafc                wpa_init
                0x4025cb70                wpa_auth_sta_init
                0x4025cbb0                wpa_auth_sta_associated
                0x4025cc2c                wpa_auth_sta_no_wpa
                0x4025cc78                wpa_auth_sta_deinit
                0x4025cd54                wpa_receive
                0x4025d1c8                __wpa_send_eapol
                0x4025d6b0                wpa_remove_ptk
                0x4025d6fc                wpa_auth_sm_event
 *fill*         0x4025e50b        0x1 
 .irom0.text    0x4025e50c      0x569 C:/Espressif/ESP8266_SDK\lib\libwpa.a(wpa_auth_ie.o)
                                0x5d5 (size before relaxing)
                0x4025e5d0                wpa_write_rsn_ie
                0x4025e6d8                wpa_auth_gen_wpa_ie
                0x4025e75c                wpa_add_kde
                0x4025e7c8                wpa_validate_wpa_ie
                0x4025e9c8                wpa_parse_kde_ies
                0x4025ea64                wpa_auth_uses_mfp
 *fill*         0x4025ea75        0x3 
 .irom0.text    0x4025ea78     0x1468 C:/Espressif/ESP8266_SDK\lib\libwpa.a(wpa.o)
                               0x16a8 (size before relaxing)
                0x4025f9c0                wpa_sm_rx_eapol
                0x4025fb24                wpa_register
                0x4025fb50                wpa_set_profile
                0x4025fb60                wpa_set_pmk
                0x4025fb8c                wpa_set_bss
                0x4025fdc0                pp_michael_mic_failure
                0x4025fe68                eapol_txcb
                0x4025feb8                wpa_sm_set_state
 .irom0.text    0x4025fee0      0x79a C:/Espressif/ESP8266_SDK\lib\libwpa.a(wpa_common.o)
                                0x826 (size before relaxing)
                0x40260028                wpa_parse_wpa_ie_rsn
                0x402601bc                wpa_parse_wpa_ie_wpa
                0x40260348                wpa_eapol_key_mic
                0x40260388                wpa_compare_rsn_ie
                0x402603cc                wpa_cipher_txt
                0x4026040c                wpa_pmk_to_ptk
                0x402604fc                rsn_pmkid
                0x40260530                wpa_cipher_key_len
                0x40260554                wpa_cipher_to_alg
                0x4026057c                wpa_cipher_to_suite
                0x402605d0                rsn_cipher_put_suites
                0x40260630                wpa_cipher_put_suites
 *fill*         0x4026067a        0x2 
 .irom0.text    0x4026067c      0x325 C:/Espressif/ESP8266_SDK\lib\libwpa.a(wpa_ie.o)
                                0x341 (size before relaxing)
                0x4026067c                wpa_parse_wpa_ie
                0x40260770                wpa_supplicant_parse_ies
                0x40260970                wpa_gen_wpa_ie
 *fill*         0x402609a1        0x3 
 .irom0.text    0x402609a4      0x2b7 C:/Espressif/ESP8266_SDK\lib\libwpa.a(wpa_main.o)
                                0x35f (size before relaxing)
                0x402609a4                ppInstallKey
                0x40260ab4                wpa_config_profile
                0x40260aec                wpa_config_bss
                0x40260b2c                wpa_config_assoc_ie
                0x40260b50                eagle_auth_done
                0x40260bfc                wpa_neg_complete
                0x40260c24                wpa_attach
 *fill*         0x40260c5b        0x1 
 .irom0.text    0x40260c5c       0xd6 C:/Espressif/ESP8266_SDK\lib\libwpa.a(wpas_glue.o)
                                 0xe2 (size before relaxing)
                0x40260cd0                wpa_sm_alloc_eapol
                0x40260d0c                wpa_sm_deauthenticate
                0x40260d28                wpa_sm_mlme_setprotection
                0x40260d2c                wpa_sm_get_beacon_ie
                0x40260d30                wpa_sm_disassociate
 *fill*         0x40260d32        0x2 
 .irom0.text    0x40260d34       0xdf C:/Espressif/ESP8266_SDK\lib\libwpa.a(aes-wrap.o)
                                0x103 (size before relaxing)
                0x40260d34                aes_wrap
 *fill*         0x40260e13        0x1 
 .irom0.text    0x40260e14      0x485 C:/Espressif/ESP8266_SDK\lib\libwpa.a(aes-internal-enc.o)
                                0x49d (size before relaxing)
                0x40260e18                rijndaelEncrypt
                0x40261234                aes_encrypt_init
                0x40261264                aes_encrypt
                0x40261274                aes_encrypt_deinit
 *fill*         0x40261299        0x3 
 .irom0.text    0x4026129c      0x131 C:/Espressif/ESP8266_SDK\lib\libnet80211.a(ieee80211_crypto_ccmp.o)
                                0x135 (size before relaxing)
 *fill*         0x402613cd        0x3 
 .irom0.text    0x402613d0      0x15b C:/Espressif/ESP8266_SDK\lib\libnet80211.a(ieee80211_crypto_tkip.o)
                                0x167 (size before relaxing)
 *fill*         0x4026152b        0x1 
 .irom0.text    0x4026152c       0x7c C:/Espressif/ESP8266_SDK\lib\libnet80211.a(ieee80211_crypto_wep.o)
                                 0x80 (size before relaxing)
 *fill*         0x402615a8        0x0 
 *fill*         0x402615a8        0x0 