
Allocating common symbols
Common symbol       size              file

__dso_handle        0x4               bmptk_cortex.o

Discarded input sections

 .group         0x00000000        0x8 PWM_signal.o
 .group         0x00000000        0x8 PWM_signal.o
 .group         0x00000000        0x8 PWM_signal.o
 .group         0x00000000        0x8 PWM_signal.o
 .group         0x00000000        0x8 PWM_signal.o
 .group         0x00000000        0x8 PWM_signal.o
 .group         0x00000000        0x8 PWM_signal.o
 .group         0x00000000        0x8 PWM_signal.o
 .group         0x00000000        0x8 PWM_signal.o
 .group         0x00000000        0x8 PWM_signal.o
 .group         0x00000000        0x8 PWM_signal.o
 .group         0x00000000        0x8 PWM_signal.o
 .group         0x00000000        0x8 PWM_signal.o
 .group         0x00000000        0x8 PWM_signal.o
 .group         0x00000000        0x8 PWM_signal.o
 .group         0x00000000        0x8 PWM_signal.o
 .group         0x00000000        0x8 PWM_signal.o
 .group         0x00000000        0x8 PWM_signal.o
 .group         0x00000000        0x8 PWM_signal.o
 .group         0x00000000        0x8 PWM_signal.o
 .group         0x00000000        0x8 PWM_signal.o
 .group         0x00000000        0x8 PWM_signal.o
 .text          0x00000000        0x0 PWM_signal.o
 .data          0x00000000        0x0 PWM_signal.o
 .bss           0x00000000        0x0 PWM_signal.o
 .text._ZN5hwlib19_pin_in_dummy_class3getEv
                0x00000000        0x4 PWM_signal.o
 .text._ZN5hwlib20_pin_out_dummy_class3setEb
                0x00000000        0x2 PWM_signal.o
 .text._ZN5hwlib23_pin_in_out_dummy_class3setEb
                0x00000000        0x2 PWM_signal.o
 .text._ZN5hwlib23_pin_in_out_dummy_class3getEv
                0x00000000        0x4 PWM_signal.o
 .text._ZN5hwlib23_pin_in_out_dummy_class19direction_set_inputEv
                0x00000000        0x2 PWM_signal.o
 .text._ZN5hwlib23_pin_in_out_dummy_class20direction_set_outputEv
                0x00000000        0x2 PWM_signal.o
 .text._ZN5hwlib19_pin_oc_dummy_class3setEb
                0x00000000        0x2 PWM_signal.o
 .text._ZN5hwlib19_pin_oc_dummy_class3getEv
                0x00000000        0x4 PWM_signal.o
 .text._ZN5hwlib7ostream5flushEv
                0x00000000        0x2 PWM_signal.o
 .text._ZN5hwlib6window5writeENS_8locationENS_5colorE
                0x00000000       0x3e PWM_signal.o
 .text._ZN5hwlib4line4drawERNS_6windowE
                0x00000000       0xa4 PWM_signal.o
 .text._ZN5hwlib6circle4drawERNS_6windowE
                0x00000000      0x2ec PWM_signal.o
 .text._ZN5hwlib4randEv
                0x00000000       0x20 PWM_signal.o
 .text._ZN5hwlib15random_in_rangeEjj
                0x00000000       0x1a PWM_signal.o
 .text._ZN5hwlib24uart_putc_bit_banged_pinEcRNS_7pin_outE
                0x00000000       0x5c PWM_signal.o
 .text._ZN5hwlib7wait_nsEi
                0x00000000       0x10 PWM_signal.o
 .text._ZN5hwlib5blinkERNS_7pin_outEi
                0x00000000       0x28 PWM_signal.o
 .text._ZN5hwlib4kittERNS_11port_in_outEi
                0x00000000       0x54 PWM_signal.o
 .text._ZN5hwlib4kittERNS_8port_outEi
                0x00000000       0x4e PWM_signal.o
 .text._ZN5hwlib4kittERNS_7port_ocEi
                0x00000000       0x4e PWM_signal.o
 .text._ZN5hwlib21graphics_random_linesERNS_6windowE
                0x00000000       0xe8 PWM_signal.o
 .text._ZN5hwlib23graphics_random_circlesERNS_6windowE
                0x00000000       0x8c PWM_signal.o
 .text._ZN5hwlib9uart_putcEc
                0x00000000       0x3c PWM_signal.o
 .text._ZN5hwlib20cout_using_uart_putc4putcEc
                0x00000000        0xa PWM_signal.o
 .rodata._ZTVN5hwlib19_pin_in_dummy_classE
                0x00000000        0xc PWM_signal.o
 .rodata._ZTVN5hwlib20_pin_out_dummy_classE
                0x00000000        0xc PWM_signal.o
 .rodata._ZTVN5hwlib23_pin_in_out_dummy_classE
                0x00000000       0x18 PWM_signal.o
 .rodata._ZTVN5hwlib19_pin_oc_dummy_classE
                0x00000000       0x10 PWM_signal.o
 .rodata._ZTVN5hwlib20cout_using_uart_putcE
                0x00000000       0x10 PWM_signal.o
 .rodata._ZTVN5hwlib4lineE
                0x00000000        0xc PWM_signal.o
 .rodata._ZTVN5hwlib6circleE
                0x00000000        0xc PWM_signal.o
 .bss._ZGVZN5hwlib9uart_putcEcE3pin
                0x00000000        0x4 PWM_signal.o
 .data._ZN5hwlib12pin_in_dummyE
                0x00000000        0x4 PWM_signal.o
 .data._ZN5hwlib16pin_in_out_dummyE
                0x00000000        0x4 PWM_signal.o
 .bss._ZZN5hwlib9uart_putcEcE3pin
                0x00000000        0xc PWM_signal.o
 .bss._ZZN5hwlib4randEvE1n
                0x00000000        0x4 PWM_signal.o
 .data._ZN5hwlib13pin_out_dummyE
                0x00000000        0x4 PWM_signal.o
 .data._ZN5hwlib4coutE
                0x00000000       0x14 PWM_signal.o
 .data._ZN5hwlib12pin_oc_dummyE
                0x00000000        0x4 PWM_signal.o
 .group         0x00000000        0x8 servo.o
 .group         0x00000000        0x8 servo.o
 .group         0x00000000        0x8 servo.o
 .group         0x00000000        0x8 servo.o
 .group         0x00000000        0x8 servo.o
 .group         0x00000000        0x8 servo.o
 .group         0x00000000        0x8 servo.o
 .group         0x00000000        0x8 servo.o
 .group         0x00000000        0x8 servo.o
 .group         0x00000000        0x8 servo.o
 .group         0x00000000        0x8 servo.o
 .group         0x00000000        0x8 servo.o
 .group         0x00000000        0x8 servo.o
 .group         0x00000000        0x8 servo.o
 .group         0x00000000        0x8 servo.o
 .group         0x00000000        0x8 servo.o
 .group         0x00000000        0x8 servo.o
 .group         0x00000000        0x8 servo.o
 .group         0x00000000        0x8 servo.o
 .group         0x00000000        0x8 servo.o
 .group         0x00000000        0x8 servo.o
 .group         0x00000000        0x8 servo.o
 .group         0x00000000        0x8 servo.o
 .text          0x00000000        0x0 servo.o
 .data          0x00000000        0x0 servo.o
 .bss           0x00000000        0x0 servo.o
 .text._ZN5hwlib19_pin_in_dummy_class3getEv
                0x00000000        0x4 servo.o
 .text._ZN5hwlib20_pin_out_dummy_class3setEb
                0x00000000        0x2 servo.o
 .text._ZN5hwlib23_pin_in_out_dummy_class3setEb
                0x00000000        0x2 servo.o
 .text._ZN5hwlib23_pin_in_out_dummy_class3getEv
                0x00000000        0x4 servo.o
 .text._ZN5hwlib23_pin_in_out_dummy_class19direction_set_inputEv
                0x00000000        0x2 servo.o
 .text._ZN5hwlib23_pin_in_out_dummy_class20direction_set_outputEv
                0x00000000        0x2 servo.o
 .text._ZN5hwlib19_pin_oc_dummy_class3setEb
                0x00000000        0x2 servo.o
 .text._ZN5hwlib19_pin_oc_dummy_class3getEv
                0x00000000        0x4 servo.o
 .text._ZN5hwlib7ostream5flushEv
                0x00000000        0x2 servo.o
 .text._ZN3due7pin_out3setEb
                0x00000000        0xe servo.o
 .text._ZN5hwlib6window5writeENS_8locationENS_5colorE
                0x00000000       0x3e servo.o
 .text._ZN5hwlib4line4drawERNS_6windowE
                0x00000000       0xa4 servo.o
 .text._ZN5hwlib6circle4drawERNS_6windowE
                0x00000000      0x2ec servo.o
 .text._ZN5hwlib4randEv
                0x00000000       0x20 servo.o
 .text._ZN5hwlib15random_in_rangeEjj
                0x00000000       0x1a servo.o
 .text._ZN3due8pin_infoENS_4pinsE
                0x00000000       0x20 servo.o
 .text._ZN3due14port_registersEi
                0x00000000       0x48 servo.o
 .text._ZN5hwlib7wait_usEi
                0x00000000       0x28 servo.o
 .text._ZN5hwlib24uart_putc_bit_banged_pinEcRNS_7pin_outE
                0x00000000       0x5c servo.o
 .text._ZN5hwlib7wait_nsEi
                0x00000000       0x10 servo.o
 .text._ZN5hwlib7wait_msEi
                0x00000000       0x16 servo.o
 .text._ZN5hwlib5blinkERNS_7pin_outEi
                0x00000000       0x28 servo.o
 .text._ZN5hwlib4kittERNS_11port_in_outEi
                0x00000000       0x54 servo.o
 .text._ZN5hwlib4kittERNS_8port_outEi
                0x00000000       0x4e servo.o
 .text._ZN5hwlib4kittERNS_7port_ocEi
                0x00000000       0x4e servo.o
 .text._ZN5hwlib21graphics_random_linesERNS_6windowE
                0x00000000       0xe8 servo.o
 .text._ZN5hwlib23graphics_random_circlesERNS_6windowE
                0x00000000       0x8c servo.o
 .text._ZN5hwlib9uart_putcEc
                0x00000000       0x3c servo.o
 .text._ZN5hwlib20cout_using_uart_putc4putcEc
                0x00000000        0xa servo.o
 .rodata._ZTVN5hwlib19_pin_in_dummy_classE
                0x00000000        0xc servo.o
 .rodata._ZTVN5hwlib20_pin_out_dummy_classE
                0x00000000        0xc servo.o
 .rodata._ZTVN5hwlib23_pin_in_out_dummy_classE
                0x00000000       0x18 servo.o
 .rodata._ZTVN5hwlib19_pin_oc_dummy_classE
                0x00000000       0x10 servo.o
 .rodata._ZTVN5hwlib20cout_using_uart_putcE
                0x00000000       0x10 servo.o
 .rodata._ZTVN5hwlib4lineE
                0x00000000        0xc servo.o
 .rodata._ZTVN5hwlib6circleE
                0x00000000        0xc servo.o
 .rodata._ZTVN3due7pin_outE
                0x00000000        0xc servo.o
 .bss._ZGVZN5hwlib9uart_putcEcE3pin
                0x00000000        0x4 servo.o
 .data._ZN5hwlib12pin_in_dummyE
                0x00000000        0x4 servo.o
 .data._ZN5hwlib16pin_in_out_dummyE
                0x00000000        0x4 servo.o
 .bss._ZZN5hwlib9uart_putcEcE3pin
                0x00000000        0xc servo.o
 .bss._ZZN5hwlib4randEvE1n
                0x00000000        0x4 servo.o
 .data._ZN5hwlib13pin_out_dummyE
                0x00000000        0x4 servo.o
 .rodata.str1.1
                0x00000000       0x17 servo.o
 .data._ZN5hwlib4coutE
                0x00000000       0x14 servo.o
 .rodata._ZZN3due8pin_infoENS_4pinsEE14pin_info_array
                0x00000000       0xa4 servo.o
 .data._ZN5hwlib12pin_oc_dummyE
                0x00000000        0x4 servo.o
 .group         0x00000000        0x8 main.o
 .group         0x00000000        0x8 main.o
 .group         0x00000000        0x8 main.o
 .group         0x00000000        0x8 main.o
 .group         0x00000000        0x8 main.o
 .group         0x00000000        0x8 main.o
 .group         0x00000000        0x8 main.o
 .group         0x00000000        0x8 main.o
 .group         0x00000000        0x8 main.o
 .group         0x00000000        0x8 main.o
 .group         0x00000000        0x8 main.o
 .group         0x00000000        0x8 main.o
 .group         0x00000000        0x8 main.o
 .group         0x00000000        0x8 main.o
 .group         0x00000000        0x8 main.o
 .group         0x00000000        0x8 main.o
 .group         0x00000000        0x8 main.o
 .group         0x00000000        0x8 main.o
 .group         0x00000000        0x8 main.o
 .group         0x00000000        0x8 main.o
 .group         0x00000000        0x8 main.o
 .group         0x00000000        0x8 main.o
 .text          0x00000000        0x0 main.o
 .data          0x00000000        0x0 main.o
 .bss           0x00000000        0x0 main.o
 .text._ZN5hwlib19_pin_in_dummy_class3getEv
                0x00000000        0x4 main.o
 .text._ZN5hwlib20_pin_out_dummy_class3setEb
                0x00000000        0x2 main.o
 .text._ZN5hwlib23_pin_in_out_dummy_class3setEb
                0x00000000        0x2 main.o
 .text._ZN5hwlib23_pin_in_out_dummy_class3getEv
                0x00000000        0x4 main.o
 .text._ZN5hwlib23_pin_in_out_dummy_class19direction_set_inputEv
                0x00000000        0x2 main.o
 .text._ZN5hwlib23_pin_in_out_dummy_class20direction_set_outputEv
                0x00000000        0x2 main.o
 .text._ZN5hwlib19_pin_oc_dummy_class3setEb
                0x00000000        0x2 main.o
 .text._ZN5hwlib19_pin_oc_dummy_class3getEv
                0x00000000        0x4 main.o
 .text._ZN5hwlib7ostream5flushEv
                0x00000000        0x2 main.o
 .text._ZN3due7pin_out3setEb
                0x00000000        0xe main.o
 .text._ZN5hwlib6window5writeENS_8locationENS_5colorE
                0x00000000       0x3e main.o
 .text._ZN5hwlib4line4drawERNS_6windowE
                0x00000000       0xa4 main.o
 .text._ZN5hwlib6circle4drawERNS_6windowE
                0x00000000      0x2ec main.o
 .text._ZN5hwlib4randEv
                0x00000000       0x20 main.o
 .text._ZN5hwlib15random_in_rangeEjj
                0x00000000       0x1a main.o
 .text._ZN3due8pin_infoENS_4pinsE
                0x00000000       0x20 main.o
 .text._ZN3due14port_registersEi
                0x00000000       0x48 main.o
 .text._ZN5hwlib7wait_usEi
                0x00000000       0x28 main.o
 .text._ZN5hwlib24uart_putc_bit_banged_pinEcRNS_7pin_outE
                0x00000000       0x5c main.o
 .text._ZN5hwlib7wait_nsEi
                0x00000000       0x10 main.o
 .text._ZN5hwlib7wait_msEi
                0x00000000       0x16 main.o
 .text._ZN5hwlib5blinkERNS_7pin_outEi
                0x00000000       0x28 main.o
 .text._ZN5hwlib4kittERNS_11port_in_outEi
                0x00000000       0x54 main.o
 .text._ZN5hwlib4kittERNS_8port_outEi
                0x00000000       0x4e main.o
 .text._ZN5hwlib4kittERNS_7port_ocEi
                0x00000000       0x4e main.o
 .text._ZN5hwlib21graphics_random_linesERNS_6windowE
                0x00000000       0xe8 main.o
 .text._ZN5hwlib23graphics_random_circlesERNS_6windowE
                0x00000000       0x8c main.o
 .text._ZN5hwlib9uart_putcEc
                0x00000000       0x3c main.o
 .text._ZN5hwlib20cout_using_uart_putc4putcEc
                0x00000000        0xa main.o
 .rodata._ZTVN5hwlib19_pin_in_dummy_classE
                0x00000000        0xc main.o
 .rodata._ZTVN5hwlib20_pin_out_dummy_classE
                0x00000000        0xc main.o
 .rodata._ZTVN5hwlib23_pin_in_out_dummy_classE
                0x00000000       0x18 main.o
 .rodata._ZTVN5hwlib19_pin_oc_dummy_classE
                0x00000000       0x10 main.o
 .rodata._ZTVN5hwlib20cout_using_uart_putcE
                0x00000000       0x10 main.o
 .rodata._ZTVN5hwlib4lineE
                0x00000000        0xc main.o
 .rodata._ZTVN5hwlib6circleE
                0x00000000        0xc main.o
 .rodata._ZTVN3due7pin_outE
                0x00000000        0xc main.o
 .bss._ZGVZN5hwlib9uart_putcEcE3pin
                0x00000000        0x4 main.o
 .data._ZN5hwlib12pin_in_dummyE
                0x00000000        0x4 main.o
 .data._ZN5hwlib16pin_in_out_dummyE
                0x00000000        0x4 main.o
 .bss._ZZN5hwlib9uart_putcEcE3pin
                0x00000000        0xc main.o
 .bss._ZZN5hwlib4randEvE1n
                0x00000000        0x4 main.o
 .data._ZN5hwlib13pin_out_dummyE
                0x00000000        0x4 main.o
 .rodata.str1.1
                0x00000000       0x17 main.o
 .data._ZN5hwlib4coutE
                0x00000000       0x14 main.o
 .rodata._ZZN3due8pin_infoENS_4pinsEE14pin_info_array
                0x00000000       0xa4 main.o
 .data._ZN5hwlib12pin_oc_dummyE
                0x00000000        0x4 main.o
 .text          0x00000000        0x0 bmptk_cortex.o
 .data          0x00000000        0x0 bmptk_cortex.o
 .bss           0x00000000        0x0 bmptk_cortex.o
 .text.__aeabi_idiv0
                0x00000000        0x4 bmptk_cortex.o
 .text.__cxa_pure_virtual
                0x00000000        0x2 bmptk_cortex.o
 COMMON         0x00000000        0x4 bmptk_cortex.o
 .text          0x00000000        0x0 bmptk_heap_none.o
 .data          0x00000000        0x0 bmptk_heap_none.o
 .bss           0x00000000        0x0 bmptk_heap_none.o
 .text.malloc   0x00000000        0xa bmptk_heap_none.o
 .text.free     0x00000000        0x4 bmptk_heap_none.o
 .text          0x00000000        0x0 bmptk_fixed_size_stack.o
 .data          0x00000000        0x0 bmptk_fixed_size_stack.o
 .bss           0x00000000        0x0 bmptk_fixed_size_stack.o

Memory Configuration

Name             Origin             Length             Attributes
rom              0x00000000         0x00080000         xr
ram              0x20000000         0x00018000         xrw
nul              0x20000000         0x00000000         xrw
*default*        0x00000000         0xffffffff

Linker script and memory map

LOAD c:/program files (x86)/gnu tools arm embedded/5.3 2016q1/bin/../lib/gcc/arm-none-eabi/5.3.1/armv7-m\libgcc.a
LOAD PWM_signal.o
LOAD servo.o
LOAD main.o
LOAD bmptk_cortex.o
LOAD bmptk_heap_none.o
LOAD bmptk_fixed_size_stack.o
LOAD c:/program files (x86)/gnu tools arm embedded/5.3 2016q1/bin/../lib/gcc/arm-none-eabi/5.3.1/../../../../arm-none-eabi/lib/armv7-m\libstdc++.a
LOAD c:/program files (x86)/gnu tools arm embedded/5.3 2016q1/bin/../lib/gcc/arm-none-eabi/5.3.1/../../../../arm-none-eabi/lib/armv7-m\libm.a
START GROUP
LOAD c:/program files (x86)/gnu tools arm embedded/5.3 2016q1/bin/../lib/gcc/arm-none-eabi/5.3.1/armv7-m\libgcc.a
LOAD c:/program files (x86)/gnu tools arm embedded/5.3 2016q1/bin/../lib/gcc/arm-none-eabi/5.3.1/../../../../arm-none-eabi/lib/armv7-m\libc.a
END GROUP
                0x00000000                __rom_start = ORIGIN (rom)
                0x00080000                __rom_size = LENGTH (rom)
                0x00080000                __rom_end = (__rom_start + __rom_size)
                0x20000000                __ram_start = ORIGIN (ram)
                0x00018000                __ram_size = LENGTH (ram)
                0x20018000                __ram_end = (__ram_start + __ram_size)
                [!provide]                PROVIDE (__rom_start, __rom_start)
                [!provide]                PROVIDE (__rom_size, __rom_size)
                [!provide]                PROVIDE (__rom_end, __rom_end)
                [!provide]                PROVIDE (__ram_start, __ram_start)
                [!provide]                PROVIDE (__ram_size, __ram_size)
                [!provide]                PROVIDE (__ram_end, __ram_end)

.text           0x00000000      0x2dc
                0x00000000                . = ALIGN (0x4)
                0x00000000                __text_start = .
                [!provide]                PROVIDE (__text_start, __text_start)
                0x00000000                . = ALIGN (0x4)
 *(.vectors)
 .vectors       0x00000000       0x20 bmptk_cortex.o
                0x00000000                __vectors
                0x00000020                . = ALIGN (0x4)
 *(.text .text.* .gnu.linkonce.t.*)
 .text._ZN3due7pin_out3setEb
                0x00000020        0xe PWM_signal.o
                0x00000020                due::pin_out::set(bool)
 *fill*         0x0000002e        0x2 
 .text._ZN3due8pin_infoENS_4pinsE
                0x00000030       0x20 PWM_signal.o
                0x00000030                due::pin_info(due::pins)
 .text._ZN3due14port_registersEi
                0x00000050       0x48 PWM_signal.o
                0x00000050                due::port_registers(int)
 *fill*         0x00000098        0x8 
 .text._ZN5hwlib7wait_usEi
                0x000000a0       0x28 PWM_signal.o
                0x000000a0                hwlib::wait_us(int)
 .text._ZN5hwlib7wait_msEi
                0x000000c8       0x16 PWM_signal.o
                0x000000c8                hwlib::wait_ms(int)
 .text._ZN10PWM_signal9PWM_pulseEi
                0x000000de       0x28 PWM_signal.o
                0x000000de                PWM_signal::PWM_pulse(int)
 *fill*         0x00000106        0x2 
 .text._ZN10PWM_signalC2ERN3due7pin_outE
                0x00000108        0xc PWM_signal.o
                0x00000108                PWM_signal::PWM_signal(due::pin_out&)
                0x00000108                PWM_signal::PWM_signal(due::pin_out&)
 .text._ZN5servoC2ERN3due7pin_outE
                0x00000114       0x14 servo.o
                0x00000114                servo::servo(due::pin_out&)
                0x00000114                servo::servo(due::pin_out&)
 .text._ZN5servo11turnDegreesEi
                0x00000128       0x26 servo.o
                0x00000128                servo::turnDegrees(int)
 *fill*         0x0000014e        0x2 
 .text.startup.main
                0x00000150       0x64 main.o
                0x00000150                main
 .text.__startup
                0x000001b4       0x48 bmptk_cortex.o
                0x000001b4                __startup
                0x000001fc                . = ALIGN (0x4)
 *(.glue_7t .glue_7)
 .glue_7        0x000001fc        0x0 linker stubs
 .glue_7t       0x000001fc        0x0 linker stubs
                0x000001fc                . = ALIGN (0x4)
 *(.rodata .rodata.* .gnu.linkonce.r.*)
 .rodata._ZTVN3due7pin_outE
                0x000001fc        0xc PWM_signal.o
                0x000001fc                vtable for due::pin_out
 .rodata.str1.1
                0x00000208       0x17 PWM_signal.o
 .rodata._ZZN3due8pin_infoENS_4pinsEE14pin_info_array
                0x0000021f       0xa4 PWM_signal.o
 *fill*         0x000002c3        0x1 
 .rodata._ZTV10PWM_signal
                0x000002c4        0xc PWM_signal.o
                0x000002c4                vtable for PWM_signal
 .rodata._ZTV5servo
                0x000002d0        0xc servo.o
                0x000002d0                vtable for servo
                0x000002dc                . = ALIGN (0x4)
 *(.ARM.extab* .gnu.linkonce.armextab.*)
                0x000002dc                . = ALIGN (0x4)
 *(.gcc_except_table)
                0x000002dc                . = ALIGN (0x4)
 *(.eh_frame_hdr)
                0x000002dc                . = ALIGN (0x4)
 *(.eh_frame)
                0x000002dc                . = ALIGN (0x4)
                0x000002dc                __text_end = .
                [!provide]                PROVIDE (__text_end, __text_end)

.vfp11_veneer   0x000002dc        0x0
 .vfp11_veneer  0x000002dc        0x0 linker stubs

.v4_bx          0x000002dc        0x0
 .v4_bx         0x000002dc        0x0 linker stubs

.iplt           0x000002dc        0x0
 .iplt          0x000002dc        0x0 PWM_signal.o

.rel.dyn        0x000002dc        0x0
 .rel.iplt      0x000002dc        0x0 PWM_signal.o

.IF_YOU_SEE_THIS_YOU_HAVE_ONE_OR_MORE_GLOBAL_OBJECT_CONSTRUCTORS
 *(.init)
 *(.preinit_array)
 *(SORT(.init_array.*))
 *(.init_array)
                0x000002dc                . = ALIGN (0x4)
                0x000002dc                __exidx_start = .
                [!provide]                PROVIDE (__exidx_start, __exidx_start)

.ARM.exidx
 *(.ARM.exidx* .gnu.linkonce.armexidx.*)
                0x000002dc                . = ALIGN (0x4)
                0x000002dc                __exidx_end = .
                [!provide]                PROVIDE (__exidx_end, __exidx_end)

.bss            0x20000000    0x12000
                0x20000000                . = ALIGN (0x4)
                0x20000000                __stack_start = .
                [!provide]                PROVIDE (__stack_start, __stack_start)
                0x20000000                . = ALIGN (0x4)
 *(.bmptk_stack)
 .bmptk_stack   0x20000000    0x12000 bmptk_fixed_size_stack.o
                0x20000000                bmptk_stack
                0x20012000                . = ALIGN (0x8)
                0x20012000                __main_stack_end = .
                [!provide]                PROVIDE (__main_stack_end, __main_stack_end)
                0x20012000                . = ALIGN (0x4)
                0x20012000                __stack_end = .
                [!provide]                PROVIDE (__stack_end, __stack_end)
                0x20012000                . = ALIGN (0x4)
                0x20012000                __bss_start = .
                [!provide]                PROVIDE (__bss_start, __bss_start)
                0x20012000                . = ALIGN (0x4)
 *(.bss .bss.* .gnu.linkonce.b.*)
                0x20012000                . = ALIGN (0x4)
 *(COMMON)
                0x20012000                . = ALIGN (0x4)
                0x20012000                __bss_end = .
                [!provide]                PROVIDE (__bss_end, __bss_end)

.data           0x20012000        0x0 load address 0x000002dc
                0x20012000                . = ALIGN (0x4)
                0x000002dc                __data_init_start = LOADADDR (.data)
                [!provide]                PROVIDE (__data_init_start, __data_init_start)
                0x20012000                __data_start = .
                [!provide]                PROVIDE (__data_start, __data_start)
                0x20012000                . = ALIGN (0x4)
 *(.data .data.* .gnu.linkonce.d.*)
                0x20012000                . = ALIGN (0x4)
                0x20012000                __data_end = .
                [!provide]                PROVIDE (__data_end, __data_end)
                0x000002dc                __data_init_end = LOADADDR (.data)
                [!provide]                PROVIDE (__data_init_end, __data_init_end)
                0x00000000                PROVIDE (__data_size, (__data_end - __data_start))
                0x00000000                PROVIDE (__data_init_size, __data_size)
                [!provide]                PROVIDE (__data_init_end, (__data_init_start + __data_init_size))

.igot.plt       0x20012000        0x0 load address 0x000002dc
 .igot.plt      0x20012000        0x0 PWM_signal.o
                0x20012000                . = ALIGN (0x4)
                0x20012000                __heap_start = .
                [!provide]                PROVIDE (__heap_start, __heap_start)
                0x20012000                . = ALIGN (0x4)
                0x20018000                __heap_end = __ram_end
                [!provide]                PROVIDE (__heap_end, __heap_end)

.stab
 *(.stab)

.stabstr
 *(.stabstr)

.debug
 *(.debug)

.line
 *(.line)

.debug_srcinfo
 *(.debug_srcinfo)

.debug_sfnames
 *(.debug_sfnames)

.debug_aranges
 *(.debug_aranges)

.debug_pubnames
 *(.debug_pubnames)

.debug_info
 *(.debug_info .gnu.linkonce.wi.*)

.debug_abbrev
 *(.debug_abbrev)

.debug_line
 *(.debug_line)

.debug_frame
 *(.debug_frame)

.debug_str
 *(.debug_str)

.debug_loc
 *(.debug_loc)

.debug_macinfo
 *(.debug_macinfo)

.debug_weaknames
 *(.debug_weaknames)

.debug_funcnames
 *(.debug_funcnames)

.debug_typenames
 *(.debug_typenames)

.debug_varnames
 *(.debug_varnames)

.note.gnu.arm.ident
 *(.note.gnu.arm.ident)

.ARM.attributes
                0x00000000       0x33
 *(.ARM.attributes)
 .ARM.attributes
                0x00000000       0x33 PWM_signal.o
 .ARM.attributes
                0x00000033       0x33 servo.o
 .ARM.attributes
                0x00000066       0x33 main.o
 .ARM.attributes
                0x00000099       0x33 bmptk_cortex.o
 .ARM.attributes
                0x000000cc       0x33 bmptk_heap_none.o
 .ARM.attributes
                0x000000ff       0x33 bmptk_fixed_size_stack.o

/DISCARD/
 *(.note.GNU-stack)
                [!provide]                PROVIDE (__text_size, (__text_end - __text_start))
                [!provide]                PROVIDE (__exidx_size, (__exidx_end - __exidx_start))
                [!provide]                PROVIDE (__bss_size, (__bss_end - __bss_start))
                [!provide]                PROVIDE (__stack_size, (__stack_end - __stack_start))
                [!provide]                PROVIDE (__heap_size, (__heap_end - __heap_start))
OUTPUT(main.elf elf32-littlearm)

.comment        0x00000000       0x6e
 .comment       0x00000000       0x6e PWM_signal.o
                                 0x6f (size before relaxing)
 .comment       0x0000006e       0x6f servo.o
 .comment       0x0000006e       0x6f main.o
 .comment       0x0000006e       0x6f bmptk_cortex.o
 .comment       0x0000006e       0x6f bmptk_heap_none.o
 .comment       0x0000006e       0x6f bmptk_fixed_size_stack.o
