
Allocating common symbols
Common symbol       size              file

__dso_handle        0x4               bmptk_cortex.o

Discarded input sections

 .group         0x00000000        0x8 main.o
 .group         0x00000000        0x8 main.o
 .group         0x00000000        0x8 main.o
 .group         0x00000000        0x8 main.o
 .group         0x00000000        0x8 main.o
 .group         0x00000000        0x8 main.o
 .group         0x00000000        0x8 main.o
 .group         0x00000000        0x8 main.o
 .group         0x00000000        0x8 main.o
 .group         0x00000000        0x8 main.o
 .group         0x00000000        0x8 main.o
 .group         0x00000000        0x8 main.o
 .group         0x00000000        0x8 main.o
 .group         0x00000000        0x8 main.o
 .group         0x00000000        0x8 main.o
 .group         0x00000000        0x8 main.o
 .group         0x00000000        0x8 main.o
 .group         0x00000000        0x8 main.o
 .group         0x00000000        0x8 main.o
 .group         0x00000000        0x8 main.o
 .group         0x00000000        0x8 main.o
 .group         0x00000000        0x8 main.o
 .group         0x00000000        0x8 main.o
 .group         0x00000000        0x8 main.o
 .group         0x00000000        0x8 main.o
 .group         0x00000000        0x8 main.o
 .group         0x00000000        0x8 main.o
 .group         0x00000000        0x8 main.o
 .group         0x00000000        0x8 main.o
 .group         0x00000000        0x8 main.o
 .group         0x00000000        0x8 main.o
 .group         0x00000000        0x8 main.o
 .group         0x00000000        0x8 main.o
 .group         0x00000000        0x8 main.o
 .group         0x00000000        0x8 main.o
 .group         0x00000000        0x8 main.o
 .group         0x00000000        0x8 main.o
 .group         0x00000000        0x8 main.o
 .group         0x00000000        0x8 main.o
 .group         0x00000000        0x8 main.o
 .group         0x00000000        0x8 main.o
 .group         0x00000000        0x8 main.o
 .group         0x00000000        0x8 main.o
 .group         0x00000000        0x8 main.o
 .group         0x00000000        0x8 main.o
 .group         0x00000000        0x8 main.o
 .group         0x00000000        0x8 main.o
 .group         0x00000000        0x8 main.o
 .group         0x00000000        0x8 main.o
 .group         0x00000000        0x8 main.o
 .group         0x00000000        0x8 main.o
 .group         0x00000000        0x8 main.o
 .group         0x00000000        0x8 main.o
 .group         0x00000000        0x8 main.o
 .group         0x00000000        0x8 main.o
 .group         0x00000000        0x8 main.o
 .group         0x00000000        0x8 main.o
 .group         0x00000000        0x8 main.o
 .group         0x00000000        0x8 main.o
 .group         0x00000000        0x8 main.o
 .group         0x00000000        0x8 main.o
 .group         0x00000000        0x8 main.o
 .group         0x00000000        0x8 main.o
 .group         0x00000000        0x8 main.o
 .group         0x00000000        0x8 main.o
 .group         0x00000000        0x8 main.o
 .group         0x00000000        0x8 main.o
 .group         0x00000000        0x8 main.o
 .group         0x00000000        0x8 main.o
 .group         0x00000000        0x8 main.o
 .group         0x00000000        0x8 main.o
 .group         0x00000000        0x8 main.o
 .group         0x00000000        0x8 main.o
 .group         0x00000000        0x8 main.o
 .group         0x00000000        0x8 main.o
 .group         0x00000000        0x8 main.o
 .group         0x00000000        0x8 main.o
 .group         0x00000000        0x8 main.o
 .group         0x00000000        0x8 main.o
 .group         0x00000000        0x8 main.o
 .group         0x00000000        0x8 main.o
 .group         0x00000000        0x8 main.o
 .group         0x00000000        0x8 main.o
 .group         0x00000000        0x8 main.o
 .group         0x00000000        0x8 main.o
 .group         0x00000000        0x8 main.o
 .group         0x00000000        0x8 main.o
 .group         0x00000000        0x8 main.o
 .group         0x00000000        0x8 main.o
 .group         0x00000000        0x8 main.o
 .group         0x00000000        0x8 main.o
 .group         0x00000000        0x8 main.o
 .group         0x00000000        0x8 main.o
 .group         0x00000000        0x8 main.o
 .group         0x00000000        0x8 main.o
 .group         0x00000000        0x8 main.o
 .group         0x00000000        0x8 main.o
 .group         0x00000000        0x8 main.o
 .group         0x00000000        0x8 main.o
 .group         0x00000000        0x8 main.o
 .group         0x00000000        0x8 main.o
 .group         0x00000000        0x8 main.o
 .group         0x00000000        0x8 main.o
 .group         0x00000000        0x8 main.o
 .group         0x00000000        0x8 main.o
 .group         0x00000000        0x8 main.o
 .group         0x00000000        0x8 main.o
[...]
Memory Configuration

Name             Origin             Length             Attributes
rom              0x00000000         0x00080000         xr
ram              0x20000000         0x00018000         xrw
nul              0x20000000         0x00000000         xrw
*default*        0x00000000         0xffffffff

Linker script and memory map

LOAD c:/program files (x86)/gnu tools arm embedded/4.9 2015q3/bin/../lib/gcc/arm-none-eabi/4.9.3/armv7-m\libgcc.a
LOAD main.o
LOAD bmptk_cortex.o
LOAD bmptk_heap_none.o
LOAD bmptk_calculated_size_stack.o
LOAD c:/program files (x86)/gnu tools arm embedded/4.9 2015q3/bin/../lib/gcc/arm-none-eabi/4.9.3/../../../../arm-none-eabi/lib/armv7-m\libstdc++.a
LOAD c:/program files (x86)/gnu tools arm embedded/4.9 2015q3/bin/../lib/gcc/arm-none-eabi/4.9.3/../../../../arm-none-eabi/lib/armv7-m\libm.a
START GROUP
LOAD c:/program files (x86)/gnu tools arm embedded/4.9 2015q3/bin/../lib/gcc/arm-none-eabi/4.9.3/armv7-m\libgcc.a
LOAD c:/program files (x86)/gnu tools arm embedded/4.9 2015q3/bin/../lib/gcc/arm-none-eabi/4.9.3/../../../../arm-none-eabi/lib/armv7-m\libc.a
END GROUP
                0x00000000                __rom_start = ORIGIN (rom)
                0x00080000                __rom_size = 0x80000
                0x00080000                __rom_end = (__rom_start + __rom_size)
                0x20000000                __ram_start = ORIGIN (ram)
                0x00018000                __ram_size = 0x18000
                0x20018000                __ram_end = (__ram_start + __ram_size)
                [0x00000000]                PROVIDE (__rom_start, __rom_start)
                [0x00080000]                PROVIDE (__rom_size, __rom_size)
                [0x00080000]                PROVIDE (__rom_end, __rom_end)
                [0x20000000]                PROVIDE (__ram_start, __ram_start)
                [0x00018000]                PROVIDE (__ram_size, __ram_size)
                [0x20018000]                PROVIDE (__ram_end, __ram_end)

.text           0x00000000     0x7564
                0x00000000                . = ALIGN (0x4)
                0x00000000                __text_start = .
                [0x00000000]                PROVIDE (__text_start, __text_start)
                0x00000000                . = ALIGN (0x4)
 *(.vectors)
 .vectors       0x00000000       0x20 bmptk_cortex.o
                0x00000000                __vectors
                0x00000020                . = ALIGN (0x4)
 *(.text .text.* .gnu.linkonce.t.*)
 .text._Z3usePVc
                0x00000020        0x6 main.o
                0x00000020                use(char volatile*)
 .text._Z9use_stackILi1000EEvv
                0x00000026       0x14 main.o
                0x00000026                void use_stack<1000>()
 .text._Z9use_stackILi999EEvv
                0x0000003a       0x14 main.o
                0x0000003a                void use_stack<999>()
 .text._Z9use_stackILi998EEvv
                0x0000004e       0x14 main.o
                0x0000004e                void use_stack<998>()
 .text._Z9use_stackILi997EEvv
                0x00000062       0x14 main.o
                0x00000062                void use_stack<997>()
 .text._Z9use_stackILi996EEvv
                0x00000076       0x14 main.o
                0x00000076                void use_stack<996>()
 .text._Z9use_stackILi995EEvv
                0x0000008a       0x14 main.o
                0x0000008a                void use_stack<995>()
 .text._Z9use_stackILi994EEvv
                0x0000009e       0x14 main.o
                0x0000009e                void use_stack<994>()
 .text._Z9use_stackILi993EEvv
                0x000000b2       0x14 main.o
                0x000000b2                void use_stack<993>()
 .text._Z9use_stackILi992EEvv
                0x000000c6       0x14 main.o
                0x000000c6                void use_stack<992>()
 .text._Z9use_stackILi991EEvv
                0x000000da       0x14 main.o
                0x000000da                void use_stack<991>()
 .text._Z9use_stackILi990EEvv
                0x000000ee       0x14 main.o
                0x000000ee                void use_stack<990>()
 .text._Z9use_stackILi989EEvv
                0x00000102       0x14 main.o
                0x00000102                void use_stack<989>()
 .text._Z9use_stackILi988EEvv
                0x00000116       0x14 main.o
                0x00000116                void use_stack<988>()
 .text._Z9use_stackILi987EEvv
                0x0000012a       0x14 main.o
                0x0000012a                void use_stack<987>()
 .text._Z9use_stackILi986EEvv
                0x0000013e       0x14 main.o
                0x0000013e                void use_stack<986>()
 .text._Z9use_stackILi985EEvv
                0x00000152       0x14 main.o
                0x00000152                void use_stack<985>()
 .text._Z9use_stackILi984EEvv
                0x00000166       0x14 main.o
                0x00000166                void use_stack<984>()
 .text._Z9use_stackILi983EEvv
                0x0000017a       0x14 main.o
                0x0000017a                void use_stack<983>()
 .text._Z9use_stackILi982EEvv
                0x0000018e       0x14 main.o
                0x0000018e                void use_stack<982>()
 .text._Z9use_stackILi981EEvv
                0x000001a2       0x14 main.o
                0x000001a2                void use_stack<981>()
 .text._Z9use_stackILi980EEvv
                0x000001b6       0x14 main.o
                0x000001b6                void use_stack<980>()
 .text._Z9use_stackILi979EEvv
                0x000001ca       0x14 main.o
                0x000001ca                void use_stack<979>()
 .text._Z9use_stackILi978EEvv
                0x000001de       0x14 main.o
                0x000001de                void use_stack<978>()
 .text._Z9use_stackILi977EEvv
                0x000001f2       0x14 main.o
                0x000001f2                void use_stack<977>()
 .text._Z9use_stackILi976EEvv
                0x00000206       0x14 main.o
                0x00000206                void use_stack<976>()
 .text._Z9use_stackILi975EEvv
                0x0000021a       0x14 main.o
                0x0000021a                void use_stack<975>()
 .text._Z9use_stackILi974EEvv
                0x0000022e       0x14 main.o
                0x0000022e                void use_stack<974>()
 .text._Z9use_stackILi973EEvv
                0x00000242       0x14 main.o
                0x00000242                void use_stack<973>()
 .text._Z9use_stackILi972EEvv
                0x00000256       0x14 main.o
                0x00000256                void use_stack<972>()
 .text._Z9use_stackILi971EEvv
                0x0000026a       0x14 main.o
                0x0000026a                void use_stack<971>()
 .text._Z9use_stackILi970EEvv
                0x0000027e       0x14 main.o
                0x0000027e                void use_stack<970>()
 .text._Z9use_stackILi969EEvv
                0x00000292       0x14 main.o
                0x00000292                void use_stack<969>()
 .text._Z9use_stackILi968EEvv
                0x000002a6       0x14 main.o
                0x000002a6                void use_stack<968>()
 .text._Z9use_stackILi967EEvv
                0x000002ba       0x14 main.o
                0x000002ba                void use_stack<967>()
 .text._Z9use_stackILi966EEvv
                0x000002ce       0x14 main.o
                0x000002ce                void use_stack<966>()
 .text._Z9use_stackILi965EEvv
                0x000002e2       0x14 main.o
                0x000002e2                void use_stack<965>()
 .text._Z9use_stackILi964EEvv
                0x000002f6       0x14 main.o
                0x000002f6                void use_stack<964>()
 .text._Z9use_stackILi963EEvv
                0x0000030a       0x14 main.o
                0x0000030a                void use_stack<963>()
 .text._Z9use_stackILi962EEvv
                0x0000031e       0x14 main.o
                0x0000031e                void use_stack<962>()
 .text._Z9use_stackILi961EEvv
                0x00000332       0x14 main.o
                0x00000332                void use_stack<961>()
 .text._Z9use_stackILi960EEvv
                0x00000346       0x14 main.o
                0x00000346                void use_stack<960>()
 .text._Z9use_stackILi959EEvv
                0x0000035a       0x14 main.o
                0x0000035a                void use_stack<959>()
 .text._Z9use_stackILi958EEvv
                0x0000036e       0x14 main.o
                0x0000036e                void use_stack<958>()
 .text._Z9use_stackILi957EEvv
                0x00000382       0x14 main.o
                0x00000382                void use_stack<957>()
 .text._Z9use_stackILi956EEvv
                0x00000396       0x14 main.o
                0x00000396                void use_stack<956>()
 .text._Z9use_stackILi955EEvv
                0x000003aa       0x14 main.o
                0x000003aa                void use_stack<955>()
 .text._Z9use_stackILi954EEvv
                0x000003be       0x14 main.o
                0x000003be                void use_stack<954>()
 .text._Z9use_stackILi953EEvv
                0x000003d2       0x14 main.o
                0x000003d2                void use_stack<953>()
 .text._Z9use_stackILi952EEvv
                0x000003e6       0x14 main.o
                0x000003e6                void use_stack<952>()
 .text._Z9use_stackILi951EEvv
                0x000003fa       0x14 main.o
                0x000003fa                void use_stack<951>()
 .text._Z9use_stackILi950EEvv
                0x0000040e       0x14 main.o
                0x0000040e                void use_stack<950>()
 .text._Z9use_stackILi949EEvv
                0x00000422       0x14 main.o
                0x00000422                void use_stack<949>()
 .text._Z9use_stackILi948EEvv
                0x00000436       0x14 main.o
                0x00000436                void use_stack<948>()
 .text._Z9use_stackILi947EEvv
                0x0000044a       0x14 main.o
                0x0000044a                void use_stack<947>()
 .text._Z9use_stackILi946EEvv
                0x0000045e       0x14 main.o
                0x0000045e                void use_stack<946>()
 .text._Z9use_stackILi945EEvv
                0x00000472       0x14 main.o
                0x00000472                void use_stack<945>()
 .text._Z9use_stackILi944EEvv
                0x00000486       0x14 main.o
                0x00000486                void use_stack<944>()
 .text._Z9use_stackILi943EEvv
                0x0000049a       0x14 main.o
                0x0000049a                void use_stack<943>()
 .text._Z9use_stackILi942EEvv
                0x000004ae       0x14 main.o
                0x000004ae                void use_stack<942>()
 .text._Z9use_stackILi941EEvv
                0x000004c2       0x14 main.o
                0x000004c2                void use_stack<941>()
 .text._Z9use_stackILi940EEvv
                0x000004d6       0x14 main.o
                0x000004d6                void use_stack<940>()
 .text._Z9use_stackILi939EEvv
                0x000004ea       0x14 main.o
                0x000004ea                void use_stack<939>()
 .text._Z9use_stackILi938EEvv
                0x000004fe       0x14 main.o
                0x000004fe                void use_stack<938>()
 .text._Z9use_stackILi937EEvv
                0x00000512       0x14 main.o
                0x00000512                void use_stack<937>()
 .text._Z9use_stackILi936EEvv
                0x00000526       0x14 main.o
                0x00000526                void use_stack<936>()
 .text._Z9use_stackILi935EEvv
                0x0000053a       0x14 main.o
                0x0000053a                void use_stack<935>()
 .text._Z9use_stackILi934EEvv
                0x0000054e       0x14 main.o
                0x0000054e                void use_stack<934>()
 .text._Z9use_stackILi933EEvv
                0x00000562       0x14 main.o
                0x00000562                void use_stack<933>()
 .text._Z9use_stackILi932EEvv
                0x00000576       0x14 main.o
                0x00000576                void use_stack<932>()
 .text._Z9use_stackILi931EEvv
                0x0000058a       0x14 main.o
                0x0000058a                void use_stack<931>()
 .text._Z9use_stackILi930EEvv
                0x0000059e       0x14 main.o
                0x0000059e                void use_stack<930>()
 .text._Z9use_stackILi929EEvv
                0x000005b2       0x14 main.o
                0x000005b2                void use_stack<929>()
 .text._Z9use_stackILi928EEvv
                0x000005c6       0x14 main.o
                0x000005c6                void use_stack<928>()
 .text._Z9use_stackILi927EEvv
                0x000005da       0x14 main.o
                0x000005da                void use_stack<927>()
 .text._Z9use_stackILi926EEvv
                0x000005ee       0x14 main.o
                0x000005ee                void use_stack<926>()
 .text._Z9use_stackILi925EEvv
                0x00000602       0x14 main.o
                0x00000602                void use_stack<925>()
 .text._Z9use_stackILi924EEvv
                0x00000616       0x14 main.o
                0x00000616                void use_stack<924>()
 .text._Z9use_stackILi923EEvv
                0x0000062a       0x14 main.o
                0x0000062a                void use_stack<923>()
 .text._Z9use_stackILi922EEvv
                0x0000063e       0x14 main.o
                0x0000063e                void use_stack<922>()
 .text._Z9use_stackILi921EEvv
                0x00000652       0x14 main.o
                0x00000652                void use_stack<921>()
 .text._Z9use_stackILi920EEvv
                0x00000666       0x14 main.o
                0x00000666                void use_stack<920>()
 .text._Z9use_stackILi919EEvv
                0x0000067a       0x14 main.o
                0x0000067a                void use_stack<919>()
 .text._Z9use_stackILi918EEvv
                0x0000068e       0x14 main.o
                0x0000068e                void use_stack<918>()
 .text._Z9use_stackILi917EEvv
                0x000006a2       0x14 main.o
                0x000006a2                void use_stack<917>()
 .text._Z9use_stackILi916EEvv
                0x000006b6       0x14 main.o
                0x000006b6                void use_stack<916>()
 .text._Z9use_stackILi915EEvv
                0x000006ca       0x14 main.o
                0x000006ca                void use_stack<915>()
 .text._Z9use_stackILi914EEvv
                0x000006de       0x14 main.o
                0x000006de                void use_stack<914>()
 .text._Z9use_stackILi913EEvv
                0x000006f2       0x14 main.o
                0x000006f2                void use_stack<913>()
 .text._Z9use_stackILi912EEvv
                0x00000706       0x14 main.o
                0x00000706                void use_stack<912>()
 .text._Z9use_stackILi911EEvv
                0x0000071a       0x14 main.o
                0x0000071a                void use_stack<911>()
 .text._Z9use_stackILi910EEvv
                0x0000072e       0x14 main.o
                0x0000072e                void use_stack<910>()
 .text._Z9use_stackILi909EEvv
                0x00000742       0x14 main.o
                0x00000742                void use_stack<909>()
 .text._Z9use_stackILi908EEvv
                0x00000756       0x14 main.o
                0x00000756                void use_stack<908>()
 .text._Z9use_stackILi907EEvv
                0x0000076a       0x14 main.o
                0x0000076a                void use_stack<907>()
 .text._Z9use_stackILi906EEvv
                0x0000077e       0x14 main.o
                0x0000077e                void use_stack<906>()
 .text._Z9use_stackILi905EEvv
                0x00000792       0x14 main.o
                0x00000792                void use_stack<905>()
 .text._Z9use_stackILi904EEvv
                0x000007a6       0x14 main.o
                0x000007a6                void use_stack<904>()
 .text._Z9use_stackILi903EEvv
                0x000007ba       0x14 main.o
                0x000007ba                void use_stack<903>()
 .text._Z9use_stackILi902EEvv
                0x000007ce       0x14 main.o
                0x000007ce                void use_stack<902>()
 .text._Z9use_stackILi901EEvv
                0x000007e2       0x14 main.o
                0x000007e2                void use_stack<901>()
 .text._Z9use_stackILi900EEvv
                0x000007f6       0x14 main.o
                0x000007f6                void use_stack<900>()
 .text._Z9use_stackILi899EEvv
                0x0000080a       0x14 main.o
                0x0000080a                void use_stack<899>()
 .text._Z9use_stackILi898EEvv
                0x0000081e       0x14 main.o
                0x0000081e                void use_stack<898>()
 .text._Z9use_stackILi897EEvv
                0x00000832       0x14 main.o
                0x00000832                void use_stack<897>()
 .text._Z9use_stackILi896EEvv
                0x00000846       0x14 main.o
                0x00000846                void use_stack<896>()
 .text._Z9use_stackILi895EEvv
                0x0000085a       0x14 main.o
                0x0000085a                void use_stack<895>()
 .text._Z9use_stackILi894EEvv
                0x0000086e       0x14 main.o
                0x0000086e                void use_stack<894>()
 .text._Z9use_stackILi893EEvv
                0x00000882       0x14 main.o
                0x00000882                void use_stack<893>()
 .text._Z9use_stackILi892EEvv
                0x00000896       0x14 main.o
                0x00000896                void use_stack<892>()
 .text._Z9use_stackILi891EEvv
                0x000008aa       0x14 main.o
                0x000008aa                void use_stack<891>()
 .text._Z9use_stackILi890EEvv
                0x000008be       0x14 main.o
                0x000008be                void use_stack<890>()
 .text._Z9use_stackILi889EEvv
                0x000008d2       0x14 main.o
                0x000008d2                void use_stack<889>()
 .text._Z9use_stackILi888EEvv
                0x000008e6       0x14 main.o
                0x000008e6                void use_stack<888>()
 .text._Z9use_stackILi887EEvv
                0x000008fa       0x14 main.o
                0x000008fa                void use_stack<887>()
 .text._Z9use_stackILi886EEvv
                0x0000090e       0x14 main.o
                0x0000090e                void use_stack<886>()
 .text._Z9use_stackILi885EEvv
                0x00000922       0x14 main.o
                0x00000922                void use_stack<885>()
 .text._Z9use_stackILi884EEvv
                0x00000936       0x14 main.o
                0x00000936                void use_stack<884>()
 .text._Z9use_stackILi883EEvv
                0x0000094a       0x14 main.o
                0x0000094a                void use_stack<883>()
 .text._Z9use_stackILi882EEvv
                0x0000095e       0x14 main.o
                0x0000095e                void use_stack<882>()
 .text._Z9use_stackILi881EEvv
                0x00000972       0x14 main.o
                0x00000972                void use_stack<881>()
 .text._Z9use_stackILi880EEvv
                0x00000986       0x14 main.o
                0x00000986                void use_stack<880>()
 .text._Z9use_stackILi879EEvv
                0x0000099a       0x14 main.o
                0x0000099a                void use_stack<879>()
 .text._Z9use_stackILi878EEvv
                0x000009ae       0x14 main.o
                0x000009ae                void use_stack<878>()
 .text._Z9use_stackILi877EEvv
                0x000009c2       0x14 main.o
                0x000009c2                void use_stack<877>()
 .text._Z9use_stackILi876EEvv
                0x000009d6       0x14 main.o
                0x000009d6                void use_stack<876>()
 .text._Z9use_stackILi875EEvv
                0x000009ea       0x14 main.o
                0x000009ea                void use_stack<875>()
 .text._Z9use_stackILi874EEvv
                0x000009fe       0x14 main.o
                0x000009fe                void use_stack<874>()
 .text._Z9use_stackILi873EEvv
                0x00000a12       0x14 main.o
                0x00000a12                void use_stack<873>()
 .text._Z9use_stackILi872EEvv
                0x00000a26       0x14 main.o
                0x00000a26                void use_stack<872>()
 .text._Z9use_stackILi871EEvv
                0x00000a3a       0x14 main.o
                0x00000a3a                void use_stack<871>()
 .text._Z9use_stackILi870EEvv
                0x00000a4e       0x14 main.o
                0x00000a4e                void use_stack<870>()
 .text._Z9use_stackILi869EEvv
                0x00000a62       0x14 main.o
                0x00000a62                void use_stack<869>()
 .text._Z9use_stackILi868EEvv
                0x00000a76       0x14 main.o
                0x00000a76                void use_stack<868>()
 .text._Z9use_stackILi867EEvv
                0x00000a8a       0x14 main.o
                0x00000a8a                void use_stack<867>()
 .text._Z9use_stackILi866EEvv
                0x00000a9e       0x14 main.o
                0x00000a9e                void use_stack<866>()
 .text._Z9use_stackILi865EEvv
                0x00000ab2       0x14 main.o
                0x00000ab2                void use_stack<865>()
 .text._Z9use_stackILi864EEvv
                0x00000ac6       0x14 main.o
                0x00000ac6                void use_stack<864>()
 .text._Z9use_stackILi863EEvv
                0x00000ada       0x14 main.o
                0x00000ada                void use_stack<863>()
 .text._Z9use_stackILi862EEvv
                0x00000aee       0x14 main.o
                0x00000aee                void use_stack<862>()
 .text._Z9use_stackILi861EEvv
                0x00000b02       0x14 main.o
                0x00000b02                void use_stack<861>()
 .text._Z9use_stackILi860EEvv
                0x00000b16       0x14 main.o
                0x00000b16                void use_stack<860>()
 .text._Z9use_stackILi859EEvv
                0x00000b2a       0x14 main.o
                0x00000b2a                void use_stack<859>()
 .text._Z9use_stackILi858EEvv
                0x00000b3e       0x14 main.o
                0x00000b3e                void use_stack<858>()
 .text._Z9use_stackILi857EEvv
                0x00000b52       0x14 main.o
                0x00000b52                void use_stack<857>()
 .text._Z9use_stackILi856EEvv
                0x00000b66       0x14 main.o
                0x00000b66                void use_stack<856>()
 .text._Z9use_stackILi855EEvv
                0x00000b7a       0x14 main.o
                0x00000b7a                void use_stack<855>()
 .text._Z9use_stackILi854EEvv
                0x00000b8e       0x14 main.o
                0x00000b8e                void use_stack<854>()
 .text._Z9use_stackILi853EEvv
                0x00000ba2       0x14 main.o
                0x00000ba2                void use_stack<853>()
 .text._Z9use_stackILi852EEvv
                0x00000bb6       0x14 main.o
                0x00000bb6                void use_stack<852>()
 .text._Z9use_stackILi851EEvv
                0x00000bca       0x14 main.o
                0x00000bca                void use_stack<851>()
 .text._Z9use_stackILi850EEvv
                0x00000bde       0x14 main.o
                0x00000bde                void use_stack<850>()
 .text._Z9use_stackILi849EEvv
                0x00000bf2       0x14 main.o
                0x00000bf2                void use_stack<849>()
 .text._Z9use_stackILi848EEvv
                0x00000c06       0x14 main.o
                0x00000c06                void use_stack<848>()
 .text._Z9use_stackILi847EEvv
                0x00000c1a       0x14 main.o
                0x00000c1a                void use_stack<847>()
 .text._Z9use_stackILi846EEvv
                0x00000c2e       0x14 main.o
                0x00000c2e                void use_stack<846>()
 .text._Z9use_stackILi845EEvv
                0x00000c42       0x14 main.o
                0x00000c42                void use_stack<845>()
 .text._Z9use_stackILi844EEvv
                0x00000c56       0x14 main.o
                0x00000c56                void use_stack<844>()
 .text._Z9use_stackILi843EEvv
                0x00000c6a       0x14 main.o
                0x00000c6a                void use_stack<843>()
 .text._Z9use_stackILi842EEvv
                0x00000c7e       0x14 main.o
                0x00000c7e                void use_stack<842>()
 .text._Z9use_stackILi841EEvv
                0x00000c92       0x14 main.o
                0x00000c92                void use_stack<841>()
 .text._Z9use_stackILi840EEvv
                0x00000ca6       0x14 main.o
                0x00000ca6                void use_stack<840>()
 .text._Z9use_stackILi839EEvv
                0x00000cba       0x14 main.o
                0x00000cba                void use_stack<839>()
 .text._Z9use_stackILi838EEvv
                0x00000cce       0x14 main.o
                0x00000cce                void use_stack<838>()
 .text._Z9use_stackILi837EEvv
                0x00000ce2       0x14 main.o
                0x00000ce2                void use_stack<837>()
 .text._Z9use_stackILi836EEvv
                0x00000cf6       0x14 main.o
                0x00000cf6                void use_stack<836>()
 .text._Z9use_stackILi835EEvv
                0x00000d0a       0x14 main.o
                0x00000d0a                void use_stack<835>()
 .text._Z9use_stackILi834EEvv
                0x00000d1e       0x14 main.o
                0x00000d1e                void use_stack<834>()
 .text._Z9use_stackILi833EEvv
                0x00000d32       0x14 main.o
                0x00000d32                void use_stack<833>()
 .text._Z9use_stackILi832EEvv
                0x00000d46       0x14 main.o
                0x00000d46                void use_stack<832>()
 .text._Z9use_stackILi831EEvv
                0x00000d5a       0x14 main.o
                0x00000d5a                void use_stack<831>()
 .text._Z9use_stackILi830EEvv
                0x00000d6e       0x14 main.o
                0x00000d6e                void use_stack<830>()
 .text._Z9use_stackILi829EEvv
                0x00000d82       0x14 main.o
                0x00000d82                void use_stack<829>()
 .text._Z9use_stackILi828EEvv
                0x00000d96       0x14 main.o
                0x00000d96                void use_stack<828>()
 .text._Z9use_stackILi827EEvv
                0x00000daa       0x14 main.o
                0x00000daa                void use_stack<827>()
 .text._Z9use_stackILi826EEvv
                0x00000dbe       0x14 main.o
                0x00000dbe                void use_stack<826>()
 .text._Z9use_stackILi825EEvv
                0x00000dd2       0x14 main.o
                0x00000dd2                void use_stack<825>()
 .text._Z9use_stackILi824EEvv
                0x00000de6       0x14 main.o
                0x00000de6                void use_stack<824>()
 .text._Z9use_stackILi823EEvv
                0x00000dfa       0x14 main.o
                0x00000dfa                void use_stack<823>()
 .text._Z9use_stackILi822EEvv
                0x00000e0e       0x14 main.o
                0x00000e0e                void use_stack<822>()
 .text._Z9use_stackILi821EEvv
                0x00000e22       0x14 main.o
                0x00000e22                void use_stack<821>()
 .text._Z9use_stackILi820EEvv
                0x00000e36       0x14 main.o
                0x00000e36                void use_stack<820>()
 .text._Z9use_stackILi819EEvv
                0x00000e4a       0x14 main.o
                0x00000e4a                void use_stack<819>()
 .text._Z9use_stackILi818EEvv
                0x00000e5e       0x14 main.o
                0x00000e5e                void use_stack<818>()
 .text._Z9use_stackILi817EEvv
                0x00000e72       0x14 main.o
                0x00000e72                void use_stack<817>()
 .text._Z9use_stackILi816EEvv
                0x00000e86       0x14 main.o
                0x00000e86                void use_stack<816>()
 .text._Z9use_stackILi815EEvv
                0x00000e9a       0x14 main.o
                0x00000e9a                void use_stack<815>()
 .text._Z9use_stackILi814EEvv
                0x00000eae       0x14 main.o
                0x00000eae                void use_stack<814>()
 .text._Z9use_stackILi813EEvv
                0x00000ec2       0x14 main.o
                0x00000ec2                void use_stack<813>()
 .text._Z9use_stackILi812EEvv
                0x00000ed6       0x14 main.o
                0x00000ed6                void use_stack<812>()
 .text._Z9use_stackILi811EEvv
                0x00000eea       0x14 main.o
                0x00000eea                void use_stack<811>()
 .text._Z9use_stackILi810EEvv
                0x00000efe       0x14 main.o
                0x00000efe                void use_stack<810>()
 .text._Z9use_stackILi809EEvv
                0x00000f12       0x14 main.o
                0x00000f12                void use_stack<809>()
 .text._Z9use_stackILi808EEvv
                0x00000f26       0x14 main.o
                0x00000f26                void use_stack<808>()
 .text._Z9use_stackILi807EEvv
                0x00000f3a       0x14 main.o
                0x00000f3a                void use_stack<807>()
 .text._Z9use_stackILi806EEvv
                0x00000f4e       0x14 main.o
                0x00000f4e                void use_stack<806>()
 .text._Z9use_stackILi805EEvv
                0x00000f62       0x14 main.o
                0x00000f62                void use_stack<805>()
 .text._Z9use_stackILi804EEvv
                0x00000f76       0x14 main.o
                0x00000f76                void use_stack<804>()
 .text._Z9use_stackILi803EEvv
                0x00000f8a       0x14 main.o
                0x00000f8a                void use_stack<803>()
 .text._Z9use_stackILi802EEvv
                0x00000f9e       0x14 main.o
                0x00000f9e                void use_stack<802>()
 .text._Z9use_stackILi801EEvv
                0x00000fb2       0x14 main.o
                0x00000fb2                void use_stack<801>()
 .text._Z9use_stackILi800EEvv
                0x00000fc6       0x14 main.o
                0x00000fc6                void use_stack<800>()
 .text._Z9use_stackILi799EEvv
                0x00000fda       0x14 main.o
                0x00000fda                void use_stack<799>()
 .text._Z9use_stackILi798EEvv
                0x00000fee       0x14 main.o
                0x00000fee                void use_stack<798>()
 .text._Z9use_stackILi797EEvv
                0x00001002       0x14 main.o
                0x00001002                void use_stack<797>()
 .text._Z9use_stackILi796EEvv
                0x00001016       0x14 main.o
                0x00001016                void use_stack<796>()
 .text._Z9use_stackILi795EEvv
                0x0000102a       0x14 main.o
                0x0000102a                void use_stack<795>()
 .text._Z9use_stackILi794EEvv
                0x0000103e       0x14 main.o
                0x0000103e                void use_stack<794>()
 .text._Z9use_stackILi793EEvv
                0x00001052       0x14 main.o
                0x00001052                void use_stack<793>()
 .text._Z9use_stackILi792EEvv
                0x00001066       0x14 main.o
                0x00001066                void use_stack<792>()
 .text._Z9use_stackILi791EEvv
                0x0000107a       0x14 main.o
                0x0000107a                void use_stack<791>()
 .text._Z9use_stackILi790EEvv
                0x0000108e       0x14 main.o
                0x0000108e                void use_stack<790>()
 .text._Z9use_stackILi789EEvv
                0x000010a2       0x14 main.o
                0x000010a2                void use_stack<789>()
 .text._Z9use_stackILi788EEvv
                0x000010b6       0x14 main.o
                0x000010b6                void use_stack<788>()
 .text._Z9use_stackILi787EEvv
                0x000010ca       0x14 main.o
                0x000010ca                void use_stack<787>()
 .text._Z9use_stackILi786EEvv
                0x000010de       0x14 main.o
                0x000010de                void use_stack<786>()
 .text._Z9use_stackILi785EEvv
                0x000010f2       0x14 main.o
                0x000010f2                void use_stack<785>()
 .text._Z9use_stackILi784EEvv
                0x00001106       0x14 main.o
                0x00001106                void use_stack<784>()
 .text._Z9use_stackILi783EEvv
                0x0000111a       0x14 main.o
                0x0000111a                void use_stack<783>()
 .text._Z9use_stackILi782EEvv
                0x0000112e       0x14 main.o
                0x0000112e                void use_stack<782>()
 .text._Z9use_stackILi781EEvv
                0x00001142       0x14 main.o
                0x00001142                void use_stack<781>()
 .text._Z9use_stackILi780EEvv
                0x00001156       0x14 main.o
                0x00001156                void use_stack<780>()
 .text._Z9use_stackILi779EEvv
                0x0000116a       0x14 main.o
                0x0000116a                void use_stack<779>()
 .text._Z9use_stackILi778EEvv
                0x0000117e       0x14 main.o
                0x0000117e                void use_stack<778>()
 .text._Z9use_stackILi777EEvv
                0x00001192       0x14 main.o
                0x00001192                void use_stack<777>()
 .text._Z9use_stackILi776EEvv
                0x000011a6       0x14 main.o
                0x000011a6                void use_stack<776>()
 .text._Z9use_stackILi775EEvv
                0x000011ba       0x14 main.o
                0x000011ba                void use_stack<775>()
 .text._Z9use_stackILi774EEvv
                0x000011ce       0x14 main.o
                0x000011ce                void use_stack<774>()
 .text._Z9use_stackILi773EEvv
                0x000011e2       0x14 main.o
                0x000011e2                void use_stack<773>()
 .text._Z9use_stackILi772EEvv
                0x000011f6       0x14 main.o
                0x000011f6                void use_stack<772>()
 .text._Z9use_stackILi771EEvv
                0x0000120a       0x14 main.o
                0x0000120a                void use_stack<771>()
 .text._Z9use_stackILi770EEvv
                0x0000121e       0x14 main.o
                0x0000121e                void use_stack<770>()
 .text._Z9use_stackILi769EEvv
                0x00001232       0x14 main.o
                0x00001232                void use_stack<769>()
 .text._Z9use_stackILi768EEvv
                0x00001246       0x14 main.o
                0x00001246                void use_stack<768>()
 .text._Z9use_stackILi767EEvv
                0x0000125a       0x14 main.o
                0x0000125a                void use_stack<767>()
 .text._Z9use_stackILi766EEvv
                0x0000126e       0x14 main.o
                0x0000126e                void use_stack<766>()
 .text._Z9use_stackILi765EEvv
                0x00001282       0x14 main.o
                0x00001282                void use_stack<765>()
 .text._Z9use_stackILi764EEvv
                0x00001296       0x14 main.o
                0x00001296                void use_stack<764>()
 .text._Z9use_stackILi763EEvv
                0x000012aa       0x14 main.o
                0x000012aa                void use_stack<763>()
 .text._Z9use_stackILi762EEvv
                0x000012be       0x14 main.o
                0x000012be                void use_stack<762>()
 .text._Z9use_stackILi761EEvv
                0x000012d2       0x14 main.o
                0x000012d2                void use_stack<761>()
 .text._Z9use_stackILi760EEvv
                0x000012e6       0x14 main.o
                0x000012e6                void use_stack<760>()
 .text._Z9use_stackILi759EEvv
                0x000012fa       0x14 main.o
                0x000012fa                void use_stack<759>()
 .text._Z9use_stackILi758EEvv
                0x0000130e       0x14 main.o
                0x0000130e                void use_stack<758>()
 .text._Z9use_stackILi757EEvv
                0x00001322       0x14 main.o
                0x00001322                void use_stack<757>()
 .text._Z9use_stackILi756EEvv
                0x00001336       0x14 main.o
                0x00001336                void use_stack<756>()
 .text._Z9use_stackILi755EEvv
                0x0000134a       0x14 main.o
                0x0000134a                void use_stack<755>()
 .text._Z9use_stackILi754EEvv
                0x0000135e       0x14 main.o
                0x0000135e                void use_stack<754>()
 .text._Z9use_stackILi753EEvv
                0x00001372       0x14 main.o
                0x00001372                void use_stack<753>()
 .text._Z9use_stackILi752EEvv
                0x00001386       0x14 main.o
                0x00001386                void use_stack<752>()
 .text._Z9use_stackILi751EEvv
                0x0000139a       0x14 main.o
                0x0000139a                void use_stack<751>()
 .text._Z9use_stackILi750EEvv
                0x000013ae       0x14 main.o
                0x000013ae                void use_stack<750>()
 .text._Z9use_stackILi749EEvv
                0x000013c2       0x14 main.o
                0x000013c2                void use_stack<749>()
 .text._Z9use_stackILi748EEvv
                0x000013d6       0x14 main.o
                0x000013d6                void use_stack<748>()
 .text._Z9use_stackILi747EEvv
                0x000013ea       0x14 main.o
                0x000013ea                void use_stack<747>()
 .text._Z9use_stackILi746EEvv
                0x000013fe       0x14 main.o
                0x000013fe                void use_stack<746>()
 .text._Z9use_stackILi745EEvv
                0x00001412       0x14 main.o
                0x00001412                void use_stack<745>()
 .text._Z9use_stackILi744EEvv
                0x00001426       0x14 main.o
                0x00001426                void use_stack<744>()
 .text._Z9use_stackILi743EEvv
                0x0000143a       0x14 main.o
                0x0000143a                void use_stack<743>()
 .text._Z9use_stackILi742EEvv
                0x0000144e       0x14 main.o
                0x0000144e                void use_stack<742>()
 .text._Z9use_stackILi741EEvv
                0x00001462       0x14 main.o
                0x00001462                void use_stack<741>()
 .text._Z9use_stackILi740EEvv
                0x00001476       0x14 main.o
                0x00001476                void use_stack<740>()
 .text._Z9use_stackILi739EEvv
                0x0000148a       0x14 main.o
                0x0000148a                void use_stack<739>()
 .text._Z9use_stackILi738EEvv
                0x0000149e       0x14 main.o
                0x0000149e                void use_stack<738>()
 .text._Z9use_stackILi737EEvv
                0x000014b2       0x14 main.o
                0x000014b2                void use_stack<737>()
 .text._Z9use_stackILi736EEvv
                0x000014c6       0x14 main.o
                0x000014c6                void use_stack<736>()
 .text._Z9use_stackILi735EEvv
                0x000014da       0x14 main.o
                0x000014da                void use_stack<735>()
 .text._Z9use_stackILi734EEvv
                0x000014ee       0x14 main.o
                0x000014ee                void use_stack<734>()
 .text._Z9use_stackILi733EEvv
                0x00001502       0x14 main.o
                0x00001502                void use_stack<733>()
 .text._Z9use_stackILi732EEvv
                0x00001516       0x14 main.o
                0x00001516                void use_stack<732>()
 .text._Z9use_stackILi731EEvv
                0x0000152a       0x14 main.o
                0x0000152a                void use_stack<731>()
 .text._Z9use_stackILi730EEvv
                0x0000153e       0x14 main.o
                0x0000153e                void use_stack<730>()
 .text._Z9use_stackILi729EEvv
                0x00001552       0x14 main.o
                0x00001552                void use_stack<729>()
 .text._Z9use_stackILi728EEvv
                0x00001566       0x14 main.o
                0x00001566                void use_stack<728>()
 .text._Z9use_stackILi727EEvv
                0x0000157a       0x14 main.o
                0x0000157a                void use_stack<727>()
 .text._Z9use_stackILi726EEvv
                0x0000158e       0x14 main.o
                0x0000158e                void use_stack<726>()
 .text._Z9use_stackILi725EEvv
                0x000015a2       0x14 main.o
                0x000015a2                void use_stack<725>()
 .text._Z9use_stackILi724EEvv
                0x000015b6       0x14 main.o
                0x000015b6                void use_stack<724>()
 .text._Z9use_stackILi723EEvv
                0x000015ca       0x14 main.o
                0x000015ca                void use_stack<723>()
 .text._Z9use_stackILi722EEvv
                0x000015de       0x14 main.o
                0x000015de                void use_stack<722>()
 .text._Z9use_stackILi721EEvv
                0x000015f2       0x14 main.o
                0x000015f2                void use_stack<721>()
 .text._Z9use_stackILi720EEvv
                0x00001606       0x14 main.o
                0x00001606                void use_stack<720>()
 .text._Z9use_stackILi719EEvv
                0x0000161a       0x14 main.o
                0x0000161a                void use_stack<719>()
 .text._Z9use_stackILi718EEvv
                0x0000162e       0x14 main.o
                0x0000162e                void use_stack<718>()
 .text._Z9use_stackILi717EEvv
                0x00001642       0x14 main.o
                0x00001642                void use_stack<717>()
 .text._Z9use_stackILi716EEvv
                0x00001656       0x14 main.o
                0x00001656                void use_stack<716>()
 .text._Z9use_stackILi715EEvv
                0x0000166a       0x14 main.o
                0x0000166a                void use_stack<715>()
 .text._Z9use_stackILi714EEvv
                0x0000167e       0x14 main.o
                0x0000167e                void use_stack<714>()
 .text._Z9use_stackILi713EEvv
                0x00001692       0x14 main.o
                0x00001692                void use_stack<713>()
 .text._Z9use_stackILi712EEvv
                0x000016a6       0x14 main.o
                0x000016a6                void use_stack<712>()
 .text._Z9use_stackILi711EEvv
                0x000016ba       0x14 main.o
                0x000016ba                void use_stack<711>()
 .text._Z9use_stackILi710EEvv
                0x000016ce       0x14 main.o
                0x000016ce                void use_stack<710>()
 .text._Z9use_stackILi709EEvv
                0x000016e2       0x14 main.o
                0x000016e2                void use_stack<709>()
 .text._Z9use_stackILi708EEvv
                0x000016f6       0x14 main.o
                0x000016f6                void use_stack<708>()
 .text._Z9use_stackILi707EEvv
                0x0000170a       0x14 main.o
                0x0000170a                void use_stack<707>()
 .text._Z9use_stackILi706EEvv
                0x0000171e       0x14 main.o
                0x0000171e                void use_stack<706>()
 .text._Z9use_stackILi705EEvv
                0x00001732       0x14 main.o
                0x00001732                void use_stack<705>()
 .text._Z9use_stackILi704EEvv
                0x00001746       0x14 main.o
                0x00001746                void use_stack<704>()
 .text._Z9use_stackILi703EEvv
                0x0000175a       0x14 main.o
                0x0000175a                void use_stack<703>()
 .text._Z9use_stackILi702EEvv
                0x0000176e       0x14 main.o
                0x0000176e                void use_stack<702>()
 .text._Z9use_stackILi701EEvv
                0x00001782       0x14 main.o
                0x00001782                void use_stack<701>()
 .text._Z9use_stackILi700EEvv
                0x00001796       0x14 main.o
                0x00001796                void use_stack<700>()
 .text._Z9use_stackILi699EEvv
                0x000017aa       0x14 main.o
                0x000017aa                void use_stack<699>()
 .text._Z9use_stackILi698EEvv
                0x000017be       0x14 main.o
                0x000017be                void use_stack<698>()
 .text._Z9use_stackILi697EEvv
                0x000017d2       0x14 main.o
                0x000017d2                void use_stack<697>()
 .text._Z9use_stackILi696EEvv
                0x000017e6       0x14 main.o
                0x000017e6                void use_stack<696>()
 .text._Z9use_stackILi695EEvv
                0x000017fa       0x14 main.o
                0x000017fa                void use_stack<695>()
 .text._Z9use_stackILi694EEvv
                0x0000180e       0x14 main.o
                0x0000180e                void use_stack<694>()
 .text._Z9use_stackILi693EEvv
                0x00001822       0x14 main.o
                0x00001822                void use_stack<693>()
 .text._Z9use_stackILi692EEvv
                0x00001836       0x14 main.o
                0x00001836                void use_stack<692>()
 .text._Z9use_stackILi691EEvv
                0x0000184a       0x14 main.o
                0x0000184a                void use_stack<691>()
 .text._Z9use_stackILi690EEvv
                0x0000185e       0x14 main.o
                0x0000185e                void use_stack<690>()
 .text._Z9use_stackILi689EEvv
                0x00001872       0x14 main.o
                0x00001872                void use_stack<689>()
 .text._Z9use_stackILi688EEvv
                0x00001886       0x14 main.o
                0x00001886                void use_stack<688>()
 .text._Z9use_stackILi687EEvv
                0x0000189a       0x14 main.o
                0x0000189a                void use_stack<687>()
 .text._Z9use_stackILi686EEvv
                0x000018ae       0x14 main.o
                0x000018ae                void use_stack<686>()
 .text._Z9use_stackILi685EEvv
                0x000018c2       0x14 main.o
                0x000018c2                void use_stack<685>()
 .text._Z9use_stackILi684EEvv
                0x000018d6       0x14 main.o
                0x000018d6                void use_stack<684>()
 .text._Z9use_stackILi683EEvv
                0x000018ea       0x14 main.o
                0x000018ea                void use_stack<683>()
 .text._Z9use_stackILi682EEvv
                0x000018fe       0x14 main.o
                0x000018fe                void use_stack<682>()
 .text._Z9use_stackILi681EEvv
                0x00001912       0x14 main.o
                0x00001912                void use_stack<681>()
 .text._Z9use_stackILi680EEvv
                0x00001926       0x14 main.o
                0x00001926                void use_stack<680>()
 .text._Z9use_stackILi679EEvv
                0x0000193a       0x14 main.o
                0x0000193a                void use_stack<679>()
 .text._Z9use_stackILi678EEvv
                0x0000194e       0x14 main.o
                0x0000194e                void use_stack<678>()
 .text._Z9use_stackILi677EEvv
                0x00001962       0x14 main.o
                0x00001962                void use_stack<677>()
 .text._Z9use_stackILi676EEvv
                0x00001976       0x14 main.o
                0x00001976                void use_stack<676>()
 .text._Z9use_stackILi675EEvv
                0x0000198a       0x14 main.o
                0x0000198a                void use_stack<675>()
 .text._Z9use_stackILi674EEvv
                0x0000199e       0x14 main.o
                0x0000199e                void use_stack<674>()
 .text._Z9use_stackILi673EEvv
                0x000019b2       0x14 main.o
                0x000019b2                void use_stack<673>()
 .text._Z9use_stackILi672EEvv
                0x000019c6       0x14 main.o
                0x000019c6                void use_stack<672>()
 .text._Z9use_stackILi671EEvv
                0x000019da       0x14 main.o
                0x000019da                void use_stack<671>()
 .text._Z9use_stackILi670EEvv
                0x000019ee       0x14 main.o
                0x000019ee                void use_stack<670>()
 .text._Z9use_stackILi669EEvv
                0x00001a02       0x14 main.o
                0x00001a02                void use_stack<669>()
 .text._Z9use_stackILi668EEvv
                0x00001a16       0x14 main.o
                0x00001a16                void use_stack<668>()
 .text._Z9use_stackILi667EEvv
                0x00001a2a       0x14 main.o
                0x00001a2a                void use_stack<667>()
 .text._Z9use_stackILi666EEvv
                0x00001a3e       0x14 main.o
                0x00001a3e                void use_stack<666>()
 .text._Z9use_stackILi665EEvv
                0x00001a52       0x14 main.o
                0x00001a52                void use_stack<665>()
 .text._Z9use_stackILi664EEvv
                0x00001a66       0x14 main.o
                0x00001a66                void use_stack<664>()
 .text._Z9use_stackILi663EEvv
                0x00001a7a       0x14 main.o
                0x00001a7a                void use_stack<663>()
 .text._Z9use_stackILi662EEvv
                0x00001a8e       0x14 main.o
                0x00001a8e                void use_stack<662>()
 .text._Z9use_stackILi661EEvv
                0x00001aa2       0x14 main.o
                0x00001aa2                void use_stack<661>()
 .text._Z9use_stackILi660EEvv
                0x00001ab6       0x14 main.o
                0x00001ab6                void use_stack<660>()
 .text._Z9use_stackILi659EEvv
                0x00001aca       0x14 main.o
                0x00001aca                void use_stack<659>()
 .text._Z9use_stackILi658EEvv
                0x00001ade       0x14 main.o
                0x00001ade                void use_stack<658>()
 .text._Z9use_stackILi657EEvv
                0x00001af2       0x14 main.o
                0x00001af2                void use_stack<657>()
 .text._Z9use_stackILi656EEvv
                0x00001b06       0x14 main.o
                0x00001b06                void use_stack<656>()
 .text._Z9use_stackILi655EEvv
                0x00001b1a       0x14 main.o
                0x00001b1a                void use_stack<655>()
 .text._Z9use_stackILi654EEvv
                0x00001b2e       0x14 main.o
                0x00001b2e                void use_stack<654>()
 .text._Z9use_stackILi653EEvv
                0x00001b42       0x14 main.o
                0x00001b42                void use_stack<653>()
 .text._Z9use_stackILi652EEvv
                0x00001b56       0x14 main.o
                0x00001b56                void use_stack<652>()
 .text._Z9use_stackILi651EEvv
                0x00001b6a       0x14 main.o
                0x00001b6a                void use_stack<651>()
 .text._Z9use_stackILi650EEvv
                0x00001b7e       0x14 main.o
                0x00001b7e                void use_stack<650>()
 .text._Z9use_stackILi649EEvv
                0x00001b92       0x14 main.o
                0x00001b92                void use_stack<649>()
 .text._Z9use_stackILi648EEvv
                0x00001ba6       0x14 main.o
                0x00001ba6                void use_stack<648>()
 .text._Z9use_stackILi647EEvv
                0x00001bba       0x14 main.o
                0x00001bba                void use_stack<647>()
 .text._Z9use_stackILi646EEvv
                0x00001bce       0x14 main.o
                0x00001bce                void use_stack<646>()
 .text._Z9use_stackILi645EEvv
                0x00001be2       0x14 main.o
                0x00001be2                void use_stack<645>()
 .text._Z9use_stackILi644EEvv
                0x00001bf6       0x14 main.o
                0x00001bf6                void use_stack<644>()
 .text._Z9use_stackILi643EEvv
                0x00001c0a       0x14 main.o
                0x00001c0a                void use_stack<643>()
 .text._Z9use_stackILi642EEvv
                0x00001c1e       0x14 main.o
                0x00001c1e                void use_stack<642>()
 .text._Z9use_stackILi641EEvv
                0x00001c32       0x14 main.o
                0x00001c32                void use_stack<641>()
 .text._Z9use_stackILi640EEvv
                0x00001c46       0x14 main.o
                0x00001c46                void use_stack<640>()
 .text._Z9use_stackILi639EEvv
                0x00001c5a       0x14 main.o
                0x00001c5a                void use_stack<639>()
 .text._Z9use_stackILi638EEvv
                0x00001c6e       0x14 main.o
                0x00001c6e                void use_stack<638>()
 .text._Z9use_stackILi637EEvv
                0x00001c82       0x14 main.o
                0x00001c82                void use_stack<637>()
 .text._Z9use_stackILi636EEvv
                0x00001c96       0x14 main.o
                0x00001c96                void use_stack<636>()
 .text._Z9use_stackILi635EEvv
                0x00001caa       0x14 main.o
                0x00001caa                void use_stack<635>()
 .text._Z9use_stackILi634EEvv
                0x00001cbe       0x14 main.o
                0x00001cbe                void use_stack<634>()
 .text._Z9use_stackILi633EEvv
                0x00001cd2       0x14 main.o
                0x00001cd2                void use_stack<633>()
 .text._Z9use_stackILi632EEvv
                0x00001ce6       0x14 main.o
                0x00001ce6                void use_stack<632>()
 .text._Z9use_stackILi631EEvv
                0x00001cfa       0x14 main.o
                0x00001cfa                void use_stack<631>()
 .text._Z9use_stackILi630EEvv
                0x00001d0e       0x14 main.o
                0x00001d0e                void use_stack<630>()
 .text._Z9use_stackILi629EEvv
                0x00001d22       0x14 main.o
                0x00001d22                void use_stack<629>()
 .text._Z9use_stackILi628EEvv
                0x00001d36       0x14 main.o
                0x00001d36                void use_stack<628>()
 .text._Z9use_stackILi627EEvv
                0x00001d4a       0x14 main.o
                0x00001d4a                void use_stack<627>()
 .text._Z9use_stackILi626EEvv
                0x00001d5e       0x14 main.o
                0x00001d5e                void use_stack<626>()
 .text._Z9use_stackILi625EEvv
                0x00001d72       0x14 main.o
                0x00001d72                void use_stack<625>()
 .text._Z9use_stackILi624EEvv
                0x00001d86       0x14 main.o
                0x00001d86                void use_stack<624>()
 .text._Z9use_stackILi623EEvv
                0x00001d9a       0x14 main.o
                0x00001d9a                void use_stack<623>()
 .text._Z9use_stackILi622EEvv
                0x00001dae       0x14 main.o
                0x00001dae                void use_stack<622>()
 .text._Z9use_stackILi621EEvv
                0x00001dc2       0x14 main.o
                0x00001dc2                void use_stack<621>()
 .text._Z9use_stackILi620EEvv
                0x00001dd6       0x14 main.o
                0x00001dd6                void use_stack<620>()
 .text._Z9use_stackILi619EEvv
                0x00001dea       0x14 main.o
                0x00001dea                void use_stack<619>()
 .text._Z9use_stackILi618EEvv
                0x00001dfe       0x14 main.o
                0x00001dfe                void use_stack<618>()
 .text._Z9use_stackILi617EEvv
                0x00001e12       0x14 main.o
                0x00001e12                void use_stack<617>()
 .text._Z9use_stackILi616EEvv
                0x00001e26       0x14 main.o
                0x00001e26                void use_stack<616>()
 .text._Z9use_stackILi615EEvv
                0x00001e3a       0x14 main.o
                0x00001e3a                void use_stack<615>()
 .text._Z9use_stackILi614EEvv
                0x00001e4e       0x14 main.o
                0x00001e4e                void use_stack<614>()
 .text._Z9use_stackILi613EEvv
                0x00001e62       0x14 main.o
                0x00001e62                void use_stack<613>()
 .text._Z9use_stackILi612EEvv
                0x00001e76       0x14 main.o
                0x00001e76                void use_stack<612>()
 .text._Z9use_stackILi611EEvv
                0x00001e8a       0x14 main.o
                0x00001e8a                void use_stack<611>()
 .text._Z9use_stackILi610EEvv
                0x00001e9e       0x14 main.o
                0x00001e9e                void use_stack<610>()
 .text._Z9use_stackILi609EEvv
                0x00001eb2       0x14 main.o
                0x00001eb2                void use_stack<609>()
 .text._Z9use_stackILi608EEvv
                0x00001ec6       0x14 main.o
                0x00001ec6                void use_stack<608>()
 .text._Z9use_stackILi607EEvv
                0x00001eda       0x14 main.o
                0x00001eda                void use_stack<607>()
 .text._Z9use_stackILi606EEvv
                0x00001eee       0x14 main.o
                0x00001eee                void use_stack<606>()
 .text._Z9use_stackILi605EEvv
                0x00001f02       0x14 main.o
                0x00001f02                void use_stack<605>()
 .text._Z9use_stackILi604EEvv
                0x00001f16       0x14 main.o
                0x00001f16                void use_stack<604>()
 .text._Z9use_stackILi603EEvv
                0x00001f2a       0x14 main.o
                0x00001f2a                void use_stack<603>()
 .text._Z9use_stackILi602EEvv
                0x00001f3e       0x14 main.o
                0x00001f3e                void use_stack<602>()
 .text._Z9use_stackILi601EEvv
                0x00001f52       0x14 main.o
                0x00001f52                void use_stack<601>()
 .text._Z9use_stackILi600EEvv
                0x00001f66       0x14 main.o
                0x00001f66                void use_stack<600>()
 .text._Z9use_stackILi599EEvv
                0x00001f7a       0x14 main.o
                0x00001f7a                void use_stack<599>()
 .text._Z9use_stackILi598EEvv
                0x00001f8e       0x14 main.o
                0x00001f8e                void use_stack<598>()
 .text._Z9use_stackILi597EEvv
                0x00001fa2       0x14 main.o
                0x00001fa2                void use_stack<597>()
 .text._Z9use_stackILi596EEvv
                0x00001fb6       0x14 main.o
                0x00001fb6                void use_stack<596>()
 .text._Z9use_stackILi595EEvv
                0x00001fca       0x14 main.o
                0x00001fca                void use_stack<595>()
 .text._Z9use_stackILi594EEvv
                0x00001fde       0x14 main.o
                0x00001fde                void use_stack<594>()
 .text._Z9use_stackILi593EEvv
                0x00001ff2       0x14 main.o
                0x00001ff2                void use_stack<593>()
 .text._Z9use_stackILi592EEvv
                0x00002006       0x14 main.o
                0x00002006                void use_stack<592>()
 .text._Z9use_stackILi591EEvv
                0x0000201a       0x14 main.o
                0x0000201a                void use_stack<591>()
 .text._Z9use_stackILi590EEvv
                0x0000202e       0x14 main.o
                0x0000202e                void use_stack<590>()
 .text._Z9use_stackILi589EEvv
                0x00002042       0x14 main.o
                0x00002042                void use_stack<589>()
 .text._Z9use_stackILi588EEvv
                0x00002056       0x14 main.o
                0x00002056                void use_stack<588>()
 .text._Z9use_stackILi587EEvv
                0x0000206a       0x14 main.o
                0x0000206a                void use_stack<587>()
 .text._Z9use_stackILi586EEvv
                0x0000207e       0x14 main.o
                0x0000207e                void use_stack<586>()
 .text._Z9use_stackILi585EEvv
                0x00002092       0x14 main.o
                0x00002092                void use_stack<585>()
 .text._Z9use_stackILi584EEvv
                0x000020a6       0x14 main.o
                0x000020a6                void use_stack<584>()
 .text._Z9use_stackILi583EEvv
                0x000020ba       0x14 main.o
                0x000020ba                void use_stack<583>()
 .text._Z9use_stackILi582EEvv
                0x000020ce       0x14 main.o
                0x000020ce                void use_stack<582>()
 .text._Z9use_stackILi581EEvv
                0x000020e2       0x14 main.o
                0x000020e2                void use_stack<581>()
 .text._Z9use_stackILi580EEvv
                0x000020f6       0x14 main.o
                0x000020f6                void use_stack<580>()
 .text._Z9use_stackILi579EEvv
                0x0000210a       0x14 main.o
                0x0000210a                void use_stack<579>()
 .text._Z9use_stackILi578EEvv
                0x0000211e       0x14 main.o
                0x0000211e                void use_stack<578>()
 .text._Z9use_stackILi577EEvv
                0x00002132       0x14 main.o
                0x00002132                void use_stack<577>()
 .text._Z9use_stackILi576EEvv
                0x00002146       0x14 main.o
                0x00002146                void use_stack<576>()
 .text._Z9use_stackILi575EEvv
                0x0000215a       0x14 main.o
                0x0000215a                void use_stack<575>()
 .text._Z9use_stackILi574EEvv
                0x0000216e       0x14 main.o
                0x0000216e                void use_stack<574>()
 .text._Z9use_stackILi573EEvv
                0x00002182       0x14 main.o
                0x00002182                void use_stack<573>()
 .text._Z9use_stackILi572EEvv
                0x00002196       0x14 main.o
                0x00002196                void use_stack<572>()
 .text._Z9use_stackILi571EEvv
                0x000021aa       0x14 main.o
                0x000021aa                void use_stack<571>()
 .text._Z9use_stackILi570EEvv
                0x000021be       0x14 main.o
                0x000021be                void use_stack<570>()
 .text._Z9use_stackILi569EEvv
                0x000021d2       0x14 main.o
                0x000021d2                void use_stack<569>()
 .text._Z9use_stackILi568EEvv
                0x000021e6       0x14 main.o
                0x000021e6                void use_stack<568>()
 .text._Z9use_stackILi567EEvv
                0x000021fa       0x14 main.o
                0x000021fa                void use_stack<567>()
 .text._Z9use_stackILi566EEvv
                0x0000220e       0x14 main.o
                0x0000220e                void use_stack<566>()
 .text._Z9use_stackILi565EEvv
                0x00002222       0x14 main.o
                0x00002222                void use_stack<565>()
 .text._Z9use_stackILi564EEvv
                0x00002236       0x14 main.o
                0x00002236                void use_stack<564>()
 .text._Z9use_stackILi563EEvv
                0x0000224a       0x14 main.o
                0x0000224a                void use_stack<563>()
 .text._Z9use_stackILi562EEvv
                0x0000225e       0x14 main.o
                0x0000225e                void use_stack<562>()
 .text._Z9use_stackILi561EEvv
                0x00002272       0x14 main.o
                0x00002272                void use_stack<561>()
 .text._Z9use_stackILi560EEvv
                0x00002286       0x14 main.o
                0x00002286                void use_stack<560>()
 .text._Z9use_stackILi559EEvv
                0x0000229a       0x14 main.o
                0x0000229a                void use_stack<559>()
 .text._Z9use_stackILi558EEvv
                0x000022ae       0x14 main.o
                0x000022ae                void use_stack<558>()
 .text._Z9use_stackILi557EEvv
                0x000022c2       0x14 main.o
                0x000022c2                void use_stack<557>()
 .text._Z9use_stackILi556EEvv
                0x000022d6       0x14 main.o
                0x000022d6                void use_stack<556>()
 .text._Z9use_stackILi555EEvv
                0x000022ea       0x14 main.o
                0x000022ea                void use_stack<555>()
 .text._Z9use_stackILi554EEvv
                0x000022fe       0x14 main.o
                0x000022fe                void use_stack<554>()
 .text._Z9use_stackILi553EEvv
                0x00002312       0x14 main.o
                0x00002312                void use_stack<553>()
 .text._Z9use_stackILi552EEvv
                0x00002326       0x14 main.o
                0x00002326                void use_stack<552>()
 .text._Z9use_stackILi551EEvv
                0x0000233a       0x14 main.o
                0x0000233a                void use_stack<551>()
 .text._Z9use_stackILi550EEvv
                0x0000234e       0x14 main.o
                0x0000234e                void use_stack<550>()
 .text._Z9use_stackILi549EEvv
                0x00002362       0x14 main.o
                0x00002362                void use_stack<549>()
 .text._Z9use_stackILi548EEvv
                0x00002376       0x14 main.o
                0x00002376                void use_stack<548>()
 .text._Z9use_stackILi547EEvv
                0x0000238a       0x14 main.o
                0x0000238a                void use_stack<547>()
 .text._Z9use_stackILi546EEvv
                0x0000239e       0x14 main.o
                0x0000239e                void use_stack<546>()
 .text._Z9use_stackILi545EEvv
                0x000023b2       0x14 main.o
                0x000023b2                void use_stack<545>()
 .text._Z9use_stackILi544EEvv
                0x000023c6       0x14 main.o
                0x000023c6                void use_stack<544>()
 .text._Z9use_stackILi543EEvv
                0x000023da       0x14 main.o
                0x000023da                void use_stack<543>()
 .text._Z9use_stackILi542EEvv
                0x000023ee       0x14 main.o
                0x000023ee                void use_stack<542>()
 .text._Z9use_stackILi541EEvv
                0x00002402       0x14 main.o
                0x00002402                void use_stack<541>()
 .text._Z9use_stackILi540EEvv
                0x00002416       0x14 main.o
                0x00002416                void use_stack<540>()
 .text._Z9use_stackILi539EEvv
                0x0000242a       0x14 main.o
                0x0000242a                void use_stack<539>()
 .text._Z9use_stackILi538EEvv
                0x0000243e       0x14 main.o
                0x0000243e                void use_stack<538>()
 .text._Z9use_stackILi537EEvv
                0x00002452       0x14 main.o
                0x00002452                void use_stack<537>()
 .text._Z9use_stackILi536EEvv
                0x00002466       0x14 main.o
                0x00002466                void use_stack<536>()
 .text._Z9use_stackILi535EEvv
                0x0000247a       0x14 main.o
                0x0000247a                void use_stack<535>()
 .text._Z9use_stackILi534EEvv
                0x0000248e       0x14 main.o
                0x0000248e                void use_stack<534>()
 .text._Z9use_stackILi533EEvv
                0x000024a2       0x14 main.o
                0x000024a2                void use_stack<533>()
 .text._Z9use_stackILi532EEvv
                0x000024b6       0x14 main.o
                0x000024b6                void use_stack<532>()
 .text._Z9use_stackILi531EEvv
                0x000024ca       0x14 main.o
                0x000024ca                void use_stack<531>()
 .text._Z9use_stackILi530EEvv
                0x000024de       0x14 main.o
                0x000024de                void use_stack<530>()
 .text._Z9use_stackILi529EEvv
                0x000024f2       0x14 main.o
                0x000024f2                void use_stack<529>()
 .text._Z9use_stackILi528EEvv
                0x00002506       0x14 main.o
                0x00002506                void use_stack<528>()
 .text._Z9use_stackILi527EEvv
                0x0000251a       0x14 main.o
                0x0000251a                void use_stack<527>()
 .text._Z9use_stackILi526EEvv
                0x0000252e       0x14 main.o
                0x0000252e                void use_stack<526>()
 .text._Z9use_stackILi525EEvv
                0x00002542       0x14 main.o
                0x00002542                void use_stack<525>()
 .text._Z9use_stackILi524EEvv
                0x00002556       0x14 main.o
                0x00002556                void use_stack<524>()
 .text._Z9use_stackILi523EEvv
                0x0000256a       0x14 main.o
                0x0000256a                void use_stack<523>()
 .text._Z9use_stackILi522EEvv
                0x0000257e       0x14 main.o
                0x0000257e                void use_stack<522>()
 .text._Z9use_stackILi521EEvv
                0x00002592       0x14 main.o
                0x00002592                void use_stack<521>()
 .text._Z9use_stackILi520EEvv
                0x000025a6       0x14 main.o
                0x000025a6                void use_stack<520>()
 .text._Z9use_stackILi519EEvv
                0x000025ba       0x14 main.o
                0x000025ba                void use_stack<519>()
 .text._Z9use_stackILi518EEvv
                0x000025ce       0x14 main.o
                0x000025ce                void use_stack<518>()
 .text._Z9use_stackILi517EEvv
                0x000025e2       0x14 main.o
                0x000025e2                void use_stack<517>()
 .text._Z9use_stackILi516EEvv
                0x000025f6       0x14 main.o
                0x000025f6                void use_stack<516>()
 .text._Z9use_stackILi515EEvv
                0x0000260a       0x14 main.o
                0x0000260a                void use_stack<515>()
 .text._Z9use_stackILi514EEvv
                0x0000261e       0x14 main.o
                0x0000261e                void use_stack<514>()
 .text._Z9use_stackILi513EEvv
                0x00002632       0x14 main.o
                0x00002632                void use_stack<513>()
 .text._Z9use_stackILi512EEvv
                0x00002646       0x14 main.o
                0x00002646                void use_stack<512>()
 .text._Z9use_stackILi511EEvv
                0x0000265a       0x14 main.o
                0x0000265a                void use_stack<511>()
 .text._Z9use_stackILi510EEvv
                0x0000266e       0x14 main.o
                0x0000266e                void use_stack<510>()
 .text._Z9use_stackILi509EEvv
                0x00002682       0x14 main.o
                0x00002682                void use_stack<509>()
 .text._Z9use_stackILi508EEvv
                0x00002696       0x14 main.o
                0x00002696                void use_stack<508>()
 .text._Z9use_stackILi507EEvv
                0x000026aa       0x14 main.o
                0x000026aa                void use_stack<507>()
 .text._Z9use_stackILi506EEvv
                0x000026be       0x14 main.o
                0x000026be                void use_stack<506>()
 .text._Z9use_stackILi505EEvv
                0x000026d2       0x14 main.o
                0x000026d2                void use_stack<505>()
 .text._Z9use_stackILi504EEvv
                0x000026e6       0x10 main.o
                0x000026e6                void use_stack<504>()
 .text._Z9use_stackILi503EEvv
                0x000026f6       0x10 main.o
                0x000026f6                void use_stack<503>()
 .text._Z9use_stackILi502EEvv
                0x00002706       0x10 main.o
                0x00002706                void use_stack<502>()
 .text._Z9use_stackILi501EEvv
                0x00002716       0x10 main.o
                0x00002716                void use_stack<501>()
 .text._Z9use_stackILi500EEvv
                0x00002726       0x10 main.o
                0x00002726                void use_stack<500>()
 .text._Z9use_stackILi499EEvv
                0x00002736       0x10 main.o
                0x00002736                void use_stack<499>()
 .text._Z9use_stackILi498EEvv
                0x00002746       0x10 main.o
                0x00002746                void use_stack<498>()
 .text._Z9use_stackILi497EEvv
                0x00002756       0x10 main.o
                0x00002756                void use_stack<497>()
 .text._Z9use_stackILi496EEvv
                0x00002766       0x10 main.o
                0x00002766                void use_stack<496>()
 .text._Z9use_stackILi495EEvv
                0x00002776       0x10 main.o
                0x00002776                void use_stack<495>()
 .text._Z9use_stackILi494EEvv
                0x00002786       0x10 main.o
                0x00002786                void use_stack<494>()
 .text._Z9use_stackILi493EEvv
                0x00002796       0x10 main.o
                0x00002796                void use_stack<493>()
 .text._Z9use_stackILi492EEvv
                0x000027a6       0x10 main.o
                0x000027a6                void use_stack<492>()
 .text._Z9use_stackILi491EEvv
                0x000027b6       0x10 main.o
                0x000027b6                void use_stack<491>()
 .text._Z9use_stackILi490EEvv
                0x000027c6       0x10 main.o
                0x000027c6                void use_stack<490>()
 .text._Z9use_stackILi489EEvv
                0x000027d6       0x10 main.o
                0x000027d6                void use_stack<489>()
 .text._Z9use_stackILi488EEvv
                0x000027e6       0x10 main.o
                0x000027e6                void use_stack<488>()
 .text._Z9use_stackILi487EEvv
                0x000027f6       0x10 main.o
                0x000027f6                void use_stack<487>()
 .text._Z9use_stackILi486EEvv
                0x00002806       0x10 main.o
                0x00002806                void use_stack<486>()
 .text._Z9use_stackILi485EEvv
                0x00002816       0x10 main.o
                0x00002816                void use_stack<485>()
 .text._Z9use_stackILi484EEvv
                0x00002826       0x10 main.o
                0x00002826                void use_stack<484>()
 .text._Z9use_stackILi483EEvv
                0x00002836       0x10 main.o
                0x00002836                void use_stack<483>()
 .text._Z9use_stackILi482EEvv
                0x00002846       0x10 main.o
                0x00002846                void use_stack<482>()
 .text._Z9use_stackILi481EEvv
                0x00002856       0x10 main.o
                0x00002856                void use_stack<481>()
 .text._Z9use_stackILi480EEvv
                0x00002866       0x10 main.o
                0x00002866                void use_stack<480>()
 .text._Z9use_stackILi479EEvv
                0x00002876       0x10 main.o
                0x00002876                void use_stack<479>()
 .text._Z9use_stackILi478EEvv
                0x00002886       0x10 main.o
                0x00002886                void use_stack<478>()
 .text._Z9use_stackILi477EEvv
                0x00002896       0x10 main.o
                0x00002896                void use_stack<477>()
 .text._Z9use_stackILi476EEvv
                0x000028a6       0x10 main.o
                0x000028a6                void use_stack<476>()
 .text._Z9use_stackILi475EEvv
                0x000028b6       0x10 main.o
                0x000028b6                void use_stack<475>()
 .text._Z9use_stackILi474EEvv
                0x000028c6       0x10 main.o
                0x000028c6                void use_stack<474>()
 .text._Z9use_stackILi473EEvv
                0x000028d6       0x10 main.o
                0x000028d6                void use_stack<473>()
 .text._Z9use_stackILi472EEvv
                0x000028e6       0x10 main.o
                0x000028e6                void use_stack<472>()
 .text._Z9use_stackILi471EEvv
                0x000028f6       0x10 main.o
                0x000028f6                void use_stack<471>()
 .text._Z9use_stackILi470EEvv
                0x00002906       0x10 main.o
                0x00002906                void use_stack<470>()
 .text._Z9use_stackILi469EEvv
                0x00002916       0x10 main.o
                0x00002916                void use_stack<469>()
 .text._Z9use_stackILi468EEvv
                0x00002926       0x10 main.o
                0x00002926                void use_stack<468>()
 .text._Z9use_stackILi467EEvv
                0x00002936       0x10 main.o
                0x00002936                void use_stack<467>()
 .text._Z9use_stackILi466EEvv
                0x00002946       0x10 main.o
                0x00002946                void use_stack<466>()
 .text._Z9use_stackILi465EEvv
                0x00002956       0x10 main.o
                0x00002956                void use_stack<465>()
 .text._Z9use_stackILi464EEvv
                0x00002966       0x10 main.o
                0x00002966                void use_stack<464>()
 .text._Z9use_stackILi463EEvv
                0x00002976       0x10 main.o
                0x00002976                void use_stack<463>()
 .text._Z9use_stackILi462EEvv
                0x00002986       0x10 main.o
                0x00002986                void use_stack<462>()
 .text._Z9use_stackILi461EEvv
                0x00002996       0x10 main.o
                0x00002996                void use_stack<461>()
 .text._Z9use_stackILi460EEvv
                0x000029a6       0x10 main.o
                0x000029a6                void use_stack<460>()
 .text._Z9use_stackILi459EEvv
                0x000029b6       0x10 main.o
                0x000029b6                void use_stack<459>()
 .text._Z9use_stackILi458EEvv
                0x000029c6       0x10 main.o
                0x000029c6                void use_stack<458>()
 .text._Z9use_stackILi457EEvv
                0x000029d6       0x10 main.o
                0x000029d6                void use_stack<457>()
 .text._Z9use_stackILi456EEvv
                0x000029e6       0x10 main.o
                0x000029e6                void use_stack<456>()
 .text._Z9use_stackILi455EEvv
                0x000029f6       0x10 main.o
                0x000029f6                void use_stack<455>()
 .text._Z9use_stackILi454EEvv
                0x00002a06       0x10 main.o
                0x00002a06                void use_stack<454>()
 .text._Z9use_stackILi453EEvv
                0x00002a16       0x10 main.o
                0x00002a16                void use_stack<453>()
 .text._Z9use_stackILi452EEvv
                0x00002a26       0x10 main.o
                0x00002a26                void use_stack<452>()
 .text._Z9use_stackILi451EEvv
                0x00002a36       0x10 main.o
                0x00002a36                void use_stack<451>()
 .text._Z9use_stackILi450EEvv
                0x00002a46       0x10 main.o
                0x00002a46                void use_stack<450>()
 .text._Z9use_stackILi449EEvv
                0x00002a56       0x10 main.o
                0x00002a56                void use_stack<449>()
 .text._Z9use_stackILi448EEvv
                0x00002a66       0x10 main.o
                0x00002a66                void use_stack<448>()
 .text._Z9use_stackILi447EEvv
                0x00002a76       0x10 main.o
                0x00002a76                void use_stack<447>()
 .text._Z9use_stackILi446EEvv
                0x00002a86       0x10 main.o
                0x00002a86                void use_stack<446>()
 .text._Z9use_stackILi445EEvv
                0x00002a96       0x10 main.o
                0x00002a96                void use_stack<445>()
 .text._Z9use_stackILi444EEvv
                0x00002aa6       0x10 main.o
                0x00002aa6                void use_stack<444>()
 .text._Z9use_stackILi443EEvv
                0x00002ab6       0x10 main.o
                0x00002ab6                void use_stack<443>()
 .text._Z9use_stackILi442EEvv
                0x00002ac6       0x10 main.o
                0x00002ac6                void use_stack<442>()
 .text._Z9use_stackILi441EEvv
                0x00002ad6       0x10 main.o
                0x00002ad6                void use_stack<441>()
 .text._Z9use_stackILi440EEvv
                0x00002ae6       0x10 main.o
                0x00002ae6                void use_stack<440>()
 .text._Z9use_stackILi439EEvv
                0x00002af6       0x10 main.o
                0x00002af6                void use_stack<439>()
 .text._Z9use_stackILi438EEvv
                0x00002b06       0x10 main.o
                0x00002b06                void use_stack<438>()
 .text._Z9use_stackILi437EEvv
                0x00002b16       0x10 main.o
                0x00002b16                void use_stack<437>()
 .text._Z9use_stackILi436EEvv
                0x00002b26       0x10 main.o
                0x00002b26                void use_stack<436>()
 .text._Z9use_stackILi435EEvv
                0x00002b36       0x10 main.o
                0x00002b36                void use_stack<435>()
 .text._Z9use_stackILi434EEvv
                0x00002b46       0x10 main.o
                0x00002b46                void use_stack<434>()
 .text._Z9use_stackILi433EEvv
                0x00002b56       0x10 main.o
                0x00002b56                void use_stack<433>()
 .text._Z9use_stackILi432EEvv
                0x00002b66       0x10 main.o
                0x00002b66                void use_stack<432>()
 .text._Z9use_stackILi431EEvv
                0x00002b76       0x10 main.o
                0x00002b76                void use_stack<431>()
 .text._Z9use_stackILi430EEvv
                0x00002b86       0x10 main.o
                0x00002b86                void use_stack<430>()
 .text._Z9use_stackILi429EEvv
                0x00002b96       0x10 main.o
                0x00002b96                void use_stack<429>()
 .text._Z9use_stackILi428EEvv
                0x00002ba6       0x10 main.o
                0x00002ba6                void use_stack<428>()
 .text._Z9use_stackILi427EEvv
                0x00002bb6       0x10 main.o
                0x00002bb6                void use_stack<427>()
 .text._Z9use_stackILi426EEvv
                0x00002bc6       0x10 main.o
                0x00002bc6                void use_stack<426>()
 .text._Z9use_stackILi425EEvv
                0x00002bd6       0x10 main.o
                0x00002bd6                void use_stack<425>()
 .text._Z9use_stackILi424EEvv
                0x00002be6       0x10 main.o
                0x00002be6                void use_stack<424>()
 .text._Z9use_stackILi423EEvv
                0x00002bf6       0x10 main.o
                0x00002bf6                void use_stack<423>()
 .text._Z9use_stackILi422EEvv
                0x00002c06       0x10 main.o
                0x00002c06                void use_stack<422>()
 .text._Z9use_stackILi421EEvv
                0x00002c16       0x10 main.o
                0x00002c16                void use_stack<421>()
 .text._Z9use_stackILi420EEvv
                0x00002c26       0x10 main.o
                0x00002c26                void use_stack<420>()
 .text._Z9use_stackILi419EEvv
                0x00002c36       0x10 main.o
                0x00002c36                void use_stack<419>()
 .text._Z9use_stackILi418EEvv
                0x00002c46       0x10 main.o
                0x00002c46                void use_stack<418>()
 .text._Z9use_stackILi417EEvv
                0x00002c56       0x10 main.o
                0x00002c56                void use_stack<417>()
 .text._Z9use_stackILi416EEvv
                0x00002c66       0x10 main.o
                0x00002c66                void use_stack<416>()
 .text._Z9use_stackILi415EEvv
                0x00002c76       0x10 main.o
                0x00002c76                void use_stack<415>()
 .text._Z9use_stackILi414EEvv
                0x00002c86       0x10 main.o
                0x00002c86                void use_stack<414>()
 .text._Z9use_stackILi413EEvv
                0x00002c96       0x10 main.o
                0x00002c96                void use_stack<413>()
 .text._Z9use_stackILi412EEvv
                0x00002ca6       0x10 main.o
                0x00002ca6                void use_stack<412>()
 .text._Z9use_stackILi411EEvv
                0x00002cb6       0x10 main.o
                0x00002cb6                void use_stack<411>()
 .text._Z9use_stackILi410EEvv
                0x00002cc6       0x10 main.o
                0x00002cc6                void use_stack<410>()
 .text._Z9use_stackILi409EEvv
                0x00002cd6       0x10 main.o
                0x00002cd6                void use_stack<409>()
 .text._Z9use_stackILi408EEvv
                0x00002ce6       0x10 main.o
                0x00002ce6                void use_stack<408>()
 .text._Z9use_stackILi407EEvv
                0x00002cf6       0x10 main.o
                0x00002cf6                void use_stack<407>()
 .text._Z9use_stackILi406EEvv
                0x00002d06       0x10 main.o
                0x00002d06                void use_stack<406>()
 .text._Z9use_stackILi405EEvv
                0x00002d16       0x10 main.o
                0x00002d16                void use_stack<405>()
 .text._Z9use_stackILi404EEvv
                0x00002d26       0x10 main.o
                0x00002d26                void use_stack<404>()
 .text._Z9use_stackILi403EEvv
                0x00002d36       0x10 main.o
                0x00002d36                void use_stack<403>()
 .text._Z9use_stackILi402EEvv
                0x00002d46       0x10 main.o
                0x00002d46                void use_stack<402>()
 .text._Z9use_stackILi401EEvv
                0x00002d56       0x10 main.o
                0x00002d56                void use_stack<401>()
 .text._Z9use_stackILi400EEvv
                0x00002d66       0x10 main.o
                0x00002d66                void use_stack<400>()
 .text._Z9use_stackILi399EEvv
                0x00002d76       0x10 main.o
                0x00002d76                void use_stack<399>()
 .text._Z9use_stackILi398EEvv
                0x00002d86       0x10 main.o
                0x00002d86                void use_stack<398>()
 .text._Z9use_stackILi397EEvv
                0x00002d96       0x10 main.o
                0x00002d96                void use_stack<397>()
 .text._Z9use_stackILi396EEvv
                0x00002da6       0x10 main.o
                0x00002da6                void use_stack<396>()
 .text._Z9use_stackILi395EEvv
                0x00002db6       0x10 main.o
                0x00002db6                void use_stack<395>()
 .text._Z9use_stackILi394EEvv
                0x00002dc6       0x10 main.o
                0x00002dc6                void use_stack<394>()
 .text._Z9use_stackILi393EEvv
                0x00002dd6       0x10 main.o
                0x00002dd6                void use_stack<393>()
 .text._Z9use_stackILi392EEvv
                0x00002de6       0x10 main.o
                0x00002de6                void use_stack<392>()
 .text._Z9use_stackILi391EEvv
                0x00002df6       0x10 main.o
                0x00002df6                void use_stack<391>()
 .text._Z9use_stackILi390EEvv
                0x00002e06       0x10 main.o
                0x00002e06                void use_stack<390>()
 .text._Z9use_stackILi389EEvv
                0x00002e16       0x10 main.o
                0x00002e16                void use_stack<389>()
 .text._Z9use_stackILi388EEvv
                0x00002e26       0x10 main.o
                0x00002e26                void use_stack<388>()
 .text._Z9use_stackILi387EEvv
                0x00002e36       0x10 main.o
                0x00002e36                void use_stack<387>()
 .text._Z9use_stackILi386EEvv
                0x00002e46       0x10 main.o
                0x00002e46                void use_stack<386>()
 .text._Z9use_stackILi385EEvv
                0x00002e56       0x10 main.o
                0x00002e56                void use_stack<385>()
 .text._Z9use_stackILi384EEvv
                0x00002e66       0x10 main.o
                0x00002e66                void use_stack<384>()
 .text._Z9use_stackILi383EEvv
                0x00002e76       0x10 main.o
                0x00002e76                void use_stack<383>()
 .text._Z9use_stackILi382EEvv
                0x00002e86       0x10 main.o
                0x00002e86                void use_stack<382>()
 .text._Z9use_stackILi381EEvv
                0x00002e96       0x10 main.o
                0x00002e96                void use_stack<381>()
 .text._Z9use_stackILi380EEvv
                0x00002ea6       0x10 main.o
                0x00002ea6                void use_stack<380>()
 .text._Z9use_stackILi379EEvv
                0x00002eb6       0x10 main.o
                0x00002eb6                void use_stack<379>()
 .text._Z9use_stackILi378EEvv
                0x00002ec6       0x10 main.o
                0x00002ec6                void use_stack<378>()
 .text._Z9use_stackILi377EEvv
                0x00002ed6       0x10 main.o
                0x00002ed6                void use_stack<377>()
 .text._Z9use_stackILi376EEvv
                0x00002ee6       0x10 main.o
                0x00002ee6                void use_stack<376>()
 .text._Z9use_stackILi375EEvv
                0x00002ef6       0x10 main.o
                0x00002ef6                void use_stack<375>()
 .text._Z9use_stackILi374EEvv
                0x00002f06       0x10 main.o
                0x00002f06                void use_stack<374>()
 .text._Z9use_stackILi373EEvv
                0x00002f16       0x10 main.o
                0x00002f16                void use_stack<373>()
 .text._Z9use_stackILi372EEvv
                0x00002f26       0x10 main.o
                0x00002f26                void use_stack<372>()
 .text._Z9use_stackILi371EEvv
                0x00002f36       0x10 main.o
                0x00002f36                void use_stack<371>()
 .text._Z9use_stackILi370EEvv
                0x00002f46       0x10 main.o
                0x00002f46                void use_stack<370>()
 .text._Z9use_stackILi369EEvv
                0x00002f56       0x10 main.o
                0x00002f56                void use_stack<369>()
 .text._Z9use_stackILi368EEvv
                0x00002f66       0x10 main.o
                0x00002f66                void use_stack<368>()
 .text._Z9use_stackILi367EEvv
                0x00002f76       0x10 main.o
                0x00002f76                void use_stack<367>()
 .text._Z9use_stackILi366EEvv
                0x00002f86       0x10 main.o
                0x00002f86                void use_stack<366>()
 .text._Z9use_stackILi365EEvv
                0x00002f96       0x10 main.o
                0x00002f96                void use_stack<365>()
 .text._Z9use_stackILi364EEvv
                0x00002fa6       0x10 main.o
                0x00002fa6                void use_stack<364>()
 .text._Z9use_stackILi363EEvv
                0x00002fb6       0x10 main.o
                0x00002fb6                void use_stack<363>()
 .text._Z9use_stackILi362EEvv
                0x00002fc6       0x10 main.o
                0x00002fc6                void use_stack<362>()
 .text._Z9use_stackILi361EEvv
                0x00002fd6       0x10 main.o
                0x00002fd6                void use_stack<361>()
 .text._Z9use_stackILi360EEvv
                0x00002fe6       0x10 main.o
                0x00002fe6                void use_stack<360>()
 .text._Z9use_stackILi359EEvv
                0x00002ff6       0x10 main.o
                0x00002ff6                void use_stack<359>()
 .text._Z9use_stackILi358EEvv
                0x00003006       0x10 main.o
                0x00003006                void use_stack<358>()
 .text._Z9use_stackILi357EEvv
                0x00003016       0x10 main.o
                0x00003016                void use_stack<357>()
 .text._Z9use_stackILi356EEvv
                0x00003026       0x10 main.o
                0x00003026                void use_stack<356>()
 .text._Z9use_stackILi355EEvv
                0x00003036       0x10 main.o
                0x00003036                void use_stack<355>()
 .text._Z9use_stackILi354EEvv
                0x00003046       0x10 main.o
                0x00003046                void use_stack<354>()
 .text._Z9use_stackILi353EEvv
                0x00003056       0x10 main.o
                0x00003056                void use_stack<353>()
 .text._Z9use_stackILi352EEvv
                0x00003066       0x10 main.o
                0x00003066                void use_stack<352>()
 .text._Z9use_stackILi351EEvv
                0x00003076       0x10 main.o
                0x00003076                void use_stack<351>()
 .text._Z9use_stackILi350EEvv
                0x00003086       0x10 main.o
                0x00003086                void use_stack<350>()
 .text._Z9use_stackILi349EEvv
                0x00003096       0x10 main.o
                0x00003096                void use_stack<349>()
 .text._Z9use_stackILi348EEvv
                0x000030a6       0x10 main.o
                0x000030a6                void use_stack<348>()
 .text._Z9use_stackILi347EEvv
                0x000030b6       0x10 main.o
                0x000030b6                void use_stack<347>()
 .text._Z9use_stackILi346EEvv
                0x000030c6       0x10 main.o
                0x000030c6                void use_stack<346>()
 .text._Z9use_stackILi345EEvv
                0x000030d6       0x10 main.o
                0x000030d6                void use_stack<345>()
 .text._Z9use_stackILi344EEvv
                0x000030e6       0x10 main.o
                0x000030e6                void use_stack<344>()
 .text._Z9use_stackILi343EEvv
                0x000030f6       0x10 main.o
                0x000030f6                void use_stack<343>()
 .text._Z9use_stackILi342EEvv
                0x00003106       0x10 main.o
                0x00003106                void use_stack<342>()
 .text._Z9use_stackILi341EEvv
                0x00003116       0x10 main.o
                0x00003116                void use_stack<341>()
 .text._Z9use_stackILi340EEvv
                0x00003126       0x10 main.o
                0x00003126                void use_stack<340>()
 .text._Z9use_stackILi339EEvv
                0x00003136       0x10 main.o
                0x00003136                void use_stack<339>()
 .text._Z9use_stackILi338EEvv
                0x00003146       0x10 main.o
                0x00003146                void use_stack<338>()
 .text._Z9use_stackILi337EEvv
                0x00003156       0x10 main.o
                0x00003156                void use_stack<337>()
 .text._Z9use_stackILi336EEvv